Archive member included to satisfy reference by file (symbol)

C:\Users\Austina\Documents\PSoC Creator\4.2\Downloads ( 4.2).cylib\CapSense_v3_0\Library\CapSense_Library_GCC_M4.a(CapSense_SmartSense_LL.o)
                              .\CortexM4\ARM_GCC_541\Debug\CapSense_Sensing.o (SmartSense_TunePrescalers)
C:\Users\Austina\Documents\PSoC Creator\4.2\Downloads ( 4.2).cylib\CapSense_v3_0\Library\CapSense_Library_GCC_M4.a(CapSense_SmartSense_SL.o)
                              .\CortexM4\ARM_GCC_541\Debug\CapSense_Processing.o (SmartSense_UpdateThresholds)
Generated_Source\PSoC6\pdl\middleware\ble\lib\cy_ble_stack_gcc_host_ipc_cm4.a(CyBleStackMgrIP_Interface.o)
                              .\CortexM4\ARM_GCC_541\Debug\cy_ble.o (Cy_BLE_EnablePrivacyFeature)
Generated_Source\PSoC6\pdl\middleware\ble\lib\cy_ble_stack_gcc_host_ipc_cm4.a(BT_os.o)
                              Generated_Source\PSoC6\pdl\middleware\ble\lib\cy_ble_stack_gcc_host_ipc_cm4.a(CyBleStackMgrIP_Interface.o) (cyBleStackMemoryConfig)
Generated_Source\PSoC6\pdl\middleware\ble\lib\cy_ble_stack_gcc_host_ipc_cm4.a(CyBleStackMgr_StackTaskHandler.o)
                              Generated_Source\PSoC6\pdl\middleware\ble\lib\cy_ble_stack_gcc_host_ipc_cm4.a(CyBleStackMgrIP_Interface.o) (CyBle_CreateBleStackTask)
Generated_Source\PSoC6\pdl\middleware\ble\lib\cy_ble_stack_gcc_host_ipc_cm4.a(storage_pl.o)
                              Generated_Source\PSoC6\pdl\middleware\ble\lib\cy_ble_stack_gcc_host_ipc_cm4.a(CyBleStackMgrIP_Interface.o) (storage_manager_init)
Generated_Source\PSoC6\pdl\middleware\ble\lib\cy_ble_stack_gcc_host_ipc_cm4.a(mint_os.o)
                              Generated_Source\PSoC6\pdl\middleware\ble\lib\cy_ble_stack_gcc_host_ipc_cm4.a(CyBleStackMgrIP_Interface.o) (OS_init)
Generated_Source\PSoC6\pdl\middleware\ble\lib\cy_ble_stack_gcc_host_ipc_cm4.a(mint_os_queue.o)
                              Generated_Source\PSoC6\pdl\middleware\ble\lib\cy_ble_stack_gcc_host_ipc_cm4.a(mint_os.o) (OS_TOTAL_QUEUES)
Generated_Source\PSoC6\pdl\middleware\ble\lib\cy_ble_stack_gcc_host_ipc_cm4.a(mint_os_task.o)
                              Generated_Source\PSoC6\pdl\middleware\ble\lib\cy_ble_stack_gcc_host_ipc_cm4.a(mint_os.o) (idle_func_handler)
Generated_Source\PSoC6\pdl\middleware\ble\lib\cy_ble_stack_gcc_host_ipc_cm4.a(mint_buf_mgmt.o)
                              Generated_Source\PSoC6\pdl\middleware\ble\lib\cy_ble_stack_gcc_host_ipc_cm4.a(BT_os.o) (mint_buf_mgmt_allocate_buffer)
Generated_Source\PSoC6\pdl\middleware\ble\lib\cy_ble_stack_gcc_host_ipc_cm4.a(transport_ipc.o)
                              Generated_Source\PSoC6\pdl\middleware\ble\lib\cy_ble_stack_gcc_host_ipc_cm4.a(CyBleStackMgr_StackTaskHandler.o) (CyBleHost_HciIpcFreePktBuffer)
Generated_Source\PSoC6\pdl\middleware\ble\lib\cy_ble_stack_gcc_host_ipc_cm4.a(CyBleStackMgr_PSoCIPCHal.o)
                              Generated_Source\PSoC6\pdl\middleware\ble\lib\cy_ble_stack_gcc_host_ipc_cm4.a(transport_ipc.o) (CyBleHost_IPC_HAL_InitWithStaticMem)
Generated_Source\PSoC6\pdl\middleware\ble\lib\cy_ble_stack_gcc_host_ipc_cm4.a(host_main.o)
                              Generated_Source\PSoC6\pdl\middleware\ble\lib\cy_ble_stack_gcc_host_ipc_cm4.a(CyBleStackMgrIP_Interface.o) (CyBle_HostInit)
Generated_Source\PSoC6\pdl\middleware\ble\lib\cy_ble_stack_gcc_host_ipc_cm4.a(att_api.o)
                              Generated_Source\PSoC6\pdl\middleware\ble\lib\cy_ble_stack_gcc_host_ipc_cm4.a(host_main.o) (BT_att_register)
Generated_Source\PSoC6\pdl\middleware\ble\lib\cy_ble_stack_gcc_host_ipc_cm4.a(att_init.o)
                              Generated_Source\PSoC6\pdl\middleware\ble\lib\cy_ble_stack_gcc_host_ipc_cm4.a(att_api.o) (att_connections)
Generated_Source\PSoC6\pdl\middleware\ble\lib\cy_ble_stack_gcc_host_ipc_cm4.a(att_internal.o)
                              Generated_Source\PSoC6\pdl\middleware\ble\lib\cy_ble_stack_gcc_host_ipc_cm4.a(att_api.o) (att_get_fsm_event)
Generated_Source\PSoC6\pdl\middleware\ble\lib\cy_ble_stack_gcc_host_ipc_cm4.a(BT_common.o)
                              Generated_Source\PSoC6\pdl\middleware\ble\lib\cy_ble_stack_gcc_host_ipc_cm4.a(host_main.o) (BT_bluetooth_off)
Generated_Source\PSoC6\pdl\middleware\ble\lib\cy_ble_stack_gcc_host_ipc_cm4.a(device_queue.o)
                              Generated_Source\PSoC6\pdl\middleware\ble\lib\cy_ble_stack_gcc_host_ipc_cm4.a(host_main.o) (CyBle_DeviceQueueHeapDeInit)
Generated_Source\PSoC6\pdl\middleware\ble\lib\cy_ble_stack_gcc_host_ipc_cm4.a(l2cap.o)
                              Generated_Source\PSoC6\pdl\middleware\ble\lib\cy_ble_stack_gcc_host_ipc_cm4.a(host_main.o) (CyBle_L2capCB)
Generated_Source\PSoC6\pdl\middleware\ble\lib\cy_ble_stack_gcc_host_ipc_cm4.a(l2cap_disconnect.o)
                              Generated_Source\PSoC6\pdl\middleware\ble\lib\cy_ble_stack_gcc_host_ipc_cm4.a(l2cap.o) (l2ca_disconnect_req)
Generated_Source\PSoC6\pdl\middleware\ble\lib\cy_ble_stack_gcc_host_ipc_cm4.a(l2cap_init.o)
[...]
Memory Configuration

Name             Origin             Length             Attributes
ram              0x08024000         0x00023800         xrw
flash            0x10080000         0x00080000         xr
em_eeprom        0x14000000         0x00008000         xr
sflash_user_data 0x16000800         0x00000800         xr
sflash_nar       0x16001a00         0x00000200         xr
sflash_public_key 0x16005a00         0x00000c00         xr
sflash_toc_2     0x16007c00         0x00000200         xr
sflash_rtoc_2    0x16007e00         0x00000200         xr
xip              0x18000000         0x08000000         xr
efuse            0x90700000         0x00100000         r
*default*        0x00000000         0xffffffff

Linker script and memory map

LOAD c:/program files (x86)/cypress/psoc creator/4.4/psoc creator/import/gnu/arm/5.4.1/bin/../lib/gcc/arm-none-eabi/5.4.1/armv7e-m/softfp/crti.o
LOAD c:/program files (x86)/cypress/psoc creator/4.4/psoc creator/import/gnu/arm/5.4.1/bin/../lib/gcc/arm-none-eabi/5.4.1/armv7e-m/softfp/crtbegin.o
LOAD c:/program files (x86)/cypress/psoc creator/4.4/psoc creator/import/gnu/arm/5.4.1/bin/../lib/gcc/arm-none-eabi/5.4.1/../../../../arm-none-eabi/lib/armv7e-m/softfp/crt0.o
START GROUP
LOAD Generated_Source\PSoC6\pdl\middleware\ble\lib\cy_ble_stack_gcc_host_ipc_cm4.a
LOAD .\CortexM4\ARM_GCC_541\Debug\startup_psoc6_01_cm4.o
LOAD .\CortexM4\ARM_GCC_541\Debug\main_cm4.o
LOAD .\CortexM4\ARM_GCC_541\Debug\ble_task.o
LOAD .\CortexM4\ARM_GCC_541\Debug\uart_task.o
LOAD .\CortexM4\ARM_GCC_541\Debug\capsense_task.o
LOAD .\CortexM4\ARM_GCC_541\Debug\motion_task.o
LOAD .\CortexM4\ARM_GCC_541\Debug\system_psoc6_cm4.o
LOAD .\CortexM4\ARM_GCC_541\Debug\bmi160.o
LOAD .\CortexM4\ARM_GCC_541\Debug\stdio_user.o
LOAD .\CortexM4\ARM_GCC_541\Debug\cyfitter_sysint_cfg.o
LOAD .\CortexM4\ARM_GCC_541\Debug\cymetadata.o
LOAD .\CortexM4\ARM_GCC_541\Debug\BLE.o
LOAD .\CortexM4\ARM_GCC_541\Debug\BLE_config.o
LOAD .\CortexM4\ARM_GCC_541\Debug\BLE_custom_config.o
LOAD .\CortexM4\ARM_GCC_541\Debug\cy_efuse.o
LOAD .\CortexM4\ARM_GCC_541\Debug\cy_flash.o
LOAD .\CortexM4\ARM_GCC_541\Debug\cy_gpio.o
LOAD .\CortexM4\ARM_GCC_541\Debug\cy_ipc_drv.o
LOAD .\CortexM4\ARM_GCC_541\Debug\cy_ipc_sema.o
LOAD .\CortexM4\ARM_GCC_541\Debug\cy_ipc_pipe.o
LOAD .\CortexM4\ARM_GCC_541\Debug\cy_lvd.o
LOAD .\CortexM4\ARM_GCC_541\Debug\cy_profile.o
LOAD .\CortexM4\ARM_GCC_541\Debug\cy_prot.o
LOAD .\CortexM4\ARM_GCC_541\Debug\cy_scb_common.o
LOAD .\CortexM4\ARM_GCC_541\Debug\cy_scb_i2c.o
LOAD .\CortexM4\ARM_GCC_541\Debug\cy_scb_ezi2c.o
LOAD .\CortexM4\ARM_GCC_541\Debug\cy_scb_spi.o
LOAD .\CortexM4\ARM_GCC_541\Debug\cy_scb_uart.o
LOAD .\CortexM4\ARM_GCC_541\Debug\cy_sysanalog.o
LOAD .\CortexM4\ARM_GCC_541\Debug\cy_sysclk.o
LOAD .\CortexM4\ARM_GCC_541\Debug\cy_sysint.o
LOAD .\CortexM4\ARM_GCC_541\Debug\cy_syslib.o
LOAD .\CortexM4\ARM_GCC_541\Debug\cy_syslib_gcc.o
LOAD .\CortexM4\ARM_GCC_541\Debug\cy_syspm.o
LOAD .\CortexM4\ARM_GCC_541\Debug\cy_systick.o
LOAD .\CortexM4\ARM_GCC_541\Debug\cy_trigmux.o
LOAD .\CortexM4\ARM_GCC_541\Debug\cy_wdt.o
LOAD .\CortexM4\ARM_GCC_541\Debug\cy_device.o
LOAD .\CortexM4\ARM_GCC_541\Debug\cy_ble.o
LOAD .\CortexM4\ARM_GCC_541\Debug\cy_ble_hal_int.o
LOAD .\CortexM4\ARM_GCC_541\Debug\cy_ble_hal_pvt.o
LOAD .\CortexM4\ARM_GCC_541\Debug\cy_ble_gap.o
LOAD .\CortexM4\ARM_GCC_541\Debug\cy_ble_gatt.o
LOAD .\CortexM4\ARM_GCC_541\Debug\cy_ble_event_handler.o
LOAD .\CortexM4\ARM_GCC_541\Debug\cy_ble_ancs.o
LOAD .\CortexM4\ARM_GCC_541\Debug\cy_ble_ans.o
LOAD .\CortexM4\ARM_GCC_541\Debug\cy_ble_aios.o
LOAD .\CortexM4\ARM_GCC_541\Debug\cy_ble_bas.o
LOAD .\CortexM4\ARM_GCC_541\Debug\cy_ble_bcs.o
LOAD .\CortexM4\ARM_GCC_541\Debug\cy_ble_bls.o
LOAD .\CortexM4\ARM_GCC_541\Debug\cy_ble_bms.o
LOAD .\CortexM4\ARM_GCC_541\Debug\cy_ble_bts.o
LOAD .\CortexM4\ARM_GCC_541\Debug\cy_ble_cgms.o
LOAD .\CortexM4\ARM_GCC_541\Debug\cy_ble_cps.o
LOAD .\CortexM4\ARM_GCC_541\Debug\cy_ble_cscs.o
LOAD .\CortexM4\ARM_GCC_541\Debug\cy_ble_cts.o
LOAD .\CortexM4\ARM_GCC_541\Debug\cy_ble_custom.o
LOAD .\CortexM4\ARM_GCC_541\Debug\cy_ble_dis.o
LOAD .\CortexM4\ARM_GCC_541\Debug\cy_ble_ess.o
LOAD .\CortexM4\ARM_GCC_541\Debug\cy_ble_gls.o
LOAD .\CortexM4\ARM_GCC_541\Debug\cy_ble_hids.o
LOAD .\CortexM4\ARM_GCC_541\Debug\cy_ble_hps.o
LOAD .\CortexM4\ARM_GCC_541\Debug\cy_ble_hrs.o
LOAD .\CortexM4\ARM_GCC_541\Debug\cy_ble_hts.o
LOAD .\CortexM4\ARM_GCC_541\Debug\cy_ble_ias.o
LOAD .\CortexM4\ARM_GCC_541\Debug\cy_ble_ips.o
LOAD .\CortexM4\ARM_GCC_541\Debug\cy_ble_lls.o
LOAD .\CortexM4\ARM_GCC_541\Debug\cy_ble_lns.o
LOAD .\CortexM4\ARM_GCC_541\Debug\cy_ble_ndcs.o
LOAD .\CortexM4\ARM_GCC_541\Debug\cy_ble_plxs.o
LOAD .\CortexM4\ARM_GCC_541\Debug\cy_ble_pass.o
LOAD .\CortexM4\ARM_GCC_541\Debug\cy_ble_rscs.o
LOAD .\CortexM4\ARM_GCC_541\Debug\cy_ble_rtus.o
LOAD .\CortexM4\ARM_GCC_541\Debug\cy_ble_scps.o
LOAD .\CortexM4\ARM_GCC_541\Debug\cy_ble_tps.o
LOAD .\CortexM4\ARM_GCC_541\Debug\cy_ble_uds.o
LOAD .\CortexM4\ARM_GCC_541\Debug\cy_ble_wpts.o
LOAD .\CortexM4\ARM_GCC_541\Debug\cy_ble_wss.o
LOAD .\CortexM4\ARM_GCC_541\Debug\cy_ble_clk.o
LOAD .\CortexM4\ARM_GCC_541\Debug\croutine.o
LOAD .\CortexM4\ARM_GCC_541\Debug\event_groups.o
LOAD .\CortexM4\ARM_GCC_541\Debug\list.o
LOAD .\CortexM4\ARM_GCC_541\Debug\queue.o
LOAD .\CortexM4\ARM_GCC_541\Debug\tasks.o
LOAD .\CortexM4\ARM_GCC_541\Debug\timers.o
LOAD .\CortexM4\ARM_GCC_541\Debug\stream_buffer.o
LOAD .\CortexM4\ARM_GCC_541\Debug\port.o
LOAD .\CortexM4\ARM_GCC_541\Debug\heap_4.o
LOAD .\CortexM4\ARM_GCC_541\Debug\retarget.o
LOAD .\CortexM4\ARM_GCC_541\Debug\UART.o
LOAD .\CortexM4\ARM_GCC_541\Debug\CapSense_Control.o
LOAD .\CortexM4\ARM_GCC_541\Debug\CapSense_Processing.o
LOAD .\CortexM4\ARM_GCC_541\Debug\CapSense_Structure.o
LOAD .\CortexM4\ARM_GCC_541\Debug\CapSense_Tuner.o
LOAD .\CortexM4\ARM_GCC_541\Debug\CapSense_Filter.o
LOAD .\CortexM4\ARM_GCC_541\Debug\CapSense_Sensing.o
LOAD .\CortexM4\ARM_GCC_541\Debug\CapSense_INT.o
LOAD .\CortexM4\ARM_GCC_541\Debug\CapSense_SensingCSD_LL.o
LOAD .\CortexM4\ARM_GCC_541\Debug\CapSense_SensingCSX_LL.o
LOAD .\CortexM4\ARM_GCC_541\Debug\CapSense_Centroid_LL.o
LOAD .\CortexM4\ARM_GCC_541\Debug\I2C_1.o
LOAD C:\Users\Austina\Documents\PSoC Creator\4.2\Downloads ( 4.2).cylib\CapSense_v3_0\Library\CapSense_Library_GCC_M4.a
END GROUP
START GROUP
LOAD c:/program files (x86)/cypress/psoc creator/4.4/psoc creator/import/gnu/arm/5.4.1/bin/../lib/gcc/arm-none-eabi/5.4.1/armv7e-m/softfp\libgcc.a
LOAD c:/program files (x86)/cypress/psoc creator/4.4/psoc creator/import/gnu/arm/5.4.1/bin/../lib/gcc/arm-none-eabi/5.4.1/../../../../arm-none-eabi/lib/armv7e-m/softfp\libg_nano.a
LOAD c:/program files (x86)/cypress/psoc creator/4.4/psoc creator/import/gnu/arm/5.4.1/bin/../lib/gcc/arm-none-eabi/5.4.1/../../../../arm-none-eabi/lib/armv7e-m/softfp\libc_nano.a
END GROUP
START GROUP
LOAD c:/program files (x86)/cypress/psoc creator/4.4/psoc creator/import/gnu/arm/5.4.1/bin/../lib/gcc/arm-none-eabi/5.4.1/armv7e-m/softfp\libgcc.a
LOAD c:/program files (x86)/cypress/psoc creator/4.4/psoc creator/import/gnu/arm/5.4.1/bin/../lib/gcc/arm-none-eabi/5.4.1/../../../../arm-none-eabi/lib/armv7e-m/softfp\libc_nano.a
END GROUP
LOAD c:/program files (x86)/cypress/psoc creator/4.4/psoc creator/import/gnu/arm/5.4.1/bin/../lib/gcc/arm-none-eabi/5.4.1/armv7e-m/softfp/crtend.o
LOAD c:/program files (x86)/cypress/psoc creator/4.4/psoc creator/import/gnu/arm/5.4.1/bin/../lib/gcc/arm-none-eabi/5.4.1/armv7e-m/softfp/crtn.o
START GROUP
LOAD c:/program files (x86)/cypress/psoc creator/4.4/psoc creator/import/gnu/arm/5.4.1/bin/../lib/gcc/arm-none-eabi/5.4.1/armv7e-m/softfp\libgcc.a
LOAD c:/program files (x86)/cypress/psoc creator/4.4/psoc creator/import/gnu/arm/5.4.1/bin/../lib/gcc/arm-none-eabi/5.4.1/../../../../arm-none-eabi/lib/armv7e-m/softfp\libc.a
LOAD c:/program files (x86)/cypress/psoc creator/4.4/psoc creator/import/gnu/arm/5.4.1/bin/../lib/gcc/arm-none-eabi/5.4.1/../../../../arm-none-eabi/lib/armv7e-m/softfp\libnosys.a
END GROUP
START GROUP
LOAD c:/program files (x86)/cypress/psoc creator/4.4/psoc creator/import/gnu/arm/5.4.1/bin/../lib/gcc/arm-none-eabi/5.4.1/armv7e-m/softfp\libgcc.a
LOAD c:/program files (x86)/cypress/psoc creator/4.4/psoc creator/import/gnu/arm/5.4.1/bin/../lib/gcc/arm-none-eabi/5.4.1/../../../../arm-none-eabi/lib/armv7e-m/softfp\libc.a
LOAD c:/program files (x86)/cypress/psoc creator/4.4/psoc creator/import/gnu/arm/5.4.1/bin/../lib/gcc/arm-none-eabi/5.4.1/../../../../arm-none-eabi/lib/armv7e-m/softfp\libm.a
LOAD c:/program files (x86)/cypress/psoc creator/4.4/psoc creator/import/gnu/arm/5.4.1/bin/../lib/gcc/arm-none-eabi/5.4.1/../../../../arm-none-eabi/lib/armv7e-m/softfp\libnosys.a
END GROUP

.text           0x10080000     0xfe10
                0x10080000                . = ALIGN (0x4)
                0x10080000                __Vectors = .
 *(.vectors)
 .vectors       0x10080000      0x28c .\CortexM4\ARM_GCC_541\Debug\startup_psoc6_01_cm4.o
                0x1008028c                . = ALIGN (0x4)
                0x1008028c                __Vectors_End = .
                0x0000028c                __Vectors_Size = (__Vectors_End - __Vectors)
                0x1008028c                __end__ = .
                0x1008028c                . = ALIGN (0x4)
 *(.text*)
 .text          0x1008028c       0x5c c:/program files (x86)/cypress/psoc creator/4.4/psoc creator/import/gnu/arm/5.4.1/bin/../lib/gcc/arm-none-eabi/5.4.1/armv7e-m/softfp/crtbegin.o
 .text          0x100802e8       0x84 .\CortexM4\ARM_GCC_541\Debug\startup_psoc6_01_cm4.o
                0x100802e8                Cy_OnResetUser
                0x100802ea                Reset_Handler
                0x1008034c                cpuss_interrupts_ipc_6_IRQHandler
                0x1008034c                DebugMon_Handler
                0x1008034c                tcpwm_1_interrupts_11_IRQHandler
                0x1008034c                cpuss_interrupts_ipc_0_IRQHandler
                0x1008034c                tcpwm_1_interrupts_15_IRQHandler
                0x1008034c                ioss_interrupts_gpio_13_IRQHandler
                0x1008034c                tcpwm_1_interrupts_13_IRQHandler
                0x1008034c                cpuss_interrupts_dw1_8_IRQHandler
                0x1008034c                tcpwm_0_interrupts_0_IRQHandler
                0x1008034c                cpuss_interrupt_fm_IRQHandler
                0x1008034c                cpuss_interrupts_ipc_7_IRQHandler
                0x1008034c                tcpwm_1_interrupts_14_IRQHandler
                0x1008034c                cpuss_interrupts_dw0_5_IRQHandler
                0x1008034c                tcpwm_1_interrupts_9_IRQHandler
                0x1008034c                cpuss_interrupts_cm0_cti_1_IRQHandler
                0x1008034c                tcpwm_1_interrupts_22_IRQHandler
                0x1008034c                cpuss_interrupts_dw0_4_IRQHandler
                0x1008034c                NMI_Handler
                0x1008034c                cpuss_interrupts_dw1_12_IRQHandler
                0x1008034c                tcpwm_1_interrupts_12_IRQHandler
                0x1008034c                smif_interrupt_IRQHandler
                0x1008034c                tcpwm_1_interrupts_2_IRQHandler
                0x1008034c                cpuss_interrupts_ipc_13_IRQHandler
                0x1008034c                udb_interrupts_11_IRQHandler
                0x1008034c                tcpwm_1_interrupts_18_IRQHandler
                0x1008034c                cpuss_interrupts_dw0_11_IRQHandler
                0x1008034c                tcpwm_0_interrupts_2_IRQHandler
                0x1008034c                cpuss_interrupts_dw0_13_IRQHandler
                0x1008034c                udb_interrupts_2_IRQHandler
                0x1008034c                cpuss_interrupts_dw1_7_IRQHandler
                0x1008034c                ioss_interrupts_gpio_1_IRQHandler
                0x1008034c                ioss_interrupts_gpio_7_IRQHandler
                0x1008034c                scb_5_interrupt_IRQHandler
                0x1008034c                udb_interrupts_6_IRQHandler
                0x1008034c                cpuss_interrupts_fault_1_IRQHandler
                0x1008034c                cpuss_interrupts_ipc_4_IRQHandler
                0x1008034c                cpuss_interrupts_ipc_5_IRQHandler
                0x1008034c                cpuss_interrupts_dw1_10_IRQHandler
                0x1008034c                udb_interrupts_0_IRQHandler
                0x1008034c                tcpwm_1_interrupts_6_IRQHandler
                0x1008034c                scb_4_interrupt_IRQHandler
                0x1008034c                pass_interrupt_dacs_IRQHandler
                0x1008034c                ioss_interrupts_gpio_2_IRQHandler
                0x1008034c                cpuss_interrupts_dw1_9_IRQHandler
                0x1008034c                cpuss_interrupts_dw1_13_IRQHandler
                0x1008034c                scb_2_interrupt_IRQHandler
                0x1008034c                cpuss_interrupts_cm0_cti_0_IRQHandler
                0x1008034c                udb_interrupts_5_IRQHandler
                0x1008034c                srss_interrupt_IRQHandler
                0x1008034c                udb_interrupts_12_IRQHandler
                0x1008034c                scb_0_interrupt_IRQHandler
                0x1008034c                csd_interrupt_IRQHandler
                0x1008034c                udb_interrupts_1_IRQHandler
                0x1008034c                profile_interrupt_IRQHandler
                0x1008034c                tcpwm_1_interrupts_1_IRQHandler
                0x1008034c                cpuss_interrupts_ipc_12_IRQHandler
                0x1008034c                tcpwm_1_interrupts_3_IRQHandler
                0x1008034c                tcpwm_0_interrupts_7_IRQHandler
                0x1008034c                cpuss_interrupts_dw1_1_IRQHandler
                0x1008034c                cpuss_interrupts_dw1_0_IRQHandler
                0x1008034c                cpuss_interrupts_dw0_9_IRQHandler
                0x1008034c                lpcomp_interrupt_IRQHandler
                0x1008034c                tcpwm_1_interrupts_23_IRQHandler
                0x1008034c                udb_interrupts_4_IRQHandler
                0x1008034c                tcpwm_1_interrupts_20_IRQHandler
                0x1008034c                ioss_interrupt_gpio_IRQHandler
                0x1008034c                tcpwm_0_interrupts_1_IRQHandler
                0x1008034c                ioss_interrupts_gpio_8_IRQHandler
                0x1008034c                tcpwm_0_interrupts_6_IRQHandler
                0x1008034c                scb_7_interrupt_IRQHandler
                0x1008034c                tcpwm_1_interrupts_7_IRQHandler
                0x1008034c                cpuss_interrupts_ipc_11_IRQHandler
                0x1008034c                udb_interrupts_13_IRQHandler
                0x1008034c                cpuss_interrupts_dw0_15_IRQHandler
                0x1008034c                udb_interrupts_7_IRQHandler
                0x1008034c                cpuss_interrupts_dw1_6_IRQHandler
                0x1008034c                cpuss_interrupt_crypto_IRQHandler
                0x1008034c                scb_1_interrupt_IRQHandler
                0x1008034c                Default_Handler
                0x1008034c                usb_interrupt_hi_IRQHandler
                0x1008034c                tcpwm_1_interrupts_0_IRQHandler
                0x1008034c                udb_interrupts_9_IRQHandler
                0x1008034c                audioss_interrupt_pdm_IRQHandler
                0x1008034c                srss_interrupt_mcwdt_0_IRQHandler
                0x1008034c                scb_3_interrupt_IRQHandler
                0x1008034c                pass_interrupt_ctbs_IRQHandler
                0x1008034c                udb_interrupts_8_IRQHandler
                0x1008034c                ioss_interrupts_gpio_3_IRQHandler
                0x1008034c                scb_6_interrupt_IRQHandler
                0x1008034c                cpuss_interrupts_cm4_cti_0_IRQHandler
                0x1008034c                cpuss_interrupts_dw1_3_IRQHandler
                0x1008034c                pass_interrupt_sar_IRQHandler
                0x1008034c                ioss_interrupts_gpio_0_IRQHandler
                0x1008034c                ioss_interrupts_gpio_14_IRQHandler
                0x1008034c                tcpwm_0_interrupts_4_IRQHandler
                0x1008034c                udb_interrupts_3_IRQHandler
                0x1008034c                tcpwm_0_interrupts_5_IRQHandler
                0x1008034c                cpuss_interrupts_ipc_15_IRQHandler
                0x1008034c                cpuss_interrupts_cm4_cti_1_IRQHandler
                0x1008034c                scb_8_interrupt_IRQHandler
                0x1008034c                srss_interrupt_mcwdt_1_IRQHandler
                0x1008034c                cpuss_interrupts_dw1_2_IRQHandler
                0x1008034c                cpuss_interrupts_dw1_5_IRQHandler
                0x1008034c                cpuss_interrupts_ipc_1_IRQHandler
                0x1008034c                cpuss_interrupts_dw0_0_IRQHandler
                0x1008034c                ioss_interrupts_gpio_12_IRQHandler
                0x1008034c                cpuss_interrupts_ipc_3_IRQHandler
                0x1008034c                tcpwm_1_interrupts_17_IRQHandler
                0x1008034c                srss_interrupt_backup_IRQHandler
                0x1008034c                bless_interrupt_IRQHandler
                0x1008034c                cpuss_interrupts_ipc_10_IRQHandler
                0x1008034c                cpuss_interrupts_ipc_9_IRQHandler
                0x1008034c                cpuss_interrupts_dw0_14_IRQHandler
                0x1008034c                tcpwm_1_interrupts_4_IRQHandler
                0x1008034c                tcpwm_0_interrupts_3_IRQHandler
                0x1008034c                cpuss_interrupts_dw1_15_IRQHandler
                0x1008034c                ioss_interrupts_gpio_10_IRQHandler
                0x1008034c                udb_interrupts_10_IRQHandler
                0x1008034c                cpuss_interrupts_dw0_8_IRQHandler
                0x1008034c                ioss_interrupts_gpio_11_IRQHandler
                0x1008034c                cpuss_interrupts_ipc_14_IRQHandler
                0x1008034c                ioss_interrupts_gpio_5_IRQHandler
                0x1008034c                ioss_interrupts_gpio_4_IRQHandler
                0x1008034c                tcpwm_1_interrupts_8_IRQHandler
                0x1008034c                cpuss_interrupts_dw1_14_IRQHandler
                0x1008034c                usb_interrupt_med_IRQHandler
                0x1008034c                cpuss_interrupts_dw0_2_IRQHandler
                0x1008034c                tcpwm_1_interrupts_10_IRQHandler
                0x1008034c                cpuss_interrupts_fault_0_IRQHandler
                0x1008034c                cpuss_interrupts_dw0_12_IRQHandler
                0x1008034c                ioss_interrupts_gpio_6_IRQHandler
                0x1008034c                tcpwm_1_interrupts_21_IRQHandler
                0x1008034c                tcpwm_1_interrupts_16_IRQHandler
                0x1008034c                cpuss_interrupts_dw1_4_IRQHandler
                0x1008034c                udb_interrupts_15_IRQHandler
                0x1008034c                cpuss_interrupts_dw1_11_IRQHandler
                0x1008034c                cpuss_interrupts_dw0_6_IRQHandler
                0x1008034c                ioss_interrupt_vdd_IRQHandler
                0x1008034c                cpuss_interrupts_dw0_7_IRQHandler
                0x1008034c                audioss_interrupt_i2s_IRQHandler
                0x1008034c                tcpwm_1_interrupts_5_IRQHandler
                0x1008034c                cpuss_interrupts_ipc_2_IRQHandler
                0x1008034c                cpuss_interrupts_dw0_10_IRQHandler
                0x1008034c                tcpwm_1_interrupts_19_IRQHandler
                0x1008034c                cpuss_interrupts_dw0_1_IRQHandler
                0x1008034c                ioss_interrupts_gpio_9_IRQHandler
                0x1008034c                usb_interrupt_lo_IRQHandler
                0x1008034c                cpuss_interrupts_ipc_8_IRQHandler
                0x1008034c                udb_interrupts_14_IRQHandler
                0x1008034c                cpuss_interrupts_dw0_3_IRQHandler
                0x10080350                UsageFault_Handler
                0x10080350                HardFault_Handler
                0x10080350                MemManage_Handler
                0x10080350                BusFault_Handler
 .text.main     0x1008036c      0x130 .\CortexM4\ARM_GCC_541\Debug\main_cm4.o
                0x1008036c                main
 .text.bleInterruptNotify
                0x1008049c       0x38 .\CortexM4\ARM_GCC_541\Debug\ble_task.o
                0x1008049c                bleInterruptNotify
 .text.bleConnectionState
                0x100804d4        0xc .\CortexM4\ARM_GCC_541\Debug\ble_task.o
                0x100804d4                bleConnectionState
 .text.writeMotorPosition
                0x100804e0       0xd8 .\CortexM4\ARM_GCC_541\Debug\ble_task.o
                0x100804e0                writeMotorPosition
 .text.findAdvInfo
                0x100805b8       0x54 .\CortexM4\ARM_GCC_541\Debug\ble_task.o
                0x100805b8                findAdvInfo
 .text.genericEventHandler
                0x1008060c      0x1b4 .\CortexM4\ARM_GCC_541\Debug\ble_task.o
                0x1008060c                genericEventHandler
 .text.bleTask  0x100807c0       0x6c .\CortexM4\ARM_GCC_541\Debug\ble_task.o
                0x100807c0                bleTask
 .text.UARTIsr  0x1008082c       0x74 .\CortexM4\ARM_GCC_541\Debug\uart_task.o
 .text.UartTask
                0x100808a0      0x26c .\CortexM4\ARM_GCC_541\Debug\uart_task.o
                0x100808a0                UartTask
 .text.capsenseTask
                0x10080b0c      0x10c .\CortexM4\ARM_GCC_541\Debug\capsense_task.o
                0x10080b0c                capsenseTask
 .text.bmi160Init
                0x10080c18       0x5c .\CortexM4\ARM_GCC_541\Debug\motion_task.o
 .text.i2cStatusDecode
                0x10080c74       0x40 .\CortexM4\ARM_GCC_541\Debug\motion_task.o
                0x10080c74                i2cStatusDecode
 .text.BMI160BurstWrite
                0x10080cb4       0x6c .\CortexM4\ARM_GCC_541\Debug\motion_task.o
 .text.BMI160BurstRead
                0x10080d20       0xa4 .\CortexM4\ARM_GCC_541\Debug\motion_task.o
 *fill*         0x10080dc4        0x4 
 .text.motionTask
                0x10080dc8      0x2e4 .\CortexM4\ARM_GCC_541\Debug\motion_task.o
                0x10080dc8                motionTask
 .text.Cy_SysIpcPipeIsrCm4
                0x100810ac        0xc .\CortexM4\ARM_GCC_541\Debug\system_psoc6_cm4.o
                0x100810ac                Cy_SysIpcPipeIsrCm4
 .text.Cy_SystemInit
                0x100810b8        0x4 .\CortexM4\ARM_GCC_541\Debug\system_psoc6_cm4.o
                0x100810b8                Cy_SystemInit
 .text.SystemCoreClockUpdate
                0x100810bc      0x190 .\CortexM4\ARM_GCC_541\Debug\system_psoc6_cm4.o
                0x100810bc                SystemCoreClockUpdate
 .text.SystemInit
                0x1008124c       0x48 .\CortexM4\ARM_GCC_541\Debug\system_psoc6_cm4.o
                0x1008124c                SystemInit
 .text.Cy_SystemInitFpuEnable
                0x10081294       0x28 .\CortexM4\ARM_GCC_541\Debug\system_psoc6_cm4.o
                0x10081294                Cy_SystemInitFpuEnable
 .text.null_ptr_check
                0x100812bc       0x2c .\CortexM4\ARM_GCC_541\Debug\bmi160.o
 .text.default_param_settg
                0x100812e8       0x28 .\CortexM4\ARM_GCC_541\Debug\bmi160.o
 .text.process_accel_odr
                0x10081310       0x28 .\CortexM4\ARM_GCC_541\Debug\bmi160.o
 .text.process_accel_bw
                0x10081338       0x2c .\CortexM4\ARM_GCC_541\Debug\bmi160.o
 .text.process_accel_range
                0x10081364       0x28 .\CortexM4\ARM_GCC_541\Debug\bmi160.o
 .text.process_gyro_odr
                0x1008138c       0x28 .\CortexM4\ARM_GCC_541\Debug\bmi160.o
 .text.process_gyro_bw
                0x100813b4       0x20 .\CortexM4\ARM_GCC_541\Debug\bmi160.o
 .text.process_gyro_range
                0x100813d4       0x28 .\CortexM4\ARM_GCC_541\Debug\bmi160.o
 .text.bmi160_get_regs
                0x100813fc       0x34 .\CortexM4\ARM_GCC_541\Debug\bmi160.o
                0x100813fc                bmi160_get_regs
 .text.check_accel_config
                0x10081430       0x3c .\CortexM4\ARM_GCC_541\Debug\bmi160.o
 .text.check_gyro_config
                0x1008146c       0x3c .\CortexM4\ARM_GCC_541\Debug\bmi160.o
 .text.check_invalid_settg
                0x100814a8       0x4c .\CortexM4\ARM_GCC_541\Debug\bmi160.o
 .text.get_accel_data
                0x100814f4       0x80 .\CortexM4\ARM_GCC_541\Debug\bmi160.o
 .text.get_gyro_data
                0x10081574       0xc4 .\CortexM4\ARM_GCC_541\Debug\bmi160.o
 .text.get_accel_gyro_data
                0x10081638       0xb8 .\CortexM4\ARM_GCC_541\Debug\bmi160.o
 .text.bmi160_set_regs
                0x100816f0       0x90 .\CortexM4\ARM_GCC_541\Debug\bmi160.o
                0x100816f0                bmi160_set_regs
 .text.set_accel_conf
                0x10081780       0x4c .\CortexM4\ARM_GCC_541\Debug\bmi160.o
 .text.set_gyro_conf
                0x100817cc       0x4c .\CortexM4\ARM_GCC_541\Debug\bmi160.o
 .text.process_under_sampling
                0x10081818       0x70 .\CortexM4\ARM_GCC_541\Debug\bmi160.o
 .text.set_accel_pwr
                0x10081888       0x5c .\CortexM4\ARM_GCC_541\Debug\bmi160.o
 .text.set_gyro_pwr
                0x100818e4       0x5c .\CortexM4\ARM_GCC_541\Debug\bmi160.o
 .text.bmi160_soft_reset
                0x10081940       0x5c .\CortexM4\ARM_GCC_541\Debug\bmi160.o
                0x10081940                bmi160_soft_reset
 .text.bmi160_init
                0x1008199c       0x70 .\CortexM4\ARM_GCC_541\Debug\bmi160.o
                0x1008199c                bmi160_init
 .text.bmi160_set_power_mode
                0x10081a0c       0x30 .\CortexM4\ARM_GCC_541\Debug\bmi160.o
                0x10081a0c                bmi160_set_power_mode
 .text.bmi160_set_sens_conf
                0x10081a3c       0x44 .\CortexM4\ARM_GCC_541\Debug\bmi160.o
                0x10081a3c                bmi160_set_sens_conf
 .text.bmi160_get_sensor_data
                0x10081a80       0x68 .\CortexM4\ARM_GCC_541\Debug\bmi160.o
                0x10081a80                bmi160_get_sensor_data
 .text.STDIO_PutChar
                0x10081ae8       0x18 .\CortexM4\ARM_GCC_541\Debug\stdio_user.o
                0x10081ae8                STDIO_PutChar
 .text.STDIO_GetChar
                0x10081b00       0x1c .\CortexM4\ARM_GCC_541\Debug\stdio_user.o
                0x10081b00                STDIO_GetChar
 .text.Cy_BLE_Start
                0x10081b1c       0x38 .\CortexM4\ARM_GCC_541\Debug\BLE.o
                0x10081b1c                Cy_BLE_Start
 .text.Cy_Flash_ProcessOpcode
                0x10081b54       0xac .\CortexM4\ARM_GCC_541\Debug\cy_flash.o
 .text.Cy_Flash_OperationStatus
                0x10081c00       0x5c .\CortexM4\ARM_GCC_541\Debug\cy_flash.o
 .text.Cy_Flash_InitExt
                0x10081c5c       0x80 .\CortexM4\ARM_GCC_541\Debug\cy_flash.o
                0x10081c5c                Cy_Flash_InitExt
 .text.Cy_Flash_Init
                0x10081cdc       0x10 .\CortexM4\ARM_GCC_541\Debug\cy_flash.o
                0x10081cdc                Cy_Flash_Init
 .text.Cy_GPIO_Pin_FastInit
                0x10081cec       0xf8 .\CortexM4\ARM_GCC_541\Debug\cy_gpio.o
                0x10081cec                Cy_GPIO_Pin_FastInit
 .text.Cy_IPC_Drv_LockRelease
                0x10081de4       0x3c .\CortexM4\ARM_GCC_541\Debug\cy_ipc_drv.o
                0x10081de4                Cy_IPC_Drv_LockRelease
 .text.Cy_IPC_Drv_SendMsgWord
                0x10081e20       0x3c .\CortexM4\ARM_GCC_541\Debug\cy_ipc_drv.o
                0x10081e20                Cy_IPC_Drv_SendMsgWord
 .text.Cy_IPC_Drv_ReadMsgWord
                0x10081e5c       0x38 .\CortexM4\ARM_GCC_541\Debug\cy_ipc_drv.o
                0x10081e5c                Cy_IPC_Drv_ReadMsgWord
 .text.Cy_IPC_Sema_InitExt
                0x10081e94       0xac .\CortexM4\ARM_GCC_541\Debug\cy_ipc_sema.o
                0x10081e94                Cy_IPC_Sema_InitExt
 .text.Cy_IPC_Sema_Init
                0x10081f40       0x64 .\CortexM4\ARM_GCC_541\Debug\cy_ipc_sema.o
                0x10081f40                Cy_IPC_Sema_Init
 .text.Cy_IPC_Sema_Clear
                0x10081fa4       0x88 .\CortexM4\ARM_GCC_541\Debug\cy_ipc_sema.o
                0x10081fa4                Cy_IPC_Sema_Clear
 .text.Cy_IPC_Sema_Status
                0x1008202c       0x40 .\CortexM4\ARM_GCC_541\Debug\cy_ipc_sema.o
                0x1008202c                Cy_IPC_Sema_Status
 .text.Cy_IPC_Pipe_Config
                0x1008206c       0x10 .\CortexM4\ARM_GCC_541\Debug\cy_ipc_pipe.o
                0x1008206c                Cy_IPC_Pipe_Config
 .text.Cy_IPC_Pipe_EndpointInit
                0x1008207c       0xd0 .\CortexM4\ARM_GCC_541\Debug\cy_ipc_pipe.o
                0x1008207c                Cy_IPC_Pipe_EndpointInit
 .text.Cy_IPC_Pipe_Init
                0x1008214c       0xb4 .\CortexM4\ARM_GCC_541\Debug\cy_ipc_pipe.o
                0x1008214c                Cy_IPC_Pipe_Init
 .text.Cy_IPC_Pipe_SendMessage
                0x10082200       0xa4 .\CortexM4\ARM_GCC_541\Debug\cy_ipc_pipe.o
                0x10082200                Cy_IPC_Pipe_SendMessage
 .text.Cy_IPC_Pipe_RegisterCallback
                0x100822a4       0x50 .\CortexM4\ARM_GCC_541\Debug\cy_ipc_pipe.o
                0x100822a4                Cy_IPC_Pipe_RegisterCallback
 .text.Cy_IPC_Pipe_RegisterCallbackRel
                0x100822f4       0x2c .\CortexM4\ARM_GCC_541\Debug\cy_ipc_pipe.o
                0x100822f4                Cy_IPC_Pipe_RegisterCallbackRel
 .text.Cy_IPC_Pipe_ExecCallback
                0x10082320       0xbc .\CortexM4\ARM_GCC_541\Debug\cy_ipc_pipe.o
                0x10082320                Cy_IPC_Pipe_ExecCallback
 .text.Cy_IPC_Pipe_ExecuteCallback
                0x100823dc       0x2c .\CortexM4\ARM_GCC_541\Debug\cy_ipc_pipe.o
                0x100823dc                Cy_IPC_Pipe_ExecuteCallback
 .text.Cy_IPC_Pipe_EndpointPause
                0x10082408       0x54 .\CortexM4\ARM_GCC_541\Debug\cy_ipc_pipe.o
                0x10082408                Cy_IPC_Pipe_EndpointPause
 .text.Cy_IPC_Pipe_EndpointResume
                0x1008245c       0x48 .\CortexM4\ARM_GCC_541\Debug\cy_ipc_pipe.o
                0x1008245c                Cy_IPC_Pipe_EndpointResume
 .text.Cy_SCB_ReadArrayNoCheck
                0x100824a4       0x38 .\CortexM4\ARM_GCC_541\Debug\cy_scb_common.o
                0x100824a4                Cy_SCB_ReadArrayNoCheck
 .text.Cy_SCB_ReadArray
                0x100824dc       0x1c .\CortexM4\ARM_GCC_541\Debug\cy_scb_common.o
                0x100824dc                Cy_SCB_ReadArray
 .text.Cy_SCB_Write
                0x100824f8       0x28 .\CortexM4\ARM_GCC_541\Debug\cy_scb_common.o
                0x100824f8                Cy_SCB_Write
 .text.Cy_SCB_WriteArrayNoCheck
                0x10082520       0x38 .\CortexM4\ARM_GCC_541\Debug\cy_scb_common.o
                0x10082520                Cy_SCB_WriteArrayNoCheck
 .text.Cy_SCB_WriteArray
                0x10082558       0x2c .\CortexM4\ARM_GCC_541\Debug\cy_scb_common.o
                0x10082558                Cy_SCB_WriteArray
 .text.Cy_SCB_WriteDefaultArrayNoCheck
                0x10082584       0x10 .\CortexM4\ARM_GCC_541\Debug\cy_scb_common.o
                0x10082584                Cy_SCB_WriteDefaultArrayNoCheck
 .text.Cy_SCB_WriteDefaultArray
                0x10082594       0x2c .\CortexM4\ARM_GCC_541\Debug\cy_scb_common.o
                0x10082594                Cy_SCB_WriteDefaultArray
 .text.SlaveHandleStop
                0x100825c0       0xf8 .\CortexM4\ARM_GCC_541\Debug\cy_scb_i2c.o
 .text.MasterHandleEvents
                0x100826b8       0x74 .\CortexM4\ARM_GCC_541\Debug\cy_scb_i2c.o
 .text.MasterHandleStop
                0x1008272c       0x2c .\CortexM4\ARM_GCC_541\Debug\cy_scb_i2c.o
 .text.MasterHandleComplete
                0x10082758       0xf4 .\CortexM4\ARM_GCC_541\Debug\cy_scb_i2c.o
 .text.HandleStatus
                0x1008284c       0xf0 .\CortexM4\ARM_GCC_541\Debug\cy_scb_i2c.o
 .text.WaitOneUnit
                0x1008293c       0x24 .\CortexM4\ARM_GCC_541\Debug\cy_scb_i2c.o
 .text.SlaveHandleDataTransmit
                0x10082960       0xe8 .\CortexM4\ARM_GCC_541\Debug\cy_scb_i2c.o
 .text.MasterHandleDataTransmit
                0x10082a48       0xb8 .\CortexM4\ARM_GCC_541\Debug\cy_scb_i2c.o
 .text.SlaveHandleAddress
                0x10082b00      0x158 .\CortexM4\ARM_GCC_541\Debug\cy_scb_i2c.o
 .text.MasterHandleDataReceive
                0x10082c58       0xf0 .\CortexM4\ARM_GCC_541\Debug\cy_scb_i2c.o
 .text.SlaveHandleDataReceive
                0x10082d48       0xbc .\CortexM4\ARM_GCC_541\Debug\cy_scb_i2c.o
 .text.Cy_SCB_I2C_Init
                0x10082e04      0x18c .\CortexM4\ARM_GCC_541\Debug\cy_scb_i2c.o
                0x10082e04                Cy_SCB_I2C_Init
 .text.Cy_SCB_I2C_GetDataRate
                0x10082f90       0x90 .\CortexM4\ARM_GCC_541\Debug\cy_scb_i2c.o
                0x10082f90                Cy_SCB_I2C_GetDataRate
 .text.Cy_SCB_I2C_SetDataRate
                0x10083020      0x1d0 .\CortexM4\ARM_GCC_541\Debug\cy_scb_i2c.o
                0x10083020                Cy_SCB_I2C_SetDataRate
 .text.Cy_SCB_I2C_MasterSendStart
                0x100831f0       0xf0 .\CortexM4\ARM_GCC_541\Debug\cy_scb_i2c.o
                0x100831f0                Cy_SCB_I2C_MasterSendStart
 .text.Cy_SCB_I2C_MasterSendReStart
                0x100832e0       0xd4 .\CortexM4\ARM_GCC_541\Debug\cy_scb_i2c.o
                0x100832e0                Cy_SCB_I2C_MasterSendReStart
 .text.Cy_SCB_I2C_MasterSendStop
                0x100833b4       0x64 .\CortexM4\ARM_GCC_541\Debug\cy_scb_i2c.o
                0x100833b4                Cy_SCB_I2C_MasterSendStop
 .text.Cy_SCB_I2C_MasterReadByte
                0x10083418       0xb4 .\CortexM4\ARM_GCC_541\Debug\cy_scb_i2c.o
                0x10083418                Cy_SCB_I2C_MasterReadByte
 .text.Cy_SCB_I2C_MasterWriteByte
                0x100834cc       0x68 .\CortexM4\ARM_GCC_541\Debug\cy_scb_i2c.o
                0x100834cc                Cy_SCB_I2C_MasterWriteByte
 .text.Cy_SCB_I2C_SlaveInterrupt
                0x10083534      0x104 .\CortexM4\ARM_GCC_541\Debug\cy_scb_i2c.o
                0x10083534                Cy_SCB_I2C_SlaveInterrupt
 .text.Cy_SCB_I2C_MasterInterrupt
                0x10083638       0x8c .\CortexM4\ARM_GCC_541\Debug\cy_scb_i2c.o
                0x10083638                Cy_SCB_I2C_MasterInterrupt
 .text.Cy_SCB_I2C_Interrupt
                0x100836c4       0x18 .\CortexM4\ARM_GCC_541\Debug\cy_scb_i2c.o
                0x100836c4                Cy_SCB_I2C_Interrupt
 .text.HandleDataTransmit
                0x100836dc       0xdc .\CortexM4\ARM_GCC_541\Debug\cy_scb_uart.o
 .text.HandleDataReceive
                0x100837b8       0xf8 .\CortexM4\ARM_GCC_541\Debug\cy_scb_uart.o
 .text.Cy_SCB_UART_Init
                0x100838b0      0x364 .\CortexM4\ARM_GCC_541\Debug\cy_scb_uart.o
                0x100838b0                Cy_SCB_UART_Init
 .text.Cy_SCB_UART_GetNumInRingBuffer
                0x10083c14       0x18 .\CortexM4\ARM_GCC_541\Debug\cy_scb_uart.o
                0x10083c14                Cy_SCB_UART_GetNumInRingBuffer
 .text.HandleRingBuffer
                0x10083c2c       0xcc .\CortexM4\ARM_GCC_541\Debug\cy_scb_uart.o
 .text.Cy_SCB_UART_Interrupt
                0x10083cf8       0xe8 .\CortexM4\ARM_GCC_541\Debug\cy_scb_uart.o
                0x10083cf8                Cy_SCB_UART_Interrupt
 .text.Cy_SysInt_SetVector
                0x10083de0       0x48 .\CortexM4\ARM_GCC_541\Debug\cy_sysint.o
                0x10083de0                Cy_SysInt_SetVector
 .text.Cy_SysInt_Init
                0x10083e28       0x74 .\CortexM4\ARM_GCC_541\Debug\cy_sysint.o
                0x10083e28                Cy_SysInt_Init
 .text.Cy_SysLib_Delay
                0x10083e9c       0x30 .\CortexM4\ARM_GCC_541\Debug\cy_syslib.o
                0x10083e9c                Cy_SysLib_Delay
 .text.Cy_SysLib_DelayUs
                0x10083ecc       0x14 .\CortexM4\ARM_GCC_541\Debug\cy_syslib.o
                0x10083ecc                Cy_SysLib_DelayUs
 .text.Cy_SysLib_Halt
                0x10083ee0        0x4 .\CortexM4\ARM_GCC_541\Debug\cy_syslib.o
                0x10083ee0                Cy_SysLib_Halt
 .text.Cy_SysLib_AssertFailed
                0x10083ee4       0x1c .\CortexM4\ARM_GCC_541\Debug\cy_syslib.o
                0x10083ee4                Cy_SysLib_AssertFailed
 .text.Cy_SysLib_ProcessingFault
                0x10083f00        0x4 .\CortexM4\ARM_GCC_541\Debug\cy_syslib.o
                0x10083f00                Cy_SysLib_ProcessingFault
 .text.Cy_SysLib_FaultHandler
                0x10083f04       0xa4 .\CortexM4\ARM_GCC_541\Debug\cy_syslib.o
                0x10083f04                Cy_SysLib_FaultHandler
 .text          0x10083fa8       0x20 .\CortexM4\ARM_GCC_541\Debug\cy_syslib_gcc.o
                0x10083fa8                Cy_SysLib_DelayCycles
                0x10083fba                Cy_SysLib_EnterCriticalSection
                0x10083fc2                Cy_SysLib_ExitCriticalSection
 .text.Cy_SysPm_RegisterCallback
                0x10083fc8       0x5c .\CortexM4\ARM_GCC_541\Debug\cy_syspm.o
                0x10083fc8                Cy_SysPm_RegisterCallback
 .text.Cy_SysPm_UnregisterCallback
                0x10084024       0x68 .\CortexM4\ARM_GCC_541\Debug\cy_syspm.o
                0x10084024                Cy_SysPm_UnregisterCallback
 .text.Cy_PDL_Init
                0x1008408c        0xc .\CortexM4\ARM_GCC_541\Debug\cy_device.o
                0x1008408c                Cy_PDL_Init
 .text.Cy_BLE_DeepSleepCallback
                0x10084098       0x88 .\CortexM4\ARM_GCC_541\Debug\cy_ble.o
                0x10084098                Cy_BLE_DeepSleepCallback
 .text.Cy_BLE_SleepCallback
                0x10084120       0x64 .\CortexM4\ARM_GCC_541\Debug\cy_ble.o
                0x10084120                Cy_BLE_SleepCallback
 .text.Cy_BLE_UnregisterHostPMCallbacks
                0x10084184       0x18 .\CortexM4\ARM_GCC_541\Debug\cy_ble.o
                0x10084184                Cy_BLE_UnregisterHostPMCallbacks
 .text.Cy_BLE_Init
                0x1008419c       0x98 .\CortexM4\ARM_GCC_541\Debug\cy_ble.o
                0x1008419c                Cy_BLE_Init
 .text.Cy_BLE_Enable
                0x10084234      0x134 .\CortexM4\ARM_GCC_541\Debug\cy_ble.o
                0x10084234                Cy_BLE_Enable
 .text.Cy_BLE_RegisterAppHostCallback
                0x10084368       0x18 .\CortexM4\ARM_GCC_541\Debug\cy_ble.o
                0x10084368                Cy_BLE_RegisterAppHostCallback
 .text.Cy_BLE_IPC_HostMsgFlushRecvCallBack
                0x10084380       0x1c .\CortexM4\ARM_GCC_541\Debug\cy_ble_hal_pvt.o
 .text.Cy_BLE_IPC_HostMsgRecvCallBack
                0x1008439c       0x1c .\CortexM4\ARM_GCC_541\Debug\cy_ble_hal_pvt.o
 .text.Cy_BLE_HAL_BlockCalcCRC8
                0x100843b8       0x34 .\CortexM4\ARM_GCC_541\Debug\cy_ble_hal_pvt.o
                0x100843b8                Cy_BLE_HAL_BlockCalcCRC8
 .text.Cy_BLE_HAL_CalcCRC8
                0x100843ec        0xc .\CortexM4\ARM_GCC_541\Debug\cy_ble_hal_pvt.o
                0x100843ec                Cy_BLE_HAL_CalcCRC8
 .text.Cy_BLE_HAL_EnterCriticalSection
                0x100843f8        0x8 .\CortexM4\ARM_GCC_541\Debug\cy_ble_hal_pvt.o
                0x100843f8                Cy_BLE_HAL_EnterCriticalSection
 .text.Cy_BLE_HAL_ExitCriticalSection
                0x10084400        0x8 .\CortexM4\ARM_GCC_541\Debug\cy_ble_hal_pvt.o
                0x10084400                Cy_BLE_HAL_ExitCriticalSection
 .text.Cy_BLE_HAL_EnableHostIpcPipeInterrupt
                0x10084408        0xc .\CortexM4\ARM_GCC_541\Debug\cy_ble_hal_pvt.o
                0x10084408                Cy_BLE_HAL_EnableHostIpcPipeInterrupt
 .text.Cy_BLE_HAL_DisableHostIpcPipeInterrupt
                0x10084414        0xc .\CortexM4\ARM_GCC_541\Debug\cy_ble_hal_pvt.o
                0x10084414                Cy_BLE_HAL_DisableHostIpcPipeInterrupt
 .text.Cy_BLE_IPC_HostRegisterClientCallbacks
                0x10084420       0x34 .\CortexM4\ARM_GCC_541\Debug\cy_ble_hal_pvt.o
                0x10084420                Cy_BLE_IPC_HostRegisterClientCallbacks
 .text.Cy_BLE_IPC_SendMessageToController
                0x10084454       0x20 .\CortexM4\ARM_GCC_541\Debug\cy_ble_hal_pvt.o
                0x10084454                Cy_BLE_IPC_SendMessageToController
 .text.Cy_BLE_HAL_EccHeapInit
                0x10084474        0x4 .\CortexM4\ARM_GCC_541\Debug\cy_ble_hal_pvt.o
                0x10084474                Cy_BLE_HAL_EccHeapInit
 .text.Cy_BLE_HAL_EccHeapDeInit
                0x10084478        0x4 .\CortexM4\ARM_GCC_541\Debug\cy_ble_hal_pvt.o
                0x10084478                Cy_BLE_HAL_EccHeapDeInit
 .text.Cy_BLE_HAL_EccGetFeatureHeapReq
                0x1008447c        0x4 .\CortexM4\ARM_GCC_541\Debug\cy_ble_hal_pvt.o
                0x1008447c                Cy_BLE_HAL_EccGetFeatureHeapReq
 .text.Cy_BLE_HAL_PairingLocalPublicKeyHandler
                0x10084480        0x8 .\CortexM4\ARM_GCC_541\Debug\cy_ble_hal_pvt.o
                0x10084480                Cy_BLE_HAL_PairingLocalPublicKeyHandler
 .text.Cy_BLE_HAL_PairingRemoteKeyHandler
                0x10084488        0x8 .\CortexM4\ARM_GCC_541\Debug\cy_ble_hal_pvt.o
                0x10084488                Cy_BLE_HAL_PairingRemoteKeyHandler
 .text.Cy_BLE_HAL_PairingDhkeyHandler
                0x10084490        0x8 .\CortexM4\ARM_GCC_541\Debug\cy_ble_hal_pvt.o
                0x10084490                Cy_BLE_HAL_PairingDhkeyHandler
 .text.Cy_BLE_HAL_PairingDhkeyCheckHandler
                0x10084498        0x8 .\CortexM4\ARM_GCC_541\Debug\cy_ble_hal_pvt.o
                0x10084498                Cy_BLE_HAL_PairingDhkeyCheckHandler
 .text.Cy_BLE_HAL_PairingKeypressNotificationHandler
                0x100844a0        0x8 .\CortexM4\ARM_GCC_541\Debug\cy_ble_hal_pvt.o
                0x100844a0                Cy_BLE_HAL_PairingKeypressNotificationHandler
 .text.Cy_BLE_HAL_PairingRandHandler
                0x100844a8        0x8 .\CortexM4\ARM_GCC_541\Debug\cy_ble_hal_pvt.o
                0x100844a8                Cy_BLE_HAL_PairingRandHandler
 .text.Cy_BLE_HAL_PairingConfirmHandler
                0x100844b0        0x8 .\CortexM4\ARM_GCC_541\Debug\cy_ble_hal_pvt.o
                0x100844b0                Cy_BLE_HAL_PairingConfirmHandler
 .text.Cy_BLE_HAL_PairingLrConfirmingHandler
                0x100844b8        0x8 .\CortexM4\ARM_GCC_541\Debug\cy_ble_hal_pvt.o
                0x100844b8                Cy_BLE_HAL_PairingLrConfirmingHandler
 .text.Cy_BLE_HAL_PairingScTbxLocalPubkeyGenerateComplete
                0x100844c0        0x8 .\CortexM4\ARM_GCC_541\Debug\cy_ble_hal_pvt.o
                0x100844c0                Cy_BLE_HAL_PairingScTbxLocalPubkeyGenerateComplete
 .text.Cy_BLE_HAL_PairingScTbxGenerateLocalP256PublicKey
                0x100844c8        0x8 .\CortexM4\ARM_GCC_541\Debug\cy_ble_hal_pvt.o
                0x100844c8                Cy_BLE_HAL_PairingScTbxGenerateLocalP256PublicKey
 .text.Cy_BLE_HAL_SeSmpScUserPasskeyHandler
                0x100844d0        0x8 .\CortexM4\ARM_GCC_541\Debug\cy_ble_hal_pvt.o
                0x100844d0                Cy_BLE_HAL_SeSmpScUserPasskeyHandler
 .text.Cy_BLE_HAL_EccPointMult
                0x100844d8        0x4 .\CortexM4\ARM_GCC_541\Debug\cy_ble_hal_pvt.o
                0x100844d8                Cy_BLE_HAL_EccPointMult
 .text.Cy_BLE_ServiceInit
                0x100844dc       0x8c .\CortexM4\ARM_GCC_541\Debug\cy_ble_gap.o
                0x100844dc                Cy_BLE_ServiceInit
 .text.Cy_BLE_GAPC_StartScan
                0x10084568       0xc8 .\CortexM4\ARM_GCC_541\Debug\cy_ble_gap.o
                0x10084568                Cy_BLE_GAPC_StartScan
 .text.Cy_BLE_GAPC_StopScan
                0x10084630       0x28 .\CortexM4\ARM_GCC_541\Debug\cy_ble_gap.o
                0x10084630                Cy_BLE_GAPC_StopScan
 .text.Cy_BLE_GAPC_CancelDeviceConnection
                0x10084658       0x38 .\CortexM4\ARM_GCC_541\Debug\cy_ble_gap.o
                0x10084658                Cy_BLE_GAPC_CancelDeviceConnection
 .text.Cy_BLE_IsPeerConnected
                0x10084690       0x64 .\CortexM4\ARM_GCC_541\Debug\cy_ble_gap.o
                0x10084690                Cy_BLE_IsPeerConnected
 .text.Cy_BLE_GAPC_ConnectDevice
                0x100846f4       0xf0 .\CortexM4\ARM_GCC_541\Debug\cy_ble_gap.o
                0x100846f4                Cy_BLE_GAPC_ConnectDevice
 .text.Cy_BLE_GATTS_WriteAttributeValueCCCD
                0x100847e4       0x6c .\CortexM4\ARM_GCC_541\Debug\cy_ble_gatt.o
                0x100847e4                Cy_BLE_GATTS_WriteAttributeValueCCCD
 .text.Cy_BLE_GATTS_WriteEventHandler
                0x10084850       0x84 .\CortexM4\ARM_GCC_541\Debug\cy_ble_gatt.o
                0x10084850                Cy_BLE_GATTS_WriteEventHandler
 .text.Cy_BLE_GATTS_ReadAttributeValueCCCDReqHandler
                0x100848d4       0x58 .\CortexM4\ARM_GCC_541\Debug\cy_ble_gatt.o
                0x100848d4                Cy_BLE_GATTS_ReadAttributeValueCCCDReqHandler
 .text.Cy_BLE_GATTC_AddConnHandle
                0x1008492c       0xa0 .\CortexM4\ARM_GCC_541\Debug\cy_ble_gatt.o
                0x1008492c                Cy_BLE_GATTC_AddConnHandle
 .text.Cy_BLE_GATTC_RemoveConnHandle
                0x100849cc       0xb4 .\CortexM4\ARM_GCC_541\Debug\cy_ble_gatt.o
                0x100849cc                Cy_BLE_GATTC_RemoveConnHandle
 .text.Cy_BLE_GetDiscoveryIdx
                0x10084a80       0x3c .\CortexM4\ARM_GCC_541\Debug\cy_ble_gatt.o
                0x10084a80                Cy_BLE_GetDiscoveryIdx
 .text.Cy_BLE_GATTC_StartDiscovery
                0x10084abc       0xc4 .\CortexM4\ARM_GCC_541\Debug\cy_ble_gatt.o
                0x10084abc                Cy_BLE_GATTC_StartDiscovery
 .text.Cy_BLE_GATTC_DiscoverCharacteristicsEventHandler
                0x10084b80       0x98 .\CortexM4\ARM_GCC_541\Debug\cy_ble_gatt.o
                0x10084b80                Cy_BLE_GATTC_DiscoverCharacteristicsEventHandler
 .text.Cy_BLE_GATTC_DiscoverCharDescriptorsEventHandler
                0x10084c18       0x68 .\CortexM4\ARM_GCC_541\Debug\cy_ble_gatt.o
                0x10084c18                Cy_BLE_GATTC_DiscoverCharDescriptorsEventHandler
 .text.Cy_BLE_GATTC_GetCharRange
                0x10084c80       0x7c .\CortexM4\ARM_GCC_541\Debug\cy_ble_gatt.o
                0x10084c80                Cy_BLE_GATTC_GetCharRange
 .text.Cy_BLE_GATTC_IndicationEventHandler
                0x10084cfc       0x44 .\CortexM4\ARM_GCC_541\Debug\cy_ble_gatt.o
                0x10084cfc                Cy_BLE_GATTC_IndicationEventHandler
 .text.Cy_BLE_GAPC_DiscoverCharacteristicsEventHandler
                0x10084d40      0x1a0 .\CortexM4\ARM_GCC_541\Debug\cy_ble_event_handler.o
 .text.Cy_BLE_TimeOutEventHandler
                0x10084ee0       0xf4 .\CortexM4\ARM_GCC_541\Debug\cy_ble_event_handler.o
 .text.Cy_BLE_SendWriteResponse
                0x10084fd4       0x44 .\CortexM4\ARM_GCC_541\Debug\cy_ble_event_handler.o
 .text.Cy_BLE_RegisterServiceEventHandler
                0x10085018       0x5c .\CortexM4\ARM_GCC_541\Debug\cy_ble_event_handler.o
                0x10085018                Cy_BLE_RegisterServiceEventHandler
 .text.Cy_BLE_InvokeServiceEventHandler
                0x10085074       0x38 .\CortexM4\ARM_GCC_541\Debug\cy_ble_event_handler.o
                0x10085074                Cy_BLE_InvokeServiceEventHandler
 .text.Cy_BLE_IsDeviceAddressValid
                0x100850ac       0x20 .\CortexM4\ARM_GCC_541\Debug\cy_ble_event_handler.o
                0x100850ac                Cy_BLE_IsDeviceAddressValid
 .text.Cy_BLE_ReadByGroupEventHandler
                0x100850cc      0x1ac .\CortexM4\ARM_GCC_541\Debug\cy_ble_event_handler.o
                0x100850cc                Cy_BLE_ReadByGroupEventHandler
 .text.Cy_BLE_ReadByTypeEventHandler
                0x10085278      0x218 .\CortexM4\ARM_GCC_541\Debug\cy_ble_event_handler.o
                0x10085278                Cy_BLE_ReadByTypeEventHandler
 .text.Cy_BLE_FindInfoEventHandler
                0x10085490       0xd0 .\CortexM4\ARM_GCC_541\Debug\cy_ble_event_handler.o
                0x10085490                Cy_BLE_FindInfoEventHandler
 .text.Cy_BLE_NextCharDscrDiscovery
                0x10085560      0x15c .\CortexM4\ARM_GCC_541\Debug\cy_ble_event_handler.o
                0x10085560                Cy_BLE_NextCharDscrDiscovery
 .text.Cy_BLE_NextCharDiscovery
                0x100856bc      0x134 .\CortexM4\ARM_GCC_541\Debug\cy_ble_event_handler.o
                0x100856bc                Cy_BLE_NextCharDiscovery
 .text.Cy_BLE_NextInclDiscovery
                0x100857f0      0x134 .\CortexM4\ARM_GCC_541\Debug\cy_ble_event_handler.o
                0x100857f0                Cy_BLE_NextInclDiscovery
 .text.Cy_BLE_LongProcedureEndEventHandler
                0x10085924       0xe8 .\CortexM4\ARM_GCC_541\Debug\cy_ble_event_handler.o
                0x10085924                Cy_BLE_LongProcedureEndEventHandler
 .text.Cy_BLE_ErrorResponseEventHandler
                0x10085a0c       0x2c .\CortexM4\ARM_GCC_541\Debug\cy_ble_event_handler.o
                0x10085a0c                Cy_BLE_ErrorResponseEventHandler
 .text.Cy_BLE_EventHandler
                0x10085a38      0x948 .\CortexM4\ARM_GCC_541\Debug\cy_ble_event_handler.o
                0x10085a38                Cy_BLE_EventHandler
 .text.Cy_BLE_CUSTOMC_GetCharRange
                0x10086380       0xac .\CortexM4\ARM_GCC_541\Debug\cy_ble_custom.o
 .text.Cy_BLE_CUSTOMC_DiscoverCharacteristicsEventHandler
                0x1008642c      0x160 .\CortexM4\ARM_GCC_541\Debug\cy_ble_custom.o
 .text.Cy_BLE_CUSTOMC_DiscoverCharDescriptorsEventHandler
                0x1008658c       0xdc .\CortexM4\ARM_GCC_541\Debug\cy_ble_custom.o
 .text.Cy_BLE_CUSTOMC_DiscoverServiceEventHandler
                0x10086668       0xb8 .\CortexM4\ARM_GCC_541\Debug\cy_ble_custom.o
 .text.Cy_BLE_CUSTOM_EventHandler
                0x10086720      0x160 .\CortexM4\ARM_GCC_541\Debug\cy_ble_custom.o
 .text.Cy_BLE_CUSTOM_Init
                0x10086880      0x10c .\CortexM4\ARM_GCC_541\Debug\cy_ble_custom.o
                0x10086880                Cy_BLE_CUSTOM_Init
 .text.xEventGroupCreate
                0x1008698c       0x1c .\CortexM4\ARM_GCC_541\Debug\event_groups.o
                0x1008698c                xEventGroupCreate
 .text.xEventGroupClearBits
                0x100869a8       0x48 .\CortexM4\ARM_GCC_541\Debug\event_groups.o
                0x100869a8                xEventGroupClearBits
 .text.xEventGroupSetBits
                0x100869f0       0x9c .\CortexM4\ARM_GCC_541\Debug\event_groups.o
                0x100869f0                xEventGroupSetBits
 .text.vListInitialise
                0x10086a8c       0x18 .\CortexM4\ARM_GCC_541\Debug\list.o
                0x10086a8c                vListInitialise
 .text.vListInitialiseItem
                0x10086aa4        0x8 .\CortexM4\ARM_GCC_541\Debug\list.o
                0x10086aa4                vListInitialiseItem
 .text.vListInsertEnd
                0x10086aac       0x18 .\CortexM4\ARM_GCC_541\Debug\list.o
                0x10086aac                vListInsertEnd
 .text.vListInsert
                0x10086ac4       0x34 .\CortexM4\ARM_GCC_541\Debug\list.o
                0x10086ac4                vListInsert
 .text.uxListRemove
                0x10086af8       0x28 .\CortexM4\ARM_GCC_541\Debug\list.o
                0x10086af8                uxListRemove
 .text.prvIsQueueFull
                0x10086b20       0x20 .\CortexM4\ARM_GCC_541\Debug\queue.o
 .text.prvIsQueueEmpty
                0x10086b40       0x1c .\CortexM4\ARM_GCC_541\Debug\queue.o
 .text.prvCopyDataToQueue
                0x10086b5c       0x54 .\CortexM4\ARM_GCC_541\Debug\queue.o
 .text.prvCopyDataFromQueue
                0x10086bb0       0x24 .\CortexM4\ARM_GCC_541\Debug\queue.o
 .text.prvUnlockQueue
                0x10086bd4       0x68 .\CortexM4\ARM_GCC_541\Debug\queue.o
 .text.xQueueGenericReset
                0x10086c3c       0x80 .\CortexM4\ARM_GCC_541\Debug\queue.o
                0x10086c3c                xQueueGenericReset
 .text.prvInitialiseNewQueue
                0x10086cbc       0x1c .\CortexM4\ARM_GCC_541\Debug\queue.o
 .text.xQueueGenericCreate
                0x10086cd8       0x4c .\CortexM4\ARM_GCC_541\Debug\queue.o
                0x10086cd8                xQueueGenericCreate
 .text.xQueueGenericSend
                0x10086d24      0x190 .\CortexM4\ARM_GCC_541\Debug\queue.o
                0x10086d24                xQueueGenericSend
 .text.xQueueGenericSendFromISR
                0x10086eb4       0xe4 .\CortexM4\ARM_GCC_541\Debug\queue.o
                0x10086eb4                xQueueGenericSendFromISR
 .text.xQueueGiveFromISR
                0x10086f98       0xbc .\CortexM4\ARM_GCC_541\Debug\queue.o
                0x10086f98                xQueueGiveFromISR
 .text.xQueueReceive
                0x10087054      0x158 .\CortexM4\ARM_GCC_541\Debug\queue.o
                0x10087054                xQueueReceive
 .text.xQueueSemaphoreTake
                0x100871ac      0x140 .\CortexM4\ARM_GCC_541\Debug\queue.o
                0x100871ac                xQueueSemaphoreTake
 .text.vQueueAddToRegistry
                0x100872ec       0x28 .\CortexM4\ARM_GCC_541\Debug\queue.o
                0x100872ec                vQueueAddToRegistry
 .text.vQueueWaitForMessageRestricted
                0x10087314       0x4c .\CortexM4\ARM_GCC_541\Debug\queue.o
                0x10087314                vQueueWaitForMessageRestricted
 .text.prvResetNextTaskUnblockTime
                0x10087360       0x2c .\CortexM4\ARM_GCC_541\Debug\tasks.o
 .text.prvDeleteTCB
                0x1008738c       0x14 .\CortexM4\ARM_GCC_541\Debug\tasks.o
 .text.prvInitialiseNewTask
                0x100873a0       0xa0 .\CortexM4\ARM_GCC_541\Debug\tasks.o
 .text.prvInitialiseTaskLists
                0x10087440       0x58 .\CortexM4\ARM_GCC_541\Debug\tasks.o
 .text.prvAddNewTaskToReadyList
                0x10087498       0xac .\CortexM4\ARM_GCC_541\Debug\tasks.o
 .text.prvCheckTasksWaitingTermination
                0x10087544       0x44 .\CortexM4\ARM_GCC_541\Debug\tasks.o
 .text.prvIdleTask
                0x10087588       0x28 .\CortexM4\ARM_GCC_541\Debug\tasks.o
 .text.prvAddCurrentTaskToDelayedList
                0x100875b0       0x68 .\CortexM4\ARM_GCC_541\Debug\tasks.o
 .text.xTaskCreate
                0x10087618       0x64 .\CortexM4\ARM_GCC_541\Debug\tasks.o
                0x10087618                xTaskCreate
 .text.vTaskStartScheduler
                0x1008767c       0x7c .\CortexM4\ARM_GCC_541\Debug\tasks.o
                0x1008767c                vTaskStartScheduler
 .text.vTaskSuspendAll
                0x100876f8       0x14 .\CortexM4\ARM_GCC_541\Debug\tasks.o
                0x100876f8                vTaskSuspendAll
 .text.xTaskGetTickCount
                0x1008770c        0xc .\CortexM4\ARM_GCC_541\Debug\tasks.o
                0x1008770c                xTaskGetTickCount
 .text.xTaskIncrementTick
                0x10087718       0xfc .\CortexM4\ARM_GCC_541\Debug\tasks.o
                0x10087718                xTaskIncrementTick
 .text.xTaskResumeAll
                0x10087814       0xf0 .\CortexM4\ARM_GCC_541\Debug\tasks.o
                0x10087814                xTaskResumeAll
 .text.vTaskDelay
                0x10087904       0x50 .\CortexM4\ARM_GCC_541\Debug\tasks.o
                0x10087904                vTaskDelay
 .text.vTaskSwitchContext
                0x10087954       0xc8 .\CortexM4\ARM_GCC_541\Debug\tasks.o
                0x10087954                vTaskSwitchContext
 .text.vTaskPlaceOnEventList
                0x10087a1c       0x34 .\CortexM4\ARM_GCC_541\Debug\tasks.o
                0x10087a1c                vTaskPlaceOnEventList
 .text.vTaskPlaceOnEventListRestricted
                0x10087a50       0x3c .\CortexM4\ARM_GCC_541\Debug\tasks.o
                0x10087a50                vTaskPlaceOnEventListRestricted
 .text.xTaskRemoveFromEventList
                0x10087a8c       0x88 .\CortexM4\ARM_GCC_541\Debug\tasks.o
                0x10087a8c                xTaskRemoveFromEventList
 .text.vTaskRemoveFromUnorderedEventList
                0x10087b14       0x84 .\CortexM4\ARM_GCC_541\Debug\tasks.o
                0x10087b14                vTaskRemoveFromUnorderedEventList
 .text.vTaskInternalSetTimeOutState
                0x10087b98       0x14 .\CortexM4\ARM_GCC_541\Debug\tasks.o
                0x10087b98                vTaskInternalSetTimeOutState
 .text.xTaskCheckForTimeOut
                0x10087bac       0x80 .\CortexM4\ARM_GCC_541\Debug\tasks.o
                0x10087bac                xTaskCheckForTimeOut
 .text.vTaskMissedYield
                0x10087c2c       0x10 .\CortexM4\ARM_GCC_541\Debug\tasks.o
                0x10087c2c                vTaskMissedYield
 .text.xTaskGetSchedulerState
                0x10087c3c       0x20 .\CortexM4\ARM_GCC_541\Debug\tasks.o
                0x10087c3c                xTaskGetSchedulerState
 .text.prvGetNextExpireTime
                0x10087c5c       0x20 .\CortexM4\ARM_GCC_541\Debug\timers.o
 .text.prvInsertTimerInActiveList
                0x10087c7c       0x44 .\CortexM4\ARM_GCC_541\Debug\timers.o
 .text.prvCheckForValidListAndQueue
                0x10087cc0       0x48 .\CortexM4\ARM_GCC_541\Debug\timers.o
 .text.xTimerCreateTimerTask
                0x10087d08       0x50 .\CortexM4\ARM_GCC_541\Debug\timers.o
                0x10087d08                xTimerCreateTimerTask
 .text.xTimerGenericCommand
                0x10087d58       0x6c .\CortexM4\ARM_GCC_541\Debug\timers.o
                0x10087d58                xTimerGenericCommand
 .text.prvSwitchTimerLists
                0x10087dc4       0x74 .\CortexM4\ARM_GCC_541\Debug\timers.o
 .text.prvSampleTimeNow
                0x10087e38       0x2c .\CortexM4\ARM_GCC_541\Debug\timers.o
 .text.prvProcessExpiredTimer
                0x10087e64       0x5c .\CortexM4\ARM_GCC_541\Debug\timers.o
 .text.prvProcessTimerOrBlockTask
                0x10087ec0       0x70 .\CortexM4\ARM_GCC_541\Debug\timers.o
 .text.prvProcessReceivedCommands
                0x10087f30       0xbc .\CortexM4\ARM_GCC_541\Debug\timers.o
 .text.prvTimerTask
                0x10087fec       0x18 .\CortexM4\ARM_GCC_541\Debug\timers.o
 .text.prvTaskExitError
                0x10088004       0x40 .\CortexM4\ARM_GCC_541\Debug\port.o
 .text.prvPortStartFirstTask
                0x10088044       0x28 .\CortexM4\ARM_GCC_541\Debug\port.o
 .text.vPortEnableVFP
                0x1008806c       0x14 .\CortexM4\ARM_GCC_541\Debug\port.o
 .text.pxPortInitialiseStack
                0x10088080       0x2c .\CortexM4\ARM_GCC_541\Debug\port.o
                0x10088080                pxPortInitialiseStack
 *fill*         0x100880ac        0x4 
 .text.SVC_Handler
                0x100880b0       0x24 .\CortexM4\ARM_GCC_541\Debug\port.o
                0x100880b0                SVC_Handler
 .text.vPortEnterCritical
                0x100880d4       0x44 .\CortexM4\ARM_GCC_541\Debug\port.o
                0x100880d4                vPortEnterCritical
 .text.vPortExitCritical
                0x10088118       0x2c .\CortexM4\ARM_GCC_541\Debug\port.o
                0x10088118                vPortExitCritical
 *fill*         0x10088144        0xc 
 .text.PendSV_Handler
                0x10088150       0x64 .\CortexM4\ARM_GCC_541\Debug\port.o
                0x10088150                PendSV_Handler
 .text.SysTick_Handler
                0x100881b4       0x2c .\CortexM4\ARM_GCC_541\Debug\port.o
                0x100881b4                SysTick_Handler
 .text.vPortSetupTimerInterrupt
                0x100881e0       0x38 .\CortexM4\ARM_GCC_541\Debug\port.o
                0x100881e0                vPortSetupTimerInterrupt
 .text.xPortStartScheduler
                0x10088218       0xe0 .\CortexM4\ARM_GCC_541\Debug\port.o
                0x10088218                xPortStartScheduler
 .text.vPortValidateInterruptPriority
                0x100882f8       0x58 .\CortexM4\ARM_GCC_541\Debug\port.o
                0x100882f8                vPortValidateInterruptPriority
 .text.vApplicationStackOverflowHook
                0x10088350       0x24 .\CortexM4\ARM_GCC_541\Debug\port.o
                0x10088350                vApplicationStackOverflowHook
 .text.prvHeapInit
                0x10088374       0x58 .\CortexM4\ARM_GCC_541\Debug\heap_4.o
 .text.prvInsertBlockIntoFreeList
                0x100883cc       0x58 .\CortexM4\ARM_GCC_541\Debug\heap_4.o
 .text.pvPortMalloc
                0x10088424      0x10c .\CortexM4\ARM_GCC_541\Debug\heap_4.o
                0x10088424                pvPortMalloc
 .text.vPortFree
                0x10088530       0x78 .\CortexM4\ARM_GCC_541\Debug\heap_4.o
                0x10088530                vPortFree
 .text._write   0x100885a8       0x24 .\CortexM4\ARM_GCC_541\Debug\retarget.o
                0x100885a8                _write
 .text._read    0x100885cc       0x2c .\CortexM4\ARM_GCC_541\Debug\retarget.o
                0x100885cc                _read
 .text.UART_Interrupt
                0x100885f8       0x14 .\CortexM4\ARM_GCC_541\Debug\UART.o
 .text.UART_Start
                0x1008860c       0x64 .\CortexM4\ARM_GCC_541\Debug\UART.o
                0x1008860c                UART_Start
 .text.CapSense_Initialize
                0x10088670       0x24 .\CortexM4\ARM_GCC_541\Debug\CapSense_Control.o
                0x10088670                CapSense_Initialize
 .text.CapSense_Start
                0x10088694       0x34 .\CortexM4\ARM_GCC_541\Debug\CapSense_Control.o
                0x10088694                CapSense_Start
 .text.CapSense_ProcessAllWidgets
                0x100886c8       0x74 .\CortexM4\ARM_GCC_541\Debug\CapSense_Control.o
                0x100886c8                CapSense_ProcessAllWidgets
 .text.CapSense_DpInitialize
                0x1008873c       0x84 .\CortexM4\ARM_GCC_541\Debug\CapSense_Processing.o
                0x1008873c                CapSense_DpInitialize
 .text.CapSense_DpUpdateThresholds
                0x100887c0       0x34 .\CortexM4\ARM_GCC_541\Debug\CapSense_Processing.o
                0x100887c0                CapSense_DpUpdateThresholds
 .text.CapSense_DpUpdateDifferences
                0x100887f4       0x18 .\CortexM4\ARM_GCC_541\Debug\CapSense_Processing.o
                0x100887f4                CapSense_DpUpdateDifferences
 .text.CapSense_DpProcessCsxWidgetRawCounts
                0x1008880c       0x38 .\CortexM4\ARM_GCC_541\Debug\CapSense_Processing.o
                0x1008880c                CapSense_DpProcessCsxWidgetRawCounts
 .text.CapSense_DpProcessCsdWidgetRawCounts
                0x10088844       0x54 .\CortexM4\ARM_GCC_541\Debug\CapSense_Processing.o
                0x10088844                CapSense_DpProcessCsdWidgetRawCounts
 .text.CapSense_DpProcessButton
                0x10088898       0x64 .\CortexM4\ARM_GCC_541\Debug\CapSense_Processing.o
                0x10088898                CapSense_DpProcessButton
 .text.CapSense_DpProcessCsxWidgetStatus
                0x100888fc       0x64 .\CortexM4\ARM_GCC_541\Debug\CapSense_Processing.o
                0x100888fc                CapSense_DpProcessCsxWidgetStatus
 .text.CapSense_DpProcessSlider
                0x10088960       0xcc .\CortexM4\ARM_GCC_541\Debug\CapSense_Processing.o
                0x10088960                CapSense_DpProcessSlider
 .text.CapSense_DpProcessCsdWidgetStatus
                0x10088a2c       0x74 .\CortexM4\ARM_GCC_541\Debug\CapSense_Processing.o
                0x10088a2c                CapSense_DpProcessCsdWidgetStatus
 .text.CapSense_DsInitialize
                0x10088aa0       0x7c .\CortexM4\ARM_GCC_541\Debug\CapSense_Structure.o
                0x10088aa0                CapSense_DsInitialize
 .text.CapSense_IsWidgetActive
                0x10088b1c       0x28 .\CortexM4\ARM_GCC_541\Debug\CapSense_Structure.o
                0x10088b1c                CapSense_IsWidgetActive
 .text.CapSense_GetCentroidPos
                0x10088b44       0x38 .\CortexM4\ARM_GCC_541\Debug\CapSense_Structure.o
                0x10088b44                CapSense_GetCentroidPos
 .text.CapSense_TuInitialize
                0x10088b7c       0x14 .\CortexM4\ARM_GCC_541\Debug\CapSense_Tuner.o
                0x10088b7c                CapSense_TuInitialize
 .text.CapSense_FtInitializeBaselineChannel
                0x10088b90       0x20 .\CortexM4\ARM_GCC_541\Debug\CapSense_Filter.o
                0x10088b90                CapSense_FtInitializeBaselineChannel
 .text.CapSense_FtInitializeBaseline
                0x10088bb0       0x20 .\CortexM4\ARM_GCC_541\Debug\CapSense_Filter.o
                0x10088bb0                CapSense_FtInitializeBaseline
 .text.CapSense_InitializeSensorBaseline
                0x10088bd0       0x20 .\CortexM4\ARM_GCC_541\Debug\CapSense_Filter.o
                0x10088bd0                CapSense_InitializeSensorBaseline
 .text.CapSense_InitializeWidgetBaseline
                0x10088bf0       0x28 .\CortexM4\ARM_GCC_541\Debug\CapSense_Filter.o
                0x10088bf0                CapSense_InitializeWidgetBaseline
 .text.CapSense_InitializeAllBaselines
                0x10088c18       0x18 .\CortexM4\ARM_GCC_541\Debug\CapSense_Filter.o
                0x10088c18                CapSense_InitializeAllBaselines
 .text.CapSense_InitializeWidgetFilter
                0x10088c30       0x48 .\CortexM4\ARM_GCC_541\Debug\CapSense_Filter.o
                0x10088c30                CapSense_InitializeWidgetFilter
 .text.CapSense_InitializeAllFilters
                0x10088c78       0x18 .\CortexM4\ARM_GCC_541\Debug\CapSense_Filter.o
                0x10088c78                CapSense_InitializeAllFilters
 .text.CapSense_FtInitialize
                0x10088c90        0x8 .\CortexM4\ARM_GCC_541\Debug\CapSense_Filter.o
                0x10088c90                CapSense_FtInitialize
 .text.CapSense_FtIIR1stOrder
                0x10088c98       0x14 .\CortexM4\ARM_GCC_541\Debug\CapSense_Filter.o
                0x10088c98                CapSense_FtIIR1stOrder
 .text.CapSense_FtUpdateBaseline
                0x10088cac       0xa0 .\CortexM4\ARM_GCC_541\Debug\CapSense_Filter.o
                0x10088cac                CapSense_FtUpdateBaseline
 .text.CapSense_UpdateSensorBaseline
                0x10088d4c       0x24 .\CortexM4\ARM_GCC_541\Debug\CapSense_Filter.o
                0x10088d4c                CapSense_UpdateSensorBaseline
 .text.CapSense_UpdateWidgetBaseline
                0x10088d70       0x2c .\CortexM4\ARM_GCC_541\Debug\CapSense_Filter.o
                0x10088d70                CapSense_UpdateWidgetBaseline
 .text.CapSense_UpdateAllBaselines
                0x10088d9c       0x1c .\CortexM4\ARM_GCC_541\Debug\CapSense_Filter.o
                0x10088d9c                CapSense_UpdateAllBaselines
 .text.CapSense_SsCalcLfsrSize
                0x10088db8       0xb0 .\CortexM4\ARM_GCC_541\Debug\CapSense_Sensing.o
 .text.CapSense_SsCalcLfsrScale
                0x10088e68       0x38 .\CortexM4\ARM_GCC_541\Debug\CapSense_Sensing.o
 .text.CapSense_SsDisableCSXMode
                0x10088ea0        0x8 .\CortexM4\ARM_GCC_541\Debug\CapSense_Sensing.o
 .text.CapSense_SsCSDDisableMode
                0x10088ea8       0x38 .\CortexM4\ARM_GCC_541\Debug\CapSense_Sensing.o
 .text.CapSense_IsBusy
                0x10088ee0       0x10 .\CortexM4\ARM_GCC_541\Debug\CapSense_Sensing.o
                0x10088ee0                CapSense_IsBusy
 .text.CapSense_SetBusyFlags
                0x10088ef0       0x18 .\CortexM4\ARM_GCC_541\Debug\CapSense_Sensing.o
                0x10088ef0                CapSense_SetBusyFlags
 .text.CapSense_ClrBusyFlags
                0x10088f08       0x18 .\CortexM4\ARM_GCC_541\Debug\CapSense_Sensing.o
                0x10088f08                CapSense_ClrBusyFlags
 .text.CapSense_SetupWidget
                0x10088f20       0x64 .\CortexM4\ARM_GCC_541\Debug\CapSense_Sensing.o
                0x10088f20                CapSense_SetupWidget
 .text.CapSense_Scan
                0x10088f84       0x3c .\CortexM4\ARM_GCC_541\Debug\CapSense_Sensing.o
                0x10088f84                CapSense_Scan
 .text.CapSense_ScanAllWidgets
                0x10088fc0       0x54 .\CortexM4\ARM_GCC_541\Debug\CapSense_Sensing.o
                0x10088fc0                CapSense_ScanAllWidgets
 .text.CapSense_SsSwitchSensingMode
                0x10089014       0x50 .\CortexM4\ARM_GCC_541\Debug\CapSense_Sensing.o
                0x10089014                CapSense_SsSwitchSensingMode
 .text.CapSense_SsSetIOsInDefaultState
                0x10089064       0x28 .\CortexM4\ARM_GCC_541\Debug\CapSense_Sensing.o
                0x10089064                CapSense_SsSetIOsInDefaultState
 .text.CapSense_SsPostAllWidgetsScan
                0x1008908c       0x78 .\CortexM4\ARM_GCC_541\Debug\CapSense_Sensing.o
                0x1008908c                CapSense_SsPostAllWidgetsScan
 .text.CapSense_SsIsrInitialize
                0x10089104       0x58 .\CortexM4\ARM_GCC_541\Debug\CapSense_Sensing.o
                0x10089104                CapSense_SsIsrInitialize
 .text.CapSense_CalibrateWidget
                0x1008915c       0x3c .\CortexM4\ARM_GCC_541\Debug\CapSense_Sensing.o
                0x1008915c                CapSense_CalibrateWidget
 .text.CapSense_CalibrateAllWidgets
                0x10089198       0x1c .\CortexM4\ARM_GCC_541\Debug\CapSense_Sensing.o
                0x10089198                CapSense_CalibrateAllWidgets
 .text.CapSense_SsClearCSDSensors
                0x100891b4       0x44 .\CortexM4\ARM_GCC_541\Debug\CapSense_Sensing.o
                0x100891b4                CapSense_SsClearCSDSensors
 .text.CapSense_SsCSDGetColSnsClkDivider
                0x100891f8       0x14 .\CortexM4\ARM_GCC_541\Debug\CapSense_Sensing.o
                0x100891f8                CapSense_SsCSDGetColSnsClkDivider
 .text.CapSense_SsCSDSetColSnsClkDivider
                0x1008920c       0x14 .\CortexM4\ARM_GCC_541\Debug\CapSense_Sensing.o
                0x1008920c                CapSense_SsCSDSetColSnsClkDivider
 .text.CapSense_SsCSDCalcPrsSize
                0x10089220       0x24 .\CortexM4\ARM_GCC_541\Debug\CapSense_Sensing.o
                0x10089220                CapSense_SsCSDCalcPrsSize
 .text.CapSense_SsSetWidgetSenseClkSrc
                0x10089244       0x54 .\CortexM4\ARM_GCC_541\Debug\CapSense_Sensing.o
 .text.CapSense_SsAutoTune
                0x10089298      0x18c .\CortexM4\ARM_GCC_541\Debug\CapSense_Sensing.o
                0x10089298                CapSense_SsAutoTune
 .text.CapSense_SsInitializeSourceSenseClk
                0x10089424       0x64 .\CortexM4\ARM_GCC_541\Debug\CapSense_Sensing.o
                0x10089424                CapSense_SsInitializeSourceSenseClk
 .text.CapSense_SsInitialize
                0x10089488       0x14 .\CortexM4\ARM_GCC_541\Debug\CapSense_Sensing.o
                0x10089488                CapSense_SsInitialize
 .text.CapSense_BistDischargeExtCapacitors
                0x1008949c       0xc0 .\CortexM4\ARM_GCC_541\Debug\CapSense_Sensing.o
                0x1008949c                CapSense_BistDischargeExtCapacitors
 .text.CapSense_SsCSDPostScan
                0x1008955c       0x54 .\CortexM4\ARM_GCC_541\Debug\CapSense_INT.o
 .text.CapSense_SsCSDInitNextScan
                0x100895b0       0xa0 .\CortexM4\ARM_GCC_541\Debug\CapSense_INT.o
 .text.CapSense_CSDPostSingleScan
                0x10089650       0x2c .\CortexM4\ARM_GCC_541\Debug\CapSense_INT.o
                0x10089650                CapSense_CSDPostSingleScan
 .text.CapSense_CSDPostMultiScan
                0x1008967c       0x44 .\CortexM4\ARM_GCC_541\Debug\CapSense_INT.o
                0x1008967c                CapSense_CSDPostMultiScan
 .text.CapSense_SsCSDSetModeSnsClockDivider
                0x100896c0       0x10 .\CortexM4\ARM_GCC_541\Debug\CapSense_SensingCSD_LL.o
 .text.CapSense_SsCSDSetFilterDelay
                0x100896d0       0x50 .\CortexM4\ARM_GCC_541\Debug\CapSense_SensingCSD_LL.o
 .text.CapSense_SsCSDConfigIDACs
                0x10089720       0x1c .\CortexM4\ARM_GCC_541\Debug\CapSense_SensingCSD_LL.o
 .text.CapSense_SsCSDSetSingleIdacMode
                0x1008973c       0x28 .\CortexM4\ARM_GCC_541\Debug\CapSense_SensingCSD_LL.o
 .text.CapSense_SsCSDRestoreIdacMode
                0x10089764       0x2c .\CortexM4\ARM_GCC_541\Debug\CapSense_SensingCSD_LL.o
 .text.CapSense_SsCSDCalibrateCheck
                0x10089790       0x4c .\CortexM4\ARM_GCC_541\Debug\CapSense_SensingCSD_LL.o
 .text.CapSense_SsCSDCmodPrecharge
                0x100897dc       0x6c .\CortexM4\ARM_GCC_541\Debug\CapSense_SensingCSD_LL.o
 .text.CapSense_SsCSDTriggerScan
                0x10089848       0x98 .\CortexM4\ARM_GCC_541\Debug\CapSense_SensingCSD_LL.o
 .text.CapSense_SsCSDInitialize
                0x100898e0      0x144 .\CortexM4\ARM_GCC_541\Debug\CapSense_SensingCSD_LL.o
                0x100898e0                CapSense_SsCSDInitialize
 .text.CapSense_SsCSDSetUpIdacs
                0x10089a24       0x50 .\CortexM4\ARM_GCC_541\Debug\CapSense_SensingCSD_LL.o
                0x10089a24                CapSense_SsCSDSetUpIdacs
 .text.CapSense_SsCSDGetNumberOfConversions
                0x10089a74       0x30 .\CortexM4\ARM_GCC_541\Debug\CapSense_SensingCSD_LL.o
                0x10089a74                CapSense_SsCSDGetNumberOfConversions
 .text.CapSense_SsCSDConfigClock
                0x10089aa4       0x3c .\CortexM4\ARM_GCC_541\Debug\CapSense_SensingCSD_LL.o
                0x10089aa4                CapSense_SsCSDConfigClock
 .text.CapSense_SsCSDCalculateScanDuration
                0x10089ae0       0x18 .\CortexM4\ARM_GCC_541\Debug\CapSense_SensingCSD_LL.o
                0x10089ae0                CapSense_SsCSDCalculateScanDuration
 .text.CapSense_SsCSDStartSample
                0x10089af8       0x44 .\CortexM4\ARM_GCC_541\Debug\CapSense_SensingCSD_LL.o
                0x10089af8                CapSense_SsCSDStartSample
 .text.CapSense_CSDScanExt
                0x10089b3c       0x18 .\CortexM4\ARM_GCC_541\Debug\CapSense_SensingCSD_LL.o
                0x10089b3c                CapSense_CSDScanExt
 .text.CapSense_CSDConnectSns
                0x10089b54       0xa0 .\CortexM4\ARM_GCC_541\Debug\CapSense_SensingCSD_LL.o
                0x10089b54                CapSense_CSDConnectSns
 .text.CapSense_CSDScan
                0x10089bf4       0x6c .\CortexM4\ARM_GCC_541\Debug\CapSense_SensingCSD_LL.o
                0x10089bf4                CapSense_CSDScan
 .text.CapSense_SsCSDConnectSensorExt
                0x10089c60       0x24 .\CortexM4\ARM_GCC_541\Debug\CapSense_SensingCSD_LL.o
                0x10089c60                CapSense_SsCSDConnectSensorExt
 .text.CapSense_CSDDisconnectSns
                0x10089c84       0xac .\CortexM4\ARM_GCC_541\Debug\CapSense_SensingCSD_LL.o
                0x10089c84                CapSense_CSDDisconnectSns
 .text.CapSense_SsCSDElectrodeCheck
                0x10089d30       0x24 .\CortexM4\ARM_GCC_541\Debug\CapSense_SensingCSD_LL.o
                0x10089d30                CapSense_SsCSDElectrodeCheck
 .text.CapSense_CSDSetupWidget
                0x10089d54       0x58 .\CortexM4\ARM_GCC_541\Debug\CapSense_SensingCSD_LL.o
                0x10089d54                CapSense_CSDSetupWidget
 .text.CapSense_CSDSetupWidgetExt
                0x10089dac       0x64 .\CortexM4\ARM_GCC_541\Debug\CapSense_SensingCSD_LL.o
                0x10089dac                CapSense_CSDSetupWidgetExt
 .text.CapSense_SsCSDCalibrateOneSensor
                0x10089e10       0xe4 .\CortexM4\ARM_GCC_541\Debug\CapSense_SensingCSD_LL.o
 .text.CapSense_CSDCalibrateWidget
                0x10089ef4      0x114 .\CortexM4\ARM_GCC_541\Debug\CapSense_SensingCSD_LL.o
                0x10089ef4                CapSense_CSDCalibrateWidget
 .text.CapSense_SsCalcCsxScanPeriod
                0x1008a008       0x10 .\CortexM4\ARM_GCC_541\Debug\CapSense_SensingCSX_LL.o
 .text.CapSense_CSXScanISR
                0x1008a018       0xd0 .\CortexM4\ARM_GCC_541\Debug\CapSense_SensingCSX_LL.o
                0x1008a018                CapSense_CSXScanISR
 .text.CapSense_SsCSXStartSample
                0x1008a0e8      0x14c .\CortexM4\ARM_GCC_541\Debug\CapSense_SensingCSX_LL.o
 .text.CapSense_CSXInitialize
                0x1008a234      0x160 .\CortexM4\ARM_GCC_541\Debug\CapSense_SensingCSX_LL.o
                0x1008a234                CapSense_CSXInitialize
 .text.CapSense_CSXCalibrateWidget
                0x1008a394       0xcc .\CortexM4\ARM_GCC_541\Debug\CapSense_SensingCSX_LL.o
                0x1008a394                CapSense_CSXCalibrateWidget
 .text.CapSense_CSXConnectTx
                0x1008a460       0xa0 .\CortexM4\ARM_GCC_541\Debug\CapSense_SensingCSX_LL.o
                0x1008a460                CapSense_CSXConnectTx
 .text.CapSense_CSXConnectRx
                0x1008a500       0x9c .\CortexM4\ARM_GCC_541\Debug\CapSense_SensingCSX_LL.o
                0x1008a500                CapSense_CSXConnectRx
 .text.CapSense_CSXScan
                0x1008a59c       0x60 .\CortexM4\ARM_GCC_541\Debug\CapSense_SensingCSX_LL.o
                0x1008a59c                CapSense_CSXScan
 .text.CapSense_CSXDisconnectTx
                0x1008a5fc       0x64 .\CortexM4\ARM_GCC_541\Debug\CapSense_SensingCSX_LL.o
                0x1008a5fc                CapSense_CSXDisconnectTx
 .text.CapSense_CSXDisconnectRx
                0x1008a660       0xac .\CortexM4\ARM_GCC_541\Debug\CapSense_SensingCSX_LL.o
                0x1008a660                CapSense_CSXDisconnectRx
 .text.CapSense_SsCSXPostMultiScan
                0x1008a70c       0xd0 .\CortexM4\ARM_GCC_541\Debug\CapSense_SensingCSX_LL.o
 .text.CapSense_CSXElectrodeCheck
                0x1008a7dc       0x24 .\CortexM4\ARM_GCC_541\Debug\CapSense_SensingCSX_LL.o
                0x1008a7dc                CapSense_CSXElectrodeCheck
 .text.CapSense_CSXSetupWidget
                0x1008a800       0x8c .\CortexM4\ARM_GCC_541\Debug\CapSense_SensingCSX_LL.o
                0x1008a800                CapSense_CSXSetupWidget
 .text.CapSense_SsCSXGetTxClkDivider
                0x1008a88c       0x14 .\CortexM4\ARM_GCC_541\Debug\CapSense_SensingCSX_LL.o
                0x1008a88c                CapSense_SsCSXGetTxClkDivider
 .text.CapSense_DpFindLocalMaxSd
                0x1008a8a0       0xd8 .\CortexM4\ARM_GCC_541\Debug\CapSense_Centroid_LL.o
                0x1008a8a0                CapSense_DpFindLocalMaxSd
 .text.CapSense_DpCalcLinearCentroid
                0x1008a978       0x84 .\CortexM4\ARM_GCC_541\Debug\CapSense_Centroid_LL.o
                0x1008a978                CapSense_DpCalcLinearCentroid
 .text.I2C_1_Interrupt
                0x1008a9fc       0x14 .\CortexM4\ARM_GCC_541\Debug\I2C_1.o
 .text.I2C_1_Start
                0x1008aa10       0x78 .\CortexM4\ARM_GCC_541\Debug\I2C_1.o
                0x1008aa10                I2C_1_Start
 .text.SmartSense_TunePrescalers
                0x1008aa88       0x4c C:\Users\Austina\Documents\PSoC Creator\4.2\Downloads ( 4.2).cylib\CapSense_v3_0\Library\CapSense_Library_GCC_M4.a(CapSense_SmartSense_LL.o)
                0x1008aa88                SmartSense_TunePrescalers
 .text.SmartSense_TuneSensitivity
                0x1008aad4       0x64 C:\Users\Austina\Documents\PSoC Creator\4.2\Downloads ( 4.2).cylib\CapSense_v3_0\Library\CapSense_Library_GCC_M4.a(CapSense_SmartSense_LL.o)
                0x1008aad4                SmartSense_TuneSensitivity
 .text.SmartSense_UpdateThresholds
                0x1008ab38       0x38 C:\Users\Austina\Documents\PSoC Creator\4.2\Downloads ( 4.2).cylib\CapSense_v3_0\Library\CapSense_Library_GCC_M4.a(CapSense_SmartSense_SL.o)
                0x1008ab38                SmartSense_UpdateThresholds
 .text.SmartSense_InitializeNoiseEnvelope
                0x1008ab70       0x18 C:\Users\Austina\Documents\PSoC Creator\4.2\Downloads ( 4.2).cylib\CapSense_v3_0\Library\CapSense_Library_GCC_M4.a(CapSense_SmartSense_SL.o)
                0x1008ab70                SmartSense_InitializeNoiseEnvelope
 .text.SmartSense_RunNoiseEnvelope
                0x1008ab88       0x8a C:\Users\Austina\Documents\PSoC Creator\4.2\Downloads ( 4.2).cylib\CapSense_v3_0\Library\CapSense_Library_GCC_M4.a(CapSense_SmartSense_SL.o)
                0x1008ab88                SmartSense_RunNoiseEnvelope
 *fill*         0x1008ac12        0x2 
 .text          0x1008ac14      0x370 c:/program files (x86)/cypress/psoc creator/4.4/psoc creator/import/gnu/arm/5.4.1/bin/../lib/gcc/arm-none-eabi/5.4.1/armv7e-m/softfp\libgcc.a(_arm_addsubdf3.o)
                0x1008ac14                __aeabi_drsub
                0x1008ac1c                __aeabi_dsub
                0x1008ac1c                __subdf3
                0x1008ac20                __aeabi_dadd
                0x1008ac20                __adddf3
                0x1008ae98                __floatunsidf
                0x1008ae98                __aeabi_ui2d
                0x1008aeb8                __floatsidf
                0x1008aeb8                __aeabi_i2d
                0x1008aedc                __aeabi_f2d
                0x1008aedc                __extendsfdf2
                0x1008af18                __floatundidf
                0x1008af18                __aeabi_ul2d
                0x1008af28                __floatdidf
                0x1008af28                __aeabi_l2d
 .text          0x1008af84      0x424 c:/program files (x86)/cypress/psoc creator/4.4/psoc creator/import/gnu/arm/5.4.1/bin/../lib/gcc/arm-none-eabi/5.4.1/armv7e-m/softfp\libgcc.a(_arm_muldivdf3.o)
                0x1008af84                __aeabi_dmul
                0x1008af84                __muldf3
                0x1008b1d8                __divdf3
                0x1008b1d8                __aeabi_ddiv
 .text          0x1008b3a8      0x110 c:/program files (x86)/cypress/psoc creator/4.4/psoc creator/import/gnu/arm/5.4.1/bin/../lib/gcc/arm-none-eabi/5.4.1/armv7e-m/softfp\libgcc.a(_arm_cmpdf2.o)
                0x1008b3a8                __gtdf2
                0x1008b3a8                __gedf2
                0x1008b3b0                __ltdf2
                0x1008b3b0                __ledf2
                0x1008b3b8                __nedf2
                0x1008b3b8                __eqdf2
                0x1008b3b8                __cmpdf2
                0x1008b434                __aeabi_cdrcmple
                0x1008b444                __aeabi_cdcmpeq
                0x1008b444                __aeabi_cdcmple
                0x1008b454                __aeabi_dcmpeq
                0x1008b468                __aeabi_dcmplt
                0x1008b47c                __aeabi_dcmple
                0x1008b490                __aeabi_dcmpge
                0x1008b4a4                __aeabi_dcmpgt
 .text          0x1008b4b8       0x50 c:/program files (x86)/cypress/psoc creator/4.4/psoc creator/import/gnu/arm/5.4.1/bin/../lib/gcc/arm-none-eabi/5.4.1/armv7e-m/softfp\libgcc.a(_arm_fixdfsi.o)
                0x1008b4b8                __aeabi_d2iz
                0x1008b4b8                __fixdfsi
 .text.memcmp   0x1008b508       0x1e c:/program files (x86)/cypress/psoc creator/4.4/psoc creator/import/gnu/arm/5.4.1/bin/../lib/gcc/arm-none-eabi/5.4.1/../../../../arm-none-eabi/lib/armv7e-m/softfp\libg_nano.a(lib_a-memcmp.o)
                0x1008b508                memcmp
 .text.memcpy   0x1008b526       0x16 c:/program files (x86)/cypress/psoc creator/4.4/psoc creator/import/gnu/arm/5.4.1/bin/../lib/gcc/arm-none-eabi/5.4.1/../../../../arm-none-eabi/lib/armv7e-m/softfp\libg_nano.a(lib_a-memcpy-stub.o)
                0x1008b526                memcpy
 .text.memset   0x1008b53c       0x10 c:/program files (x86)/cypress/psoc creator/4.4/psoc creator/import/gnu/arm/5.4.1/bin/../lib/gcc/arm-none-eabi/5.4.1/../../../../arm-none-eabi/lib/armv7e-m/softfp\libg_nano.a(lib_a-memset.o)
                0x1008b53c                memset
 .text.__cvt    0x1008b54c       0xc2 c:/program files (x86)/cypress/psoc creator/4.4/psoc creator/import/gnu/arm/5.4.1/bin/../lib/gcc/arm-none-eabi/5.4.1/../../../../arm-none-eabi/lib/armv7e-m/softfp\libg_nano.a(lib_a-nano-vfprintf_float.o)
                0x1008b54c                __cvt
 .text.__exponent
                0x1008b60e       0x60 c:/program files (x86)/cypress/psoc creator/4.4/psoc creator/import/gnu/arm/5.4.1/bin/../lib/gcc/arm-none-eabi/5.4.1/../../../../arm-none-eabi/lib/armv7e-m/softfp\libg_nano.a(lib_a-nano-vfprintf_float.o)
                0x1008b60e                __exponent
 *fill*         0x1008b66e        0x2 
 .text._printf_float
                0x1008b670      0x488 c:/program files (x86)/cypress/psoc creator/4.4/psoc creator/import/gnu/arm/5.4.1/bin/../lib/gcc/arm-none-eabi/5.4.1/../../../../arm-none-eabi/lib/armv7e-m/softfp\libg_nano.a(lib_a-nano-vfprintf_float.o)
                0x1008b670                _printf_float
 .text._printf_common
                0x1008baf8       0xec c:/program files (x86)/cypress/psoc creator/4.4/psoc creator/import/gnu/arm/5.4.1/bin/../lib/gcc/arm-none-eabi/5.4.1/../../../../arm-none-eabi/lib/armv7e-m/softfp\libg_nano.a(lib_a-nano-vfprintf_i.o)
                0x1008baf8                _printf_common
 .text._printf_i
                0x1008bbe4      0x24c c:/program files (x86)/cypress/psoc creator/4.4/psoc creator/import/gnu/arm/5.4.1/bin/../lib/gcc/arm-none-eabi/5.4.1/../../../../arm-none-eabi/lib/armv7e-m/softfp\libg_nano.a(lib_a-nano-vfprintf_i.o)
                0x1008bbe4                _printf_i
 .text.printf   0x1008be30       0x30 c:/program files (x86)/cypress/psoc creator/4.4/psoc creator/import/gnu/arm/5.4.1/bin/../lib/gcc/arm-none-eabi/5.4.1/../../../../arm-none-eabi/lib/armv7e-m/softfp\libg_nano.a(lib_a-printf.o)
                0x1008be30                iprintf
                0x1008be30                printf
 .text.putchar  0x1008be60       0x28 c:/program files (x86)/cypress/psoc creator/4.4/psoc creator/import/gnu/arm/5.4.1/bin/../lib/gcc/arm-none-eabi/5.4.1/../../../../arm-none-eabi/lib/armv7e-m/softfp\libg_nano.a(lib_a-putchar.o)
                0x1008be60                putchar
 .text._puts_r  0x1008be88       0xb4 c:/program files (x86)/cypress/psoc creator/4.4/psoc creator/import/gnu/arm/5.4.1/bin/../lib/gcc/arm-none-eabi/5.4.1/../../../../arm-none-eabi/lib/armv7e-m/softfp\libg_nano.a(lib_a-puts.o)
                0x1008be88                _puts_r
 .text.puts     0x1008bf3c       0x10 c:/program files (x86)/cypress/psoc creator/4.4/psoc creator/import/gnu/arm/5.4.1/bin/../lib/gcc/arm-none-eabi/5.4.1/../../../../arm-none-eabi/lib/armv7e-m/softfp\libg_nano.a(lib_a-puts.o)
                0x1008bf3c                puts
 .text.__srget_r
                0x1008bf4c       0x58 c:/program files (x86)/cypress/psoc creator/4.4/psoc creator/import/gnu/arm/5.4.1/bin/../lib/gcc/arm-none-eabi/5.4.1/../../../../arm-none-eabi/lib/armv7e-m/softfp\libg_nano.a(lib_a-rget.o)
                0x1008bf4c                __srget_r
 .text.setvbuf  0x1008bfa4      0x154 c:/program files (x86)/cypress/psoc creator/4.4/psoc creator/import/gnu/arm/5.4.1/bin/../lib/gcc/arm-none-eabi/5.4.1/../../../../arm-none-eabi/lib/armv7e-m/softfp\libg_nano.a(lib_a-setvbuf.o)
                0x1008bfa4                setvbuf
 .text          0x1008c0f8       0x10 c:/program files (x86)/cypress/psoc creator/4.4/psoc creator/import/gnu/arm/5.4.1/bin/../lib/gcc/arm-none-eabi/5.4.1/../../../../arm-none-eabi/lib/armv7e-m/softfp\libg_nano.a(lib_a-strlen.o)
                0x1008c0f8                strlen
 .text.strncpy  0x1008c108       0x26 c:/program files (x86)/cypress/psoc creator/4.4/psoc creator/import/gnu/arm/5.4.1/bin/../lib/gcc/arm-none-eabi/5.4.1/../../../../arm-none-eabi/lib/armv7e-m/softfp\libg_nano.a(lib_a-strncpy.o)
                0x1008c108                strncpy
 *fill*         0x1008c12e        0x2 
 .text.__swbuf_r
                0x1008c130       0xa8 c:/program files (x86)/cypress/psoc creator/4.4/psoc creator/import/gnu/arm/5.4.1/bin/../lib/gcc/arm-none-eabi/5.4.1/../../../../arm-none-eabi/lib/armv7e-m/softfp\libg_nano.a(lib_a-wbuf.o)
                0x1008c130                __swbuf_r
 .text.__swsetup_r
                0x1008c1d8       0xdc c:/program files (x86)/cypress/psoc creator/4.4/psoc creator/import/gnu/arm/5.4.1/bin/../lib/gcc/arm-none-eabi/5.4.1/../../../../arm-none-eabi/lib/armv7e-m/softfp\libg_nano.a(lib_a-wsetup.o)
                0x1008c1d8                __swsetup_r
 .text.quorem   0x1008c2b4      0x11e c:/program files (x86)/cypress/psoc creator/4.4/psoc creator/import/gnu/arm/5.4.1/bin/../lib/gcc/arm-none-eabi/5.4.1/../../../../arm-none-eabi/lib/armv7e-m/softfp\libg_nano.a(lib_a-dtoa.o)
 *fill*         0x1008c3d2        0x6 
 .text._dtoa_r  0x1008c3d8      0xb38 c:/program files (x86)/cypress/psoc creator/4.4/psoc creator/import/gnu/arm/5.4.1/bin/../lib/gcc/arm-none-eabi/5.4.1/../../../../arm-none-eabi/lib/armv7e-m/softfp\libg_nano.a(lib_a-dtoa.o)
                0x1008c3d8                _dtoa_r
 .text.__sflush_r
                0x1008cf10      0x110 c:/program files (x86)/cypress/psoc creator/4.4/psoc creator/import/gnu/arm/5.4.1/bin/../lib/gcc/arm-none-eabi/5.4.1/../../../../arm-none-eabi/lib/armv7e-m/softfp\libg_nano.a(lib_a-fflush.o)
                0x1008cf10                __sflush_r
 .text._fflush_r
                0x1008d020       0x54 c:/program files (x86)/cypress/psoc creator/4.4/psoc creator/import/gnu/arm/5.4.1/bin/../lib/gcc/arm-none-eabi/5.4.1/../../../../arm-none-eabi/lib/armv7e-m/softfp\libg_nano.a(lib_a-fflush.o)
                0x1008d020                _fflush_r
 .text.fflush   0x1008d074       0x24 c:/program files (x86)/cypress/psoc creator/4.4/psoc creator/import/gnu/arm/5.4.1/bin/../lib/gcc/arm-none-eabi/5.4.1/../../../../arm-none-eabi/lib/armv7e-m/softfp\libg_nano.a(lib_a-fflush.o)
                0x1008d074                fflush
 .text._cleanup_r
                0x1008d098        0xc c:/program files (x86)/cypress/psoc creator/4.4/psoc creator/import/gnu/arm/5.4.1/bin/../lib/gcc/arm-none-eabi/5.4.1/../../../../arm-none-eabi/lib/armv7e-m/softfp\libg_nano.a(lib_a-findfp.o)
                0x1008d098                _cleanup_r
 .text.std.isra.0
                0x1008d0a4       0x48 c:/program files (x86)/cypress/psoc creator/4.4/psoc creator/import/gnu/arm/5.4.1/bin/../lib/gcc/arm-none-eabi/5.4.1/../../../../arm-none-eabi/lib/armv7e-m/softfp\libg_nano.a(lib_a-findfp.o)
 .text.__sfmoreglue
                0x1008d0ec       0x2c c:/program files (x86)/cypress/psoc creator/4.4/psoc creator/import/gnu/arm/5.4.1/bin/../lib/gcc/arm-none-eabi/5.4.1/../../../../arm-none-eabi/lib/armv7e-m/softfp\libg_nano.a(lib_a-findfp.o)
                0x1008d0ec                __sfmoreglue
 .text.__sinit  0x1008d118       0x60 c:/program files (x86)/cypress/psoc creator/4.4/psoc creator/import/gnu/arm/5.4.1/bin/../lib/gcc/arm-none-eabi/5.4.1/../../../../arm-none-eabi/lib/armv7e-m/softfp\libg_nano.a(lib_a-findfp.o)
                0x1008d118                __sinit
 .text.__sfp    0x1008d178       0x78 c:/program files (x86)/cypress/psoc creator/4.4/psoc creator/import/gnu/arm/5.4.1/bin/../lib/gcc/arm-none-eabi/5.4.1/../../../../arm-none-eabi/lib/armv7e-m/softfp\libg_nano.a(lib_a-findfp.o)
                0x1008d178                __sfp
 .text._fwalk   0x1008d1f0       0x38 c:/program files (x86)/cypress/psoc creator/4.4/psoc creator/import/gnu/arm/5.4.1/bin/../lib/gcc/arm-none-eabi/5.4.1/../../../../arm-none-eabi/lib/armv7e-m/softfp\libg_nano.a(lib_a-fwalk.o)
                0x1008d1f0                _fwalk
 .text._fwalk_reent
                0x1008d228       0x3c c:/program files (x86)/cypress/psoc creator/4.4/psoc creator/import/gnu/arm/5.4.1/bin/../lib/gcc/arm-none-eabi/5.4.1/../../../../arm-none-eabi/lib/armv7e-m/softfp\libg_nano.a(lib_a-fwalk.o)
                0x1008d228                _fwalk_reent
 .text._localeconv_r
                0x1008d264        0x8 c:/program files (x86)/cypress/psoc creator/4.4/psoc creator/import/gnu/arm/5.4.1/bin/../lib/gcc/arm-none-eabi/5.4.1/../../../../arm-none-eabi/lib/armv7e-m/softfp\libg_nano.a(lib_a-locale.o)
                0x1008d264                _localeconv_r
 .text.__swhatbuf_r
                0x1008d26c       0x46 c:/program files (x86)/cypress/psoc creator/4.4/psoc creator/import/gnu/arm/5.4.1/bin/../lib/gcc/arm-none-eabi/5.4.1/../../../../arm-none-eabi/lib/armv7e-m/softfp\libg_nano.a(lib_a-makebuf.o)
                0x1008d26c                __swhatbuf_r
 *fill*         0x1008d2b2        0x2 
 .text.__smakebuf_r
                0x1008d2b4       0x78 c:/program files (x86)/cypress/psoc creator/4.4/psoc creator/import/gnu/arm/5.4.1/bin/../lib/gcc/arm-none-eabi/5.4.1/../../../../arm-none-eabi/lib/armv7e-m/softfp\libg_nano.a(lib_a-makebuf.o)
                0x1008d2b4                __smakebuf_r
 .text.malloc   0x1008d32c       0x10 c:/program files (x86)/cypress/psoc creator/4.4/psoc creator/import/gnu/arm/5.4.1/bin/../lib/gcc/arm-none-eabi/5.4.1/../../../../arm-none-eabi/lib/armv7e-m/softfp\libg_nano.a(lib_a-malloc.o)
                0x1008d32c                malloc
 *fill*         0x1008d33c        0x4 
 .text          0x1008d340       0xa0 c:/program files (x86)/cypress/psoc creator/4.4/psoc creator/import/gnu/arm/5.4.1/bin/../lib/gcc/arm-none-eabi/5.4.1/../../../../arm-none-eabi/lib/armv7e-m/softfp\libg_nano.a(lib_a-memchr.o)
                0x1008d340                memchr
 .text._Balloc  0x1008d3e0       0x6a c:/program files (x86)/cypress/psoc creator/4.4/psoc creator/import/gnu/arm/5.4.1/bin/../lib/gcc/arm-none-eabi/5.4.1/../../../../arm-none-eabi/lib/armv7e-m/softfp\libg_nano.a(lib_a-mprec.o)
                0x1008d3e0                _Balloc