Archive member included to satisfy reference by file (symbol)

C:\Users\Austina\Documents\PSoC Creator\4.2\Downloads ( 4.2).cylib\CapSense_v3_0\Library\CapSense_Library_GCC_M0p.a(CapSense_SmartSense_LL.o)
                              .\CortexM0p\ARM_GCC_541\Debug\CapSense_Sensing.o (SmartSense_TunePrescalers)
C:\Users\Austina\Documents\PSoC Creator\4.2\Downloads ( 4.2).cylib\CapSense_v3_0\Library\CapSense_Library_GCC_M0p.a(CapSense_SmartSense_SL.o)
                              .\CortexM0p\ARM_GCC_541\Debug\CapSense_Processing.o (SmartSense_UpdateThresholds)
Generated_Source\PSoC6\pdl\middleware\ble\lib\cy_ble_stack_gcc_controller_ipc_cm0p.a(CyBleStackMgrIP_Interface.o)
                              .\CortexM0p\ARM_GCC_541\Debug\cy_ble.o (Cy_BLE_EnablePrivacyFeature)
Generated_Source\PSoC6\pdl\middleware\ble\lib\cy_ble_stack_gcc_controller_ipc_cm0p.a(CyBleStackMgr_PSoCHal.o)
                              Generated_Source\PSoC6\pdl\middleware\ble\lib\cy_ble_stack_gcc_controller_ipc_cm0p.a(CyBleStackMgrIP_Interface.o) (bt_config)
Generated_Source\PSoC6\pdl\middleware\ble\lib\cy_ble_stack_gcc_controller_ipc_cm0p.a(CyBleStackMgr_BleSSDriver.o)
                              Generated_Source\PSoC6\pdl\middleware\ble\lib\cy_ble_stack_gcc_controller_ipc_cm0p.a(CyBleStackMgrIP_Interface.o) (CyBleStackMgr_BleSSInit)
Generated_Source\PSoC6\pdl\middleware\ble\lib\cy_ble_stack_gcc_controller_ipc_cm0p.a(CyBleStackMgr_StackTaskHandler.o)
                              Generated_Source\PSoC6\pdl\middleware\ble\lib\cy_ble_stack_gcc_controller_ipc_cm0p.a(CyBleStackMgrIP_Interface.o) (CyBle_CreateBleStackTask)
Generated_Source\PSoC6\pdl\middleware\ble\lib\cy_ble_stack_gcc_controller_ipc_cm0p.a(config_bin.o)
                              Generated_Source\PSoC6\pdl\middleware\ble\lib\cy_ble_stack_gcc_controller_ipc_cm0p.a(CyBleStackMgr_PSoCHal.o) (bt_cfg_pdata)
Generated_Source\PSoC6\pdl\middleware\ble\lib\cy_ble_stack_gcc_controller_ipc_cm0p.a(BT_timer.o)
                              Generated_Source\PSoC6\pdl\middleware\ble\lib\cy_ble_stack_gcc_controller_ipc_cm0p.a(CyBleStackMgr_StackTaskHandler.o) (BT_timer_process_signals)
Generated_Source\PSoC6\pdl\middleware\ble\lib\cy_ble_stack_gcc_controller_ipc_cm0p.a(bt_os_common.o)
                              Generated_Source\PSoC6\pdl\middleware\ble\lib\cy_ble_stack_gcc_controller_ipc_cm0p.a(CyBleStackMgr_StackTaskHandler.o) (BT_ISROSQPost)
Generated_Source\PSoC6\pdl\middleware\ble\lib\cy_ble_stack_gcc_controller_ipc_cm0p.a(CyBleStackMgrIP_Pilo.o)
                              Generated_Source\PSoC6\pdl\middleware\ble\lib\cy_ble_stack_gcc_controller_ipc_cm0p.a(CyBleStackMgrIP_Interface.o) (CyPilo_InitCalibration)
Generated_Source\PSoC6\pdl\middleware\ble\lib\cy_ble_stack_gcc_controller_ipc_cm0p.a(mint_os.o)
                              Generated_Source\PSoC6\pdl\middleware\ble\lib\cy_ble_stack_gcc_controller_ipc_cm0p.a(CyBleStackMgrIP_Interface.o) (OS_init)
Generated_Source\PSoC6\pdl\middleware\ble\lib\cy_ble_stack_gcc_controller_ipc_cm0p.a(mint_os_queue.o)
                              Generated_Source\PSoC6\pdl\middleware\ble\lib\cy_ble_stack_gcc_controller_ipc_cm0p.a(mint_os.o) (OS_TOTAL_QUEUES)
Generated_Source\PSoC6\pdl\middleware\ble\lib\cy_ble_stack_gcc_controller_ipc_cm0p.a(mint_os_task.o)
                              Generated_Source\PSoC6\pdl\middleware\ble\lib\cy_ble_stack_gcc_controller_ipc_cm0p.a(mint_os.o) (idle_func_handler)
Generated_Source\PSoC6\pdl\middleware\ble\lib\cy_ble_stack_gcc_controller_ipc_cm0p.a(mint_buf_mgmt.o)
                              Generated_Source\PSoC6\pdl\middleware\ble\lib\cy_ble_stack_gcc_controller_ipc_cm0p.a(CyBleStackMgrIP_Interface.o) (mint_buf_mgmt_init)
Generated_Source\PSoC6\pdl\middleware\ble\lib\cy_ble_stack_gcc_controller_ipc_cm0p.a(transport_ipc.o)
                              Generated_Source\PSoC6\pdl\middleware\ble\lib\cy_ble_stack_gcc_controller_ipc_cm0p.a(CyBleStackMgr_PSoCHal.o) (CyBleController_HciIpcInit)
Generated_Source\PSoC6\pdl\middleware\ble\lib\cy_ble_stack_gcc_controller_ipc_cm0p.a(CyBleStackMgr_PSoCIPCHal.o)
                              Generated_Source\PSoC6\pdl\middleware\ble\lib\cy_ble_stack_gcc_controller_ipc_cm0p.a(CyBleStackMgrIP_Interface.o) (CyBleController_IPC_HAL_InitWithStaticMem)
Generated_Source\PSoC6\pdl\middleware\ble\lib\cy_ble_stack_gcc_controller_ipc_cm0p.a(CyBleControllerIP_Interface.o)
                              Generated_Source\PSoC6\pdl\middleware\ble\lib\cy_ble_stack_gcc_controller_ipc_cm0p.a(CyBleStackMgrIP_Interface.o) (CyBle_ControllerEnableDleFeature)
Generated_Source\PSoC6\pdl\middleware\ble\lib\cy_ble_stack_gcc_controller_ipc_cm0p.a(ll.o)
                              Generated_Source\PSoC6\pdl\middleware\ble\lib\cy_ble_stack_gcc_controller_ipc_cm0p.a(CyBleControllerIP_Interface.o) (ll_self_device_data)
Generated_Source\PSoC6\pdl\middleware\ble\lib\cy_ble_stack_gcc_controller_ipc_cm0p.a(ll_advertiser.o)
[...]
Memory Configuration

Name             Origin             Length             Attributes
ram              0x08000000         0x00024000         xrw
flash            0x10000000         0x00080000         xr
em_eeprom        0x14000000         0x00008000         xr
sflash_user_data 0x16000800         0x00000800         xr
sflash_nar       0x16001a00         0x00000200         xr
sflash_public_key 0x16005a00         0x00000c00         xr
sflash_toc_2     0x16007c00         0x00000200         xr
sflash_rtoc_2    0x16007e00         0x00000200         xr
xip              0x18000000         0x08000000         xr
efuse            0x90700000         0x00100000         r
*default*        0x00000000         0xffffffff

Linker script and memory map

LOAD c:/program files (x86)/cypress/psoc creator/4.3/psoc creator/import/gnu/arm/5.4.1/bin/../lib/gcc/arm-none-eabi/5.4.1/armv6-m/crti.o
LOAD c:/program files (x86)/cypress/psoc creator/4.3/psoc creator/import/gnu/arm/5.4.1/bin/../lib/gcc/arm-none-eabi/5.4.1/armv6-m/crtbegin.o
LOAD c:/program files (x86)/cypress/psoc creator/4.3/psoc creator/import/gnu/arm/5.4.1/bin/../lib/gcc/arm-none-eabi/5.4.1/../../../../arm-none-eabi/lib/armv6-m/crt0.o
START GROUP
LOAD Generated_Source\PSoC6\pdl\middleware\ble\lib\cy_ble_stack_gcc_radio_max_cm0p.a
LOAD Generated_Source\PSoC6\pdl\middleware\ble\lib\cy_ble_stack_gcc_controller_ipc_cm0p.a
LOAD .\CortexM0p\ARM_GCC_541\Debug\startup_psoc6_01_cm0plus.o
LOAD .\CortexM0p\ARM_GCC_541\Debug\system_psoc6_cm0plus.o
LOAD .\CortexM0p\ARM_GCC_541\Debug\main_cm0p.o
LOAD .\CortexM0p\ARM_GCC_541\Debug\stdio_user.o
LOAD .\CortexM0p\ARM_GCC_541\Debug\cyfitter_sysint_cfg.o
LOAD .\CortexM0p\ARM_GCC_541\Debug\cyfitter_cfg.o
LOAD .\CortexM0p\ARM_GCC_541\Debug\cymetadata.o
LOAD .\CortexM0p\ARM_GCC_541\Debug\BLE.o
LOAD .\CortexM0p\ARM_GCC_541\Debug\BLE_config.o
LOAD .\CortexM0p\ARM_GCC_541\Debug\BLE_custom_config.o
LOAD .\CortexM0p\ARM_GCC_541\Debug\cy_efuse.o
LOAD .\CortexM0p\ARM_GCC_541\Debug\cy_flash.o
LOAD .\CortexM0p\ARM_GCC_541\Debug\cy_gpio.o
LOAD .\CortexM0p\ARM_GCC_541\Debug\cy_ipc_drv.o
LOAD .\CortexM0p\ARM_GCC_541\Debug\cy_ipc_sema.o
LOAD .\CortexM0p\ARM_GCC_541\Debug\cy_ipc_pipe.o
LOAD .\CortexM0p\ARM_GCC_541\Debug\cy_lvd.o
LOAD .\CortexM0p\ARM_GCC_541\Debug\cy_profile.o
LOAD .\CortexM0p\ARM_GCC_541\Debug\cy_prot.o
LOAD .\CortexM0p\ARM_GCC_541\Debug\cy_scb_common.o
LOAD .\CortexM0p\ARM_GCC_541\Debug\cy_scb_i2c.o
LOAD .\CortexM0p\ARM_GCC_541\Debug\cy_scb_ezi2c.o
LOAD .\CortexM0p\ARM_GCC_541\Debug\cy_scb_spi.o
LOAD .\CortexM0p\ARM_GCC_541\Debug\cy_scb_uart.o
LOAD .\CortexM0p\ARM_GCC_541\Debug\cy_sysanalog.o
LOAD .\CortexM0p\ARM_GCC_541\Debug\cy_sysclk.o
LOAD .\CortexM0p\ARM_GCC_541\Debug\cy_sysint.o
LOAD .\CortexM0p\ARM_GCC_541\Debug\cy_syslib.o
LOAD .\CortexM0p\ARM_GCC_541\Debug\cy_syslib_gcc.o
LOAD .\CortexM0p\ARM_GCC_541\Debug\cy_syspm.o
LOAD .\CortexM0p\ARM_GCC_541\Debug\cy_systick.o
LOAD .\CortexM0p\ARM_GCC_541\Debug\cy_trigmux.o
LOAD .\CortexM0p\ARM_GCC_541\Debug\cy_wdt.o
LOAD .\CortexM0p\ARM_GCC_541\Debug\cy_device.o
LOAD .\CortexM0p\ARM_GCC_541\Debug\cy_ble.o
LOAD .\CortexM0p\ARM_GCC_541\Debug\cy_ble_hal_int.o
LOAD .\CortexM0p\ARM_GCC_541\Debug\cy_ble_hal_pvt.o
LOAD .\CortexM0p\ARM_GCC_541\Debug\cy_ble_gap.o
LOAD .\CortexM0p\ARM_GCC_541\Debug\cy_ble_gatt.o
LOAD .\CortexM0p\ARM_GCC_541\Debug\cy_ble_event_handler.o
LOAD .\CortexM0p\ARM_GCC_541\Debug\cy_ble_ancs.o
LOAD .\CortexM0p\ARM_GCC_541\Debug\cy_ble_ans.o
LOAD .\CortexM0p\ARM_GCC_541\Debug\cy_ble_aios.o
LOAD .\CortexM0p\ARM_GCC_541\Debug\cy_ble_bas.o
LOAD .\CortexM0p\ARM_GCC_541\Debug\cy_ble_bcs.o
LOAD .\CortexM0p\ARM_GCC_541\Debug\cy_ble_bls.o
LOAD .\CortexM0p\ARM_GCC_541\Debug\cy_ble_bms.o
LOAD .\CortexM0p\ARM_GCC_541\Debug\cy_ble_bts.o
LOAD .\CortexM0p\ARM_GCC_541\Debug\cy_ble_cgms.o
LOAD .\CortexM0p\ARM_GCC_541\Debug\cy_ble_cps.o
LOAD .\CortexM0p\ARM_GCC_541\Debug\cy_ble_cscs.o
LOAD .\CortexM0p\ARM_GCC_541\Debug\cy_ble_cts.o
LOAD .\CortexM0p\ARM_GCC_541\Debug\cy_ble_custom.o
LOAD .\CortexM0p\ARM_GCC_541\Debug\cy_ble_dis.o
LOAD .\CortexM0p\ARM_GCC_541\Debug\cy_ble_ess.o
LOAD .\CortexM0p\ARM_GCC_541\Debug\cy_ble_gls.o
LOAD .\CortexM0p\ARM_GCC_541\Debug\cy_ble_hids.o
LOAD .\CortexM0p\ARM_GCC_541\Debug\cy_ble_hps.o
LOAD .\CortexM0p\ARM_GCC_541\Debug\cy_ble_hrs.o
LOAD .\CortexM0p\ARM_GCC_541\Debug\cy_ble_hts.o
LOAD .\CortexM0p\ARM_GCC_541\Debug\cy_ble_ias.o
LOAD .\CortexM0p\ARM_GCC_541\Debug\cy_ble_ips.o
LOAD .\CortexM0p\ARM_GCC_541\Debug\cy_ble_lls.o
LOAD .\CortexM0p\ARM_GCC_541\Debug\cy_ble_lns.o
LOAD .\CortexM0p\ARM_GCC_541\Debug\cy_ble_ndcs.o
LOAD .\CortexM0p\ARM_GCC_541\Debug\cy_ble_plxs.o
LOAD .\CortexM0p\ARM_GCC_541\Debug\cy_ble_pass.o
LOAD .\CortexM0p\ARM_GCC_541\Debug\cy_ble_rscs.o
LOAD .\CortexM0p\ARM_GCC_541\Debug\cy_ble_rtus.o
LOAD .\CortexM0p\ARM_GCC_541\Debug\cy_ble_scps.o
LOAD .\CortexM0p\ARM_GCC_541\Debug\cy_ble_tps.o
LOAD .\CortexM0p\ARM_GCC_541\Debug\cy_ble_uds.o
LOAD .\CortexM0p\ARM_GCC_541\Debug\cy_ble_wpts.o
LOAD .\CortexM0p\ARM_GCC_541\Debug\cy_ble_wss.o
LOAD .\CortexM0p\ARM_GCC_541\Debug\cy_ble_clk.o
LOAD .\CortexM0p\ARM_GCC_541\Debug\retarget.o
LOAD .\CortexM0p\ARM_GCC_541\Debug\UART.o
LOAD .\CortexM0p\ARM_GCC_541\Debug\CapSense_Control.o
LOAD .\CortexM0p\ARM_GCC_541\Debug\CapSense_Processing.o
LOAD .\CortexM0p\ARM_GCC_541\Debug\CapSense_Structure.o
LOAD .\CortexM0p\ARM_GCC_541\Debug\CapSense_Tuner.o
LOAD .\CortexM0p\ARM_GCC_541\Debug\CapSense_Filter.o
LOAD .\CortexM0p\ARM_GCC_541\Debug\CapSense_Sensing.o
LOAD .\CortexM0p\ARM_GCC_541\Debug\CapSense_INT.o
LOAD .\CortexM0p\ARM_GCC_541\Debug\CapSense_SensingCSD_LL.o
LOAD .\CortexM0p\ARM_GCC_541\Debug\CapSense_SensingCSX_LL.o
LOAD .\CortexM0p\ARM_GCC_541\Debug\CapSense_Centroid_LL.o
LOAD .\CortexM0p\ARM_GCC_541\Debug\I2C_1.o
LOAD C:\Users\Austina\Documents\PSoC Creator\4.2\Downloads ( 4.2).cylib\CapSense_v3_0\Library\CapSense_Library_GCC_M0p.a
END GROUP
START GROUP
LOAD c:/program files (x86)/cypress/psoc creator/4.3/psoc creator/import/gnu/arm/5.4.1/bin/../lib/gcc/arm-none-eabi/5.4.1/armv6-m\libgcc.a
LOAD c:/program files (x86)/cypress/psoc creator/4.3/psoc creator/import/gnu/arm/5.4.1/bin/../lib/gcc/arm-none-eabi/5.4.1/../../../../arm-none-eabi/lib/armv6-m\libg_nano.a
LOAD c:/program files (x86)/cypress/psoc creator/4.3/psoc creator/import/gnu/arm/5.4.1/bin/../lib/gcc/arm-none-eabi/5.4.1/../../../../arm-none-eabi/lib/armv6-m\libc_nano.a
END GROUP
START GROUP
LOAD c:/program files (x86)/cypress/psoc creator/4.3/psoc creator/import/gnu/arm/5.4.1/bin/../lib/gcc/arm-none-eabi/5.4.1/armv6-m\libgcc.a
LOAD c:/program files (x86)/cypress/psoc creator/4.3/psoc creator/import/gnu/arm/5.4.1/bin/../lib/gcc/arm-none-eabi/5.4.1/../../../../arm-none-eabi/lib/armv6-m\libc_nano.a
END GROUP
LOAD c:/program files (x86)/cypress/psoc creator/4.3/psoc creator/import/gnu/arm/5.4.1/bin/../lib/gcc/arm-none-eabi/5.4.1/armv6-m/crtend.o
LOAD c:/program files (x86)/cypress/psoc creator/4.3/psoc creator/import/gnu/arm/5.4.1/bin/../lib/gcc/arm-none-eabi/5.4.1/armv6-m/crtn.o
START GROUP
LOAD c:/program files (x86)/cypress/psoc creator/4.3/psoc creator/import/gnu/arm/5.4.1/bin/../lib/gcc/arm-none-eabi/5.4.1/armv6-m\libgcc.a
LOAD c:/program files (x86)/cypress/psoc creator/4.3/psoc creator/import/gnu/arm/5.4.1/bin/../lib/gcc/arm-none-eabi/5.4.1/../../../../arm-none-eabi/lib/armv6-m\libc.a
LOAD c:/program files (x86)/cypress/psoc creator/4.3/psoc creator/import/gnu/arm/5.4.1/bin/../lib/gcc/arm-none-eabi/5.4.1/../../../../arm-none-eabi/lib/armv6-m\libnosys.a
END GROUP
START GROUP
LOAD c:/program files (x86)/cypress/psoc creator/4.3/psoc creator/import/gnu/arm/5.4.1/bin/../lib/gcc/arm-none-eabi/5.4.1/armv6-m\libgcc.a
LOAD c:/program files (x86)/cypress/psoc creator/4.3/psoc creator/import/gnu/arm/5.4.1/bin/../lib/gcc/arm-none-eabi/5.4.1/../../../../arm-none-eabi/lib/armv6-m\libc.a
LOAD c:/program files (x86)/cypress/psoc creator/4.3/psoc creator/import/gnu/arm/5.4.1/bin/../lib/gcc/arm-none-eabi/5.4.1/../../../../arm-none-eabi/lib/armv6-m\libm.a
LOAD c:/program files (x86)/cypress/psoc creator/4.3/psoc creator/import/gnu/arm/5.4.1/bin/../lib/gcc/arm-none-eabi/5.4.1/../../../../arm-none-eabi/lib/armv6-m\libnosys.a
END GROUP

.cy_app_header
 *(.cy_app_header)

.text           0x10000000     0x6400
                0x10000000                . = ALIGN (0x4)
                0x10000000                __Vectors = .
 *(.vectors)
 .vectors       0x10000000       0xc0 .\CortexM0p\ARM_GCC_541\Debug\startup_psoc6_01_cm0plus.o
                0x100000c0                . = ALIGN (0x4)
                0x100000c0                __Vectors_End = .
                0x000000c0                __Vectors_Size = (__Vectors_End - __Vectors)
                0x100000c0                __end__ = .
                0x100000c0                . = ALIGN (0x4)
 *(.text*)
 .text          0x100000c0       0x60 c:/program files (x86)/cypress/psoc creator/4.3/psoc creator/import/gnu/arm/5.4.1/bin/../lib/gcc/arm-none-eabi/5.4.1/armv6-m/crtbegin.o
 .text          0x10000120       0x80 .\CortexM0p\ARM_GCC_541\Debug\startup_psoc6_01_cm0plus.o
                0x10000120                Cy_OnResetUser
                0x10000122                Reset_Handler
                0x10000180                NvicMux10_IRQHandler
                0x10000180                NvicMux26_IRQHandler
                0x10000180                SysTick_Handler
                0x10000180                NvicMux21_IRQHandler
                0x10000180                NMI_Handler
                0x10000180                NvicMux19_IRQHandler
                0x10000180                NvicMux8_IRQHandler
                0x10000180                NvicMux27_IRQHandler
                0x10000180                PendSV_Handler
                0x10000180                NvicMux17_IRQHandler
                0x10000180                NvicMux0_IRQHandler
                0x10000180                NvicMux25_IRQHandler
                0x10000180                NvicMux13_IRQHandler
                0x10000180                NvicMux11_IRQHandler
                0x10000180                NvicMux9_IRQHandler
                0x10000180                NvicMux18_IRQHandler
                0x10000180                NvicMux6_IRQHandler
                0x10000180                NvicMux22_IRQHandler
                0x10000180                NvicMux7_IRQHandler
                0x10000180                NvicMux2_IRQHandler
                0x10000180                NvicMux4_IRQHandler
                0x10000180                Default_Handler
                0x10000180                NvicMux30_IRQHandler
                0x10000180                NvicMux12_IRQHandler
                0x10000180                NvicMux5_IRQHandler
                0x10000180                NvicMux14_IRQHandler
                0x10000180                NvicMux3_IRQHandler
                0x10000180                SVC_Handler
                0x10000180                NvicMux1_IRQHandler
                0x10000180                NvicMux16_IRQHandler
                0x10000180                NvicMux29_IRQHandler
                0x10000180                NvicMux31_IRQHandler
                0x10000180                NvicMux24_IRQHandler
                0x10000180                NvicMux20_IRQHandler
                0x10000180                NvicMux15_IRQHandler
                0x10000180                NvicMux28_IRQHandler
                0x10000180                NvicMux23_IRQHandler
                0x10000184                HardFault_Handler
 .text.Cy_SysIpcPipeIsrCm0
                0x100001a0        0xc .\CortexM0p\ARM_GCC_541\Debug\system_psoc6_cm0plus.o
                0x100001a0                Cy_SysIpcPipeIsrCm0
 .text.SystemCoreClockUpdate
                0x100001ac      0x1b0 .\CortexM0p\ARM_GCC_541\Debug\system_psoc6_cm0plus.o
                0x100001ac                SystemCoreClockUpdate
 .text.SystemInit
                0x1000035c       0xc8 .\CortexM0p\ARM_GCC_541\Debug\system_psoc6_cm0plus.o
                0x1000035c                SystemInit
 .text.Cy_SysGetCM4Status
                0x10000424       0x10 .\CortexM0p\ARM_GCC_541\Debug\system_psoc6_cm0plus.o
                0x10000424                Cy_SysGetCM4Status
 .text.Cy_SysResetCM4
                0x10000434       0x34 .\CortexM0p\ARM_GCC_541\Debug\system_psoc6_cm0plus.o
                0x10000434                Cy_SysResetCM4
 .text.Cy_SysEnableCM4
                0x10000468       0x5c .\CortexM0p\ARM_GCC_541\Debug\system_psoc6_cm0plus.o
                0x10000468                Cy_SysEnableCM4
 .text.main     0x100004c4       0x1c .\CortexM0p\ARM_GCC_541\Debug\main_cm0p.o
                0x100004c4                main
 .text.CyClockStartupError
                0x100004e0        0x4 .\CortexM0p\ARM_GCC_541\Debug\cyfitter_cfg.o
 .text.AnalogSetDefault
                0x100004e4       0x30 .\CortexM0p\ARM_GCC_541\Debug\cyfitter_cfg.o
 .text.ClockInit
                0x10000514      0x2fc .\CortexM0p\ARM_GCC_541\Debug\cyfitter_cfg.o
 .text.Cy_SystemInit
                0x10000810      0x18c .\CortexM0p\ARM_GCC_541\Debug\cyfitter_cfg.o
                0x10000810                Cy_SystemInit
 .text.Cy_BLE_Start
                0x1000099c       0x2c .\CortexM0p\ARM_GCC_541\Debug\BLE.o
                0x1000099c                Cy_BLE_Start
 .text.Cy_Flash_BoundsCheck
                0x100009c8        0xc .\CortexM0p\ARM_GCC_541\Debug\cy_flash.o
 .text.Cy_Flash_ProcessOpcode
                0x100009d4       0xbc .\CortexM0p\ARM_GCC_541\Debug\cy_flash.o
 .text.Cy_Flash_OperationStatus
                0x10000a90       0x5c .\CortexM0p\ARM_GCC_541\Debug\cy_flash.o
 .text.Cy_Flash_InitExt
                0x10000aec       0x44 .\CortexM0p\ARM_GCC_541\Debug\cy_flash.o
                0x10000aec                Cy_Flash_InitExt
 .text.Cy_Flash_Init
                0x10000b30       0x10 .\CortexM0p\ARM_GCC_541\Debug\cy_flash.o
                0x10000b30                Cy_Flash_Init
 .text.Cy_Flash_WriteRow
                0x10000b40       0xa0 .\CortexM0p\ARM_GCC_541\Debug\cy_flash.o
                0x10000b40                Cy_Flash_WriteRow
 .text.Cy_Flash_IsOperationComplete
                0x10000be0        0x8 .\CortexM0p\ARM_GCC_541\Debug\cy_flash.o
                0x10000be0                Cy_Flash_IsOperationComplete
 .text.Cy_Flash_StartErase
                0x10000be8       0xac .\CortexM0p\ARM_GCC_541\Debug\cy_flash.o
                0x10000be8                Cy_Flash_StartErase
 .text.Cy_Flash_StartProgram
                0x10000c94       0xb4 .\CortexM0p\ARM_GCC_541\Debug\cy_flash.o
                0x10000c94                Cy_Flash_StartProgram
 .text.Cy_GPIO_Pin_Init
                0x10000d48      0x334 .\CortexM0p\ARM_GCC_541\Debug\cy_gpio.o
                0x10000d48                Cy_GPIO_Pin_Init
 .text.Cy_GPIO_Port_Init
                0x1000107c       0xdc .\CortexM0p\ARM_GCC_541\Debug\cy_gpio.o
                0x1000107c                Cy_GPIO_Port_Init
 .text.Cy_IPC_Drv_LockRelease
                0x10001158       0x40 .\CortexM0p\ARM_GCC_541\Debug\cy_ipc_drv.o
                0x10001158                Cy_IPC_Drv_LockRelease
 .text.Cy_IPC_Drv_SendMsgWord
                0x10001198       0x40 .\CortexM0p\ARM_GCC_541\Debug\cy_ipc_drv.o
                0x10001198                Cy_IPC_Drv_SendMsgWord
 .text.Cy_IPC_Drv_ReadMsgWord
                0x100011d8       0x38 .\CortexM0p\ARM_GCC_541\Debug\cy_ipc_drv.o
                0x100011d8                Cy_IPC_Drv_ReadMsgWord
 .text.Cy_IPC_Sema_InitExt
                0x10001210       0xac .\CortexM0p\ARM_GCC_541\Debug\cy_ipc_sema.o
                0x10001210                Cy_IPC_Sema_InitExt
 .text.Cy_IPC_Sema_Init
                0x100012bc       0x68 .\CortexM0p\ARM_GCC_541\Debug\cy_ipc_sema.o
                0x100012bc                Cy_IPC_Sema_Init
 .text.Cy_IPC_Sema_Set
                0x10001324       0x8c .\CortexM0p\ARM_GCC_541\Debug\cy_ipc_sema.o
                0x10001324                Cy_IPC_Sema_Set
 .text.Cy_IPC_Sema_Clear
                0x100013b0       0x8c .\CortexM0p\ARM_GCC_541\Debug\cy_ipc_sema.o
                0x100013b0                Cy_IPC_Sema_Clear
 .text.Cy_IPC_Sema_Status
                0x1000143c       0x3c .\CortexM0p\ARM_GCC_541\Debug\cy_ipc_sema.o
                0x1000143c                Cy_IPC_Sema_Status
 .text.Cy_IPC_Pipe_Config
                0x10001478       0x14 .\CortexM0p\ARM_GCC_541\Debug\cy_ipc_pipe.o
                0x10001478                Cy_IPC_Pipe_Config
 .text.Cy_IPC_Pipe_EndpointInit
                0x1000148c       0xd8 .\CortexM0p\ARM_GCC_541\Debug\cy_ipc_pipe.o
                0x1000148c                Cy_IPC_Pipe_EndpointInit
 .text.Cy_IPC_Pipe_Init
                0x10001564       0xbc .\CortexM0p\ARM_GCC_541\Debug\cy_ipc_pipe.o
                0x10001564                Cy_IPC_Pipe_Init
 .text.Cy_IPC_Pipe_SendMessage
                0x10001620       0xb8 .\CortexM0p\ARM_GCC_541\Debug\cy_ipc_pipe.o
                0x10001620                Cy_IPC_Pipe_SendMessage
 .text.Cy_IPC_Pipe_RegisterCallback
                0x100016d8       0x54 .\CortexM0p\ARM_GCC_541\Debug\cy_ipc_pipe.o
                0x100016d8                Cy_IPC_Pipe_RegisterCallback
 .text.Cy_IPC_Pipe_RegisterCallbackRel
                0x1000172c       0x30 .\CortexM0p\ARM_GCC_541\Debug\cy_ipc_pipe.o
                0x1000172c                Cy_IPC_Pipe_RegisterCallbackRel
 .text.Cy_IPC_Pipe_ExecCallback
                0x1000175c       0xd0 .\CortexM0p\ARM_GCC_541\Debug\cy_ipc_pipe.o
                0x1000175c                Cy_IPC_Pipe_ExecCallback
 .text.Cy_IPC_Pipe_ExecuteCallback
                0x1000182c       0x30 .\CortexM0p\ARM_GCC_541\Debug\cy_ipc_pipe.o
                0x1000182c                Cy_IPC_Pipe_ExecuteCallback
 .text.Cy_IPC_Pipe_EndpointPause
                0x1000185c       0x50 .\CortexM0p\ARM_GCC_541\Debug\cy_ipc_pipe.o
                0x1000185c                Cy_IPC_Pipe_EndpointPause
 .text.Cy_IPC_Pipe_EndpointResume
                0x100018ac       0x48 .\CortexM0p\ARM_GCC_541\Debug\cy_ipc_pipe.o
                0x100018ac                Cy_IPC_Pipe_EndpointResume
 .text.Cy_Prot_GetActivePC
                0x100018f4       0x34 .\CortexM0p\ARM_GCC_541\Debug\cy_prot.o
                0x100018f4                Cy_Prot_GetActivePC
 .text.Cy_SysClk_ClkPathSetSource
                0x10001928       0x5c .\CortexM0p\ARM_GCC_541\Debug\cy_sysclk.o
                0x10001928                Cy_SysClk_ClkPathSetSource
 .text.Cy_SysClk_ClkPathGetSource
                0x10001984       0x4c .\CortexM0p\ARM_GCC_541\Debug\cy_sysclk.o
                0x10001984                Cy_SysClk_ClkPathGetSource
 .text.Cy_SysClk_FllManualConfigure
                0x100019d0      0x178 .\CortexM0p\ARM_GCC_541\Debug\cy_sysclk.o
                0x100019d0                Cy_SysClk_FllManualConfigure
 .text.Cy_SysClk_FllEnable
                0x10001b48       0xdc .\CortexM0p\ARM_GCC_541\Debug\cy_sysclk.o
                0x10001b48                Cy_SysClk_FllEnable
 .text.Cy_SysClk_StartClkMeasurementCounters
                0x10001c24      0x19c .\CortexM0p\ARM_GCC_541\Debug\cy_sysclk.o
                0x10001c24                Cy_SysClk_StartClkMeasurementCounters
 .text.Cy_SysClk_ClkMeasurementCountersGetFreq
                0x10001dc0       0xbc .\CortexM0p\ARM_GCC_541\Debug\cy_sysclk.o
                0x10001dc0                Cy_SysClk_ClkMeasurementCountersGetFreq
 .text.Cy_SysInt_SetInterruptSource
                0x10001e7c       0x78 .\CortexM0p\ARM_GCC_541\Debug\cy_sysint.o
                0x10001e7c                Cy_SysInt_SetInterruptSource
 .text.Cy_SysInt_SetVector
                0x10001ef4       0x44 .\CortexM0p\ARM_GCC_541\Debug\cy_sysint.o
                0x10001ef4                Cy_SysInt_SetVector
 .text.Cy_SysInt_Init
                0x10001f38       0xc4 .\CortexM0p\ARM_GCC_541\Debug\cy_sysint.o
                0x10001f38                Cy_SysInt_Init
 .text.Cy_SysLib_DelayUs
                0x10001ffc       0x14 .\CortexM0p\ARM_GCC_541\Debug\cy_syslib.o
                0x10001ffc                Cy_SysLib_DelayUs
 .text.Cy_SysLib_Halt
                0x10002010        0x4 .\CortexM0p\ARM_GCC_541\Debug\cy_syslib.o
                0x10002010                Cy_SysLib_Halt
 .text.Cy_SysLib_AssertFailed
                0x10002014       0x1c .\CortexM0p\ARM_GCC_541\Debug\cy_syslib.o
                0x10002014                Cy_SysLib_AssertFailed
 .text.Cy_SysLib_ClearFlashCacheAndBuffer
                0x10002030       0x10 .\CortexM0p\ARM_GCC_541\Debug\cy_syslib.o
                0x10002030                Cy_SysLib_ClearFlashCacheAndBuffer
 .text.Cy_SysLib_ResetBackupDomain
                0x10002040       0x20 .\CortexM0p\ARM_GCC_541\Debug\cy_syslib.o
                0x10002040                Cy_SysLib_ResetBackupDomain
 .text.Cy_SysLib_GetResetReason
                0x10002060       0x1c .\CortexM0p\ARM_GCC_541\Debug\cy_syslib.o
                0x10002060                Cy_SysLib_GetResetReason
 .text.Cy_SysLib_ProcessingFault
                0x1000207c        0x4 .\CortexM0p\ARM_GCC_541\Debug\cy_syslib.o
                0x1000207c                Cy_SysLib_ProcessingFault
 .text.Cy_SysLib_FaultHandler
                0x10002080       0x30 .\CortexM0p\ARM_GCC_541\Debug\cy_syslib.o
                0x10002080                Cy_SysLib_FaultHandler
 .text.Cy_SysLib_SetWaitStates
                0x100020b0       0xe0 .\CortexM0p\ARM_GCC_541\Debug\cy_syslib.o
                0x100020b0                Cy_SysLib_SetWaitStates
 .text          0x10002190       0x20 .\CortexM0p\ARM_GCC_541\Debug\cy_syslib_gcc.o
                0x10002190                Cy_SysLib_DelayCycles
                0x100021a2                Cy_SysLib_EnterCriticalSection
                0x100021aa                Cy_SysLib_ExitCriticalSection
 .text.SetReadMarginTrimUlp
                0x100021b0       0x98 .\CortexM0p\ARM_GCC_541\Debug\cy_syspm.o
 .text.SetReadMarginTrimLp
                0x10002248       0x90 .\CortexM0p\ARM_GCC_541\Debug\cy_syspm.o
 .text.SetWriteAssistTrimUlp
                0x100022d8       0x74 .\CortexM0p\ARM_GCC_541\Debug\cy_syspm.o
 .text.SetWriteAssistTrimLp
                0x1000234c       0x84 .\CortexM0p\ARM_GCC_541\Debug\cy_syspm.o
 .text.IsVoltageChangePossible
                0x100023d0       0x58 .\CortexM0p\ARM_GCC_541\Debug\cy_syspm.o
 .text.Cy_SysPm_BuckIsOutputEnabled
                0x10002428       0x5c .\CortexM0p\ARM_GCC_541\Debug\cy_syspm.o
                0x10002428                Cy_SysPm_BuckIsOutputEnabled
 .text.Cy_SysPm_BuckSetVoltage2
                0x10002484       0x6c .\CortexM0p\ARM_GCC_541\Debug\cy_syspm.o
                0x10002484                Cy_SysPm_BuckSetVoltage2
 .text.Cy_SysPm_RegisterCallback
                0x100024f0       0x5c .\CortexM0p\ARM_GCC_541\Debug\cy_syspm.o
                0x100024f0                Cy_SysPm_RegisterCallback
 .text.Cy_SysPm_ExecuteCallback
                0x1000254c       0xd4 .\CortexM0p\ARM_GCC_541\Debug\cy_syspm.o
                0x1000254c                Cy_SysPm_ExecuteCallback
 .text.Cy_SysPm_CpuEnterSleep
                0x10002620       0x8c .\CortexM0p\ARM_GCC_541\Debug\cy_syspm.o
                0x10002620                Cy_SysPm_CpuEnterSleep
 .text.Cy_SysPm_IoUnfreeze
                0x100026ac       0x2c .\CortexM0p\ARM_GCC_541\Debug\cy_syspm.o
                0x100026ac                Cy_SysPm_IoUnfreeze
 .text.Cy_SysPm_WriteVoltageBitForFlash
                0x100026d8      0x12c .\CortexM0p\ARM_GCC_541\Debug\cy_syspm.o
                0x100026d8                Cy_SysPm_WriteVoltageBitForFlash
 .text.Cy_SysPm_BuckSetVoltage1
                0x10002804       0xa0 .\CortexM0p\ARM_GCC_541\Debug\cy_syspm.o
                0x10002804                Cy_SysPm_BuckSetVoltage1
 .text.Cy_SysPm_LdoSetVoltage
                0x100028a4       0xd0 .\CortexM0p\ARM_GCC_541\Debug\cy_syspm.o
                0x100028a4                Cy_SysPm_LdoSetVoltage
 .text.Cy_SysTick_SetClockSource
                0x10002974       0x3c .\CortexM0p\ARM_GCC_541\Debug\cy_systick.o
                0x10002974                Cy_SysTick_SetClockSource
 .text.Cy_WDT_Unlock
                0x100029b0       0x24 .\CortexM0p\ARM_GCC_541\Debug\cy_wdt.o
                0x100029b0                Cy_WDT_Unlock
 .text.Cy_PDL_Init
                0x100029d4        0xc .\CortexM0p\ARM_GCC_541\Debug\cy_device.o
                0x100029d4                Cy_PDL_Init
 .text.Cy_BLE_DeepSleepCallback
                0x100029e0       0xb4 .\CortexM0p\ARM_GCC_541\Debug\cy_ble.o
                0x100029e0                Cy_BLE_DeepSleepCallback
 .text.Cy_BLE_Init
                0x10002a94       0x18 .\CortexM0p\ARM_GCC_541\Debug\cy_ble.o
                0x10002a94                Cy_BLE_Init
 .text.Cy_BLE_Enable
                0x10002aac       0x80 .\CortexM0p\ARM_GCC_541\Debug\cy_ble.o
                0x10002aac                Cy_BLE_Enable
 .text.Cy_BLE_ConfigureExtPA
                0x10002b2c       0x10 .\CortexM0p\ARM_GCC_541\Debug\cy_ble.o
                0x10002b2c                Cy_BLE_ConfigureExtPA
 .text.Cy_BLE_BlessInterrupt
                0x10002b3c        0x8 .\CortexM0p\ARM_GCC_541\Debug\cy_ble_hal_int.o
                0x10002b3c                Cy_BLE_BlessInterrupt
 .text.Cy_BLE_IPC_CtrlMsgFlushRecvCallBack
                0x10002b44       0x10 .\CortexM0p\ARM_GCC_541\Debug\cy_ble_hal_pvt.o
 .text.Cy_BLE_HAL_RadioCalibrationRead
                0x10002b54       0x2c .\CortexM0p\ARM_GCC_541\Debug\cy_ble_hal_pvt.o
                0x10002b54                Cy_BLE_HAL_RadioCalibrationRead
 .text.Cy_BLE_HAL_NvramWrite
                0x10002b80      0x324 .\CortexM0p\ARM_GCC_541\Debug\cy_ble_hal_pvt.o
                0x10002b80                Cy_BLE_HAL_NvramWrite
 .text.Cy_BLE_HAL_RadioCalibrationWrite
                0x10002ea4       0x2c .\CortexM0p\ARM_GCC_541\Debug\cy_ble_hal_pvt.o
                0x10002ea4                Cy_BLE_HAL_RadioCalibrationWrite
 .text.Cy_BLE_HAL_GetIcPackageType
                0x10002ed0        0x4 .\CortexM0p\ARM_GCC_541\Debug\cy_ble_hal_pvt.o
                0x10002ed0                Cy_BLE_HAL_GetIcPackageType
 .text.Cy_BLE_HAL_RadioGetAbsVbat
                0x10002ed4       0x20 .\CortexM0p\ARM_GCC_541\Debug\cy_ble_hal_pvt.o
                0x10002ed4                Cy_BLE_HAL_RadioGetAbsVbat
 .text.Cy_BLE_HAL_RadioGetAbsTemp
                0x10002ef4       0x24 .\CortexM0p\ARM_GCC_541\Debug\cy_ble_hal_pvt.o
                0x10002ef4                Cy_BLE_HAL_RadioGetAbsTemp
 .text.Cy_BLE_HAL_IsDefinedTx5dbm
                0x10002f18        0x4 .\CortexM0p\ARM_GCC_541\Debug\cy_ble_hal_pvt.o
                0x10002f18                Cy_BLE_HAL_IsDefinedTx5dbm
 .text.Cy_BLE_HAL_DelayUs
                0x10002f1c        0x8 .\CortexM0p\ARM_GCC_541\Debug\cy_ble_hal_pvt.o
                0x10002f1c                Cy_BLE_HAL_DelayUs
 .text.Cy_BLE_HAL_EnableBlessInterrupt
                0x10002f24       0x24 .\CortexM0p\ARM_GCC_541\Debug\cy_ble_hal_pvt.o
                0x10002f24                Cy_BLE_HAL_EnableBlessInterrupt
 .text.Cy_BLE_HAL_DisableBlessInterrupt
                0x10002f48       0x30 .\CortexM0p\ARM_GCC_541\Debug\cy_ble_hal_pvt.o
                0x10002f48                Cy_BLE_HAL_DisableBlessInterrupt
 .text.Cy_BLE_HAL_LfClkGetSource
                0x10002f78       0x14 .\CortexM0p\ARM_GCC_541\Debug\cy_ble_hal_pvt.o
                0x10002f78                Cy_BLE_HAL_LfClkGetSource
 .text.Cy_BLE_HAL_ClkMeasurementCountersDone
                0x10002f8c       0x14 .\CortexM0p\ARM_GCC_541\Debug\cy_ble_hal_pvt.o
                0x10002f8c                Cy_BLE_HAL_ClkMeasurementCountersDone
 .text.Cy_BLE_HAL_ClkMeasurementCountersGetFreq
                0x10002fa0        0x8 .\CortexM0p\ARM_GCC_541\Debug\cy_ble_hal_pvt.o
                0x10002fa0                Cy_BLE_HAL_ClkMeasurementCountersGetFreq
 .text.Cy_BLE_HAL_StartClkMeasurementCounters
                0x10002fa8       0x2c .\CortexM0p\ARM_GCC_541\Debug\cy_ble_hal_pvt.o
                0x10002fa8                Cy_BLE_HAL_StartClkMeasurementCounters
 .text.Cy_BLE_HAL_TryPiloTrim
                0x10002fd4       0x78 .\CortexM0p\ARM_GCC_541\Debug\cy_ble_hal_pvt.o
                0x10002fd4                Cy_BLE_HAL_TryPiloTrim
 .text.Cy_BLE_HAL_PiloTrim
                0x1000304c       0x14 .\CortexM0p\ARM_GCC_541\Debug\cy_ble_hal_pvt.o
                0x1000304c                Cy_BLE_HAL_PiloTrim
 .text.Cy_BLE_HAL_BlessStart
                0x10003060       0x40 .\CortexM0p\ARM_GCC_541\Debug\cy_ble_hal_pvt.o
                0x10003060                Cy_BLE_HAL_BlessStart
 .text.Cy_BLE_HAL_GetIpBlockVersion
                0x100030a0        0x4 .\CortexM0p\ARM_GCC_541\Debug\cy_ble_hal_pvt.o
                0x100030a0                Cy_BLE_HAL_GetIpBlockVersion
 .text.Cy_BLE_HAL_EnterCriticalSection
                0x100030a4        0x8 .\CortexM0p\ARM_GCC_541\Debug\cy_ble_hal_pvt.o
                0x100030a4                Cy_BLE_HAL_EnterCriticalSection
 .text.Cy_BLE_HAL_ExitCriticalSection
                0x100030ac        0x8 .\CortexM0p\ARM_GCC_541\Debug\cy_ble_hal_pvt.o
                0x100030ac                Cy_BLE_HAL_ExitCriticalSection
 .text.Cy_BLE_HAL_SysPmSleep
                0x100030b4        0x8 .\CortexM0p\ARM_GCC_541\Debug\cy_ble_hal_pvt.o
                0x100030b4                Cy_BLE_HAL_SysPmSleep
 .text.Cy_BLE_HAL_SimoBuckSetVoltage2
                0x100030bc        0xc .\CortexM0p\ARM_GCC_541\Debug\cy_ble_hal_pvt.o
                0x100030bc                Cy_BLE_HAL_SimoBuckSetVoltage2
 .text.Cy_BLE_HAL_EnableControllerIpcPipeInterrupt
                0x100030c8        0xc .\CortexM0p\ARM_GCC_541\Debug\cy_ble_hal_pvt.o
                0x100030c8                Cy_BLE_HAL_EnableControllerIpcPipeInterrupt
 .text.Cy_BLE_HAL_DisableControllerIpcPipeInterrupt
                0x100030d4        0xc .\CortexM0p\ARM_GCC_541\Debug\cy_ble_hal_pvt.o
                0x100030d4                Cy_BLE_HAL_DisableControllerIpcPipeInterrupt
 .text.Cy_BLE_IPC_ControllerRegisterClientCallbacks
                0x100030e0       0x28 .\CortexM0p\ARM_GCC_541\Debug\cy_ble_hal_pvt.o
                0x100030e0                Cy_BLE_IPC_ControllerRegisterClientCallbacks
 .text.Cy_BLE_IPC_SendMessageToHost
                0x10003108       0x20 .\CortexM0p\ARM_GCC_541\Debug\cy_ble_hal_pvt.o
                0x10003108                Cy_BLE_IPC_SendMessageToHost
 .text.Cy_BLE_HAL_RcbRegRead
                0x10003128       0x50 .\CortexM0p\ARM_GCC_541\Debug\cy_ble_clk.o
 .text.Cy_BLE_HAL_RcbRegWrite
                0x10003178       0x4c .\CortexM0p\ARM_GCC_541\Debug\cy_ble_clk.o
 .text.Cy_BLE_HAL_MxdRadioEnableClocks
                0x100031c4      0x21c .\CortexM0p\ARM_GCC_541\Debug\cy_ble_clk.o
 .text.Cy_BLE_HAL_EcoSetTrim
                0x100033e0       0x38 .\CortexM0p\ARM_GCC_541\Debug\cy_ble_clk.o
 .text.Cy_BLE_EcoStop
                0x10003418       0x18 .\CortexM0p\ARM_GCC_541\Debug\cy_ble_clk.o
                0x10003418                Cy_BLE_EcoStop
 .text.Cy_BLE_HAL_Init
                0x10003430       0x68 .\CortexM0p\ARM_GCC_541\Debug\cy_ble_clk.o
                0x10003430                Cy_BLE_HAL_Init
 .text.Cy_BLE_EcoStart
                0x10003498      0x254 .\CortexM0p\ARM_GCC_541\Debug\cy_ble_clk.o
                0x10003498                Cy_BLE_EcoStart
 .text.Cy_BLE_HAL_EcoGetFrequency
                0x100036ec        0xc .\CortexM0p\ARM_GCC_541\Debug\cy_ble_clk.o
                0x100036ec                Cy_BLE_HAL_EcoGetFrequency
 .text.Cy_BLE_HAL_IsEcoCpuClockSrc
                0x100036f8       0x20 .\CortexM0p\ARM_GCC_541\Debug\cy_ble_clk.o
                0x100036f8                Cy_BLE_HAL_IsEcoCpuClockSrc
 .text.Cy_BLE_HAL_IsWcoLfclkSrc
                0x10003718       0x24 .\CortexM0p\ARM_GCC_541\Debug\cy_ble_clk.o
                0x10003718                Cy_BLE_HAL_IsWcoLfclkSrc
 .text          0x1000373c      0x114 c:/program files (x86)/cypress/psoc creator/4.3/psoc creator/import/gnu/arm/5.4.1/bin/../lib/gcc/arm-none-eabi/5.4.1/armv6-m\libgcc.a(_udivsi3.o)
                0x1000373c                __aeabi_uidiv
                0x1000373c                __udivsi3
                0x10003848                __aeabi_uidivmod
 .text          0x10003850      0x1d4 c:/program files (x86)/cypress/psoc creator/4.3/psoc creator/import/gnu/arm/5.4.1/bin/../lib/gcc/arm-none-eabi/5.4.1/armv6-m\libgcc.a(_divsi3.o)
                0x10003850                __divsi3
                0x10003850                __aeabi_idiv
                0x10003a1c                __aeabi_idivmod
 .text          0x10003a24        0x4 c:/program files (x86)/cypress/psoc creator/4.3/psoc creator/import/gnu/arm/5.4.1/bin/../lib/gcc/arm-none-eabi/5.4.1/armv6-m\libgcc.a(_dvmd_tls.o)
                0x10003a24                __aeabi_idiv0
                0x10003a24                __aeabi_ldiv0
 .text          0x10003a28       0x40 c:/program files (x86)/cypress/psoc creator/4.3/psoc creator/import/gnu/arm/5.4.1/bin/../lib/gcc/arm-none-eabi/5.4.1/armv6-m\libgcc.a(_aeabi_uldivmod.o)
                0x10003a28                __aeabi_uldivmod
 .text          0x10003a68       0x58 c:/program files (x86)/cypress/psoc creator/4.3/psoc creator/import/gnu/arm/5.4.1/bin/../lib/gcc/arm-none-eabi/5.4.1/armv6-m\libgcc.a(_muldi3.o)
                0x10003a68                __muldi3
                0x10003a68                __aeabi_lmul
 .text          0x10003ac0       0x3c c:/program files (x86)/cypress/psoc creator/4.3/psoc creator/import/gnu/arm/5.4.1/bin/../lib/gcc/arm-none-eabi/5.4.1/armv6-m\libgcc.a(_fixunsdfsi.o)
                0x10003ac0                __aeabi_d2uiz
                0x10003ac0                __fixunsdfsi
 .text          0x10003afc      0x180 c:/program files (x86)/cypress/psoc creator/4.3/psoc creator/import/gnu/arm/5.4.1/bin/../lib/gcc/arm-none-eabi/5.4.1/armv6-m\libgcc.a(_udivmoddi4.o)
                0x10003afc                __udivmoddi4
 .text          0x10003c7c      0x62c c:/program files (x86)/cypress/psoc creator/4.3/psoc creator/import/gnu/arm/5.4.1/bin/../lib/gcc/arm-none-eabi/5.4.1/armv6-m\libgcc.a(divdf3.o)
                0x10003c7c                __aeabi_ddiv
 .text          0x100042a8      0x4f4 c:/program files (x86)/cypress/psoc creator/4.3/psoc creator/import/gnu/arm/5.4.1/bin/../lib/gcc/arm-none-eabi/5.4.1/armv6-m\libgcc.a(muldf3.o)
                0x100042a8                __aeabi_dmul
 .text          0x1000479c      0x6a8 c:/program files (x86)/cypress/psoc creator/4.3/psoc creator/import/gnu/arm/5.4.1/bin/../lib/gcc/arm-none-eabi/5.4.1/armv6-m\libgcc.a(subdf3.o)
                0x1000479c                __aeabi_dsub
 .text          0x10004e44       0x6c c:/program files (x86)/cypress/psoc creator/4.3/psoc creator/import/gnu/arm/5.4.1/bin/../lib/gcc/arm-none-eabi/5.4.1/armv6-m\libgcc.a(fixdfsi.o)
                0x10004e44                __aeabi_d2iz
 .text          0x10004eb0       0x70 c:/program files (x86)/cypress/psoc creator/4.3/psoc creator/import/gnu/arm/5.4.1/bin/../lib/gcc/arm-none-eabi/5.4.1/armv6-m\libgcc.a(floatunsidf.o)
                0x10004eb0                __aeabi_ui2d
 .text          0x10004f20       0x7c c:/program files (x86)/cypress/psoc creator/4.3/psoc creator/import/gnu/arm/5.4.1/bin/../lib/gcc/arm-none-eabi/5.4.1/armv6-m\libgcc.a(_arm_cmpdf2.o)
                0x10004f20                __aeabi_cdrcmple
                0x10004f30                __aeabi_cdcmple
                0x10004f30                __aeabi_cdcmpeq
                0x10004f40                __aeabi_dcmpeq
                0x10004f4c                __aeabi_dcmplt
                0x10004f60                __aeabi_dcmple
                0x10004f74                __aeabi_dcmpgt
                0x10004f88                __aeabi_dcmpge
 .text          0x10004f9c       0x3c c:/program files (x86)/cypress/psoc creator/4.3/psoc creator/import/gnu/arm/5.4.1/bin/../lib/gcc/arm-none-eabi/5.4.1/armv6-m\libgcc.a(_clzsi2.o)
                0x10004f9c                __clzsi2
 .text          0x10004fd8       0x18 c:/program files (x86)/cypress/psoc creator/4.3/psoc creator/import/gnu/arm/5.4.1/bin/../lib/gcc/arm-none-eabi/5.4.1/armv6-m\libgcc.a(_clzdi2.o)
                0x10004fd8                __clzdi2
 .text          0x10004ff0       0x80 c:/program files (x86)/cypress/psoc creator/4.3/psoc creator/import/gnu/arm/5.4.1/bin/../lib/gcc/arm-none-eabi/5.4.1/armv6-m\libgcc.a(eqdf2.o)
                0x10004ff0                __nedf2
                0x10004ff0                __eqdf2
 .text          0x10005070       0xc8 c:/program files (x86)/cypress/psoc creator/4.3/psoc creator/import/gnu/arm/5.4.1/bin/../lib/gcc/arm-none-eabi/5.4.1/armv6-m\libgcc.a(gedf2.o)
                0x10005070                __gedf2
                0x10005070                __gtdf2
 .text          0x10005138       0xd4 c:/program files (x86)/cypress/psoc creator/4.3/psoc creator/import/gnu/arm/5.4.1/bin/../lib/gcc/arm-none-eabi/5.4.1/armv6-m\libgcc.a(ledf2.o)
                0x10005138                __ledf2
                0x10005138                __ltdf2
 .text.memcmp   0x1000520c       0x1e c:/program files (x86)/cypress/psoc creator/4.3/psoc creator/import/gnu/arm/5.4.1/bin/../lib/gcc/arm-none-eabi/5.4.1/../../../../arm-none-eabi/lib/armv6-m\libg_nano.a(lib_a-memcmp.o)
                0x1000520c                memcmp
 .text.memcpy   0x1000522a       0x12 c:/program files (x86)/cypress/psoc creator/4.3/psoc creator/import/gnu/arm/5.4.1/bin/../lib/gcc/arm-none-eabi/5.4.1/../../../../arm-none-eabi/lib/armv6-m\libg_nano.a(lib_a-memcpy-stub.o)
                0x1000522a                memcpy
 .text.memset   0x1000523c       0x10 c:/program files (x86)/cypress/psoc creator/4.3/psoc creator/import/gnu/arm/5.4.1/bin/../lib/gcc/arm-none-eabi/5.4.1/../../../../arm-none-eabi/lib/armv6-m\libg_nano.a(lib_a-memset.o)
                0x1000523c                memset
 .text.strncpy  0x1000524c       0x26 c:/program files (x86)/cypress/psoc creator/4.3/psoc creator/import/gnu/arm/5.4.1/bin/../lib/gcc/arm-none-eabi/5.4.1/../../../../arm-none-eabi/lib/armv6-m\libg_nano.a(lib_a-strncpy.o)
                0x1000524c                strncpy
 *(.init)
 *fill*         0x10005272        0x2 
 .init          0x10005274        0x4 c:/program files (x86)/cypress/psoc creator/4.3/psoc creator/import/gnu/arm/5.4.1/bin/../lib/gcc/arm-none-eabi/5.4.1/armv6-m/crti.o
                0x10005274                _init
 .init          0x10005278        0x8 c:/program files (x86)/cypress/psoc creator/4.3/psoc creator/import/gnu/arm/5.4.1/bin/../lib/gcc/arm-none-eabi/5.4.1/armv6-m/crtn.o
 *(.fini)
 .fini          0x10005280        0x4 c:/program files (x86)/cypress/psoc creator/4.3/psoc creator/import/gnu/arm/5.4.1/bin/../lib/gcc/arm-none-eabi/5.4.1/armv6-m/crti.o
                0x10005280                _fini
 .fini          0x10005284        0x8 c:/program files (x86)/cypress/psoc creator/4.3/psoc creator/import/gnu/arm/5.4.1/bin/../lib/gcc/arm-none-eabi/5.4.1/armv6-m/crtn.o
 *fill*         0x1000528c        0x4 
 .fini.__stub   0x10005290       0x10 linker stubs
 *crtbegin.o(.ctors)
 *crtbegin?.o(.ctors)
 *(EXCLUDE_FILE(*crtend.o *crtend?.o) .ctors)
 *(SORT(.ctors.*))
 *(.ctors)
 *crtbegin.o(.dtors)
 *crtbegin?.o(.dtors)
 *(EXCLUDE_FILE(*crtend.o *crtend?.o) .dtors)
 *(SORT(.dtors.*))
 *(.dtors)
 *(.rodata .rodata.* .constdata .constdata.* .conststring .conststring.*)
 .rodata        0x100052a0       0x34 .\CortexM0p\ARM_GCC_541\Debug\system_psoc6_cm0plus.o
 .rodata.str1.4
                0x100052d4       0x17 .\CortexM0p\ARM_GCC_541\Debug\system_psoc6_cm0plus.o
 *fill*         0x100052eb        0x1 
 .rodata        0x100052ec        0x8 .\CortexM0p\ARM_GCC_541\Debug\cyfitter_sysint_cfg.o
                0x100052ec                BLE_1_bless_isr_cfg
 .rodata        0x100052f4       0xa4 .\CortexM0p\ARM_GCC_541\Debug\cyfitter_cfg.o
 .rodata.str1.4
                0x10005398       0x3f .\CortexM0p\ARM_GCC_541\Debug\cy_flash.o
 *fill*         0x100053d7        0x1 
 .rodata.str1.4
                0x100053d8       0x7d .\CortexM0p\ARM_GCC_541\Debug\cy_gpio.o
 *fill*         0x10005455        0x3 
 .rodata.str1.4
                0x10005458       0x7f .\CortexM0p\ARM_GCC_541\Debug\cy_ipc_drv.o
 .rodata.str1.4
                0x100054d7       0x3f .\CortexM0p\ARM_GCC_541\Debug\cy_ipc_sema.o
 *fill*         0x100054d7        0x1 
 .rodata.str1.4
                0x100054d8       0x40 .\CortexM0p\ARM_GCC_541\Debug\cy_ipc_pipe.o
                                 0x7f (size before relaxing)
 .rodata.str1.4
                0x10005518       0x3d .\CortexM0p\ARM_GCC_541\Debug\cy_prot.o
 *fill*         0x10005555        0x3 
 .rodata.str1.4
                0x10005558       0x85 .\CortexM0p\ARM_GCC_541\Debug\cy_sysclk.o
 *fill*         0x100055dd        0x3 
 .rodata.str1.4
                0x100055e0       0x41 .\CortexM0p\ARM_GCC_541\Debug\cy_sysint.o
 *fill*         0x10005621        0x3 
 .rodata.str1.4
                0x10005624       0x3f .\CortexM0p\ARM_GCC_541\Debug\cy_syspm.o
                                 0x7f (size before relaxing)
 *fill*         0x10005663        0x1 
 .rodata        0x10005664      0x170 .\CortexM0p\ARM_GCC_541\Debug\cy_device.o
                0x10005664                cy_deviceIpBlockCfgPSoC6_02
                0x1000571c                cy_deviceIpBlockCfgPSoC6_01
 .rodata.str1.4
                0x100057d4       0x3c .\CortexM0p\ARM_GCC_541\Debug\cy_ble_hal_pvt.o
                                 0x3b (size before relaxing)
 .rodata        0x10005810       0x6c .\CortexM0p\ARM_GCC_541\Debug\cy_ble_clk.o
 .constdata     0x1000587c       0x4c Generated_Source\PSoC6\pdl\middleware\ble\lib\cy_ble_stack_gcc_controller_ipc_cm0p.a(config_bin.o)
                0x1000587c                bt_cfg_pdata
 .constdata     0x100058c8       0x10 Generated_Source\PSoC6\pdl\middleware\ble\lib\cy_ble_stack_gcc_controller_ipc_cm0p.a(ll_connection.o)
                0x100058c8                g_slave_clock_accuracy
 .constdata     0x100058d8      0x102 Generated_Source\PSoC6\pdl\middleware\ble\lib\cy_ble_stack_gcc_controller_ipc_cm0p.a(ll_pdu.o)
                0x100058d8                enc_valid_pdu_list
                0x100058e0                fp_ll_pdu_handlers
                0x10005944                fp_ll_pdu_ack_handlers
                0x100059a8                ll_pdu_valid_length
 *fill*         0x100059da        0x2 
 .constdata     0x100059dc       0x88 Generated_Source\PSoC6\pdl\middleware\ble\lib\cy_ble_stack_gcc_controller_ipc_cm0p.a(ll_privacy.o)
 .constdata     0x10005a64       0x40 Generated_Source\PSoC6\pdl\middleware\ble\lib\cy_ble_stack_gcc_controller_ipc_cm0p.a(ll_dle.o)
 .constdata     0x10005aa4       0x58 Generated_Source\PSoC6\pdl\middleware\ble\lib\cy_ble_stack_gcc_controller_ipc_cm0p.a(ll_phy_update.o)
 .constdata     0x10005afc       0x84 Generated_Source\PSoC6\pdl\middleware\ble\lib\cy_ble_stack_gcc_controller_ipc_cm0p.a(lec_hci_le_commands.o)
 .constdata     0x10005b80      0x3f6 Generated_Source\PSoC6\pdl\middleware\ble\lib\cy_ble_stack_gcc_controller_ipc_cm0p.a(lec_hci_le_commands.o)
 *fill*         0x10005f76        0x2 
 .constdata     0x10005f78       0x84 Generated_Source\PSoC6\pdl\middleware\ble\lib\cy_ble_stack_gcc_controller_ipc_cm0p.a(lec_hci_le_commands.o)
 .constdata     0x10005ffc       0x84 Generated_Source\PSoC6\pdl\middleware\ble\lib\cy_ble_stack_gcc_controller_ipc_cm0p.a(lec_hci_le_commands.o)
 .constdata     0x10006080       0x21 Generated_Source\PSoC6\pdl\middleware\ble\lib\cy_ble_stack_gcc_controller_ipc_cm0p.a(lec_hci_le_commands.o)
 .constdata     0x100060a1       0x40 Generated_Source\PSoC6\pdl\middleware\ble\lib\cy_ble_stack_gcc_controller_ipc_cm0p.a(lec_hci_le_common_commands.o)
                0x100060a1                Cu8_hci_le_supported_commands_array
 *fill*         0x100060e1        0x3 
 .constdata     0x100060e4       0xcc Generated_Source\PSoC6\pdl\middleware\ble\lib\cy_ble_stack_gcc_controller_ipc_cm0p.a(lec_hci_le_privacy.o)
 .constdata     0x100061b0        0xc Generated_Source\PSoC6\pdl\middleware\ble\lib\cy_ble_stack_gcc_controller_ipc_cm0p.a(lec_hci_le_privacy.o)
 .constdata     0x100061bc       0x60 Generated_Source\PSoC6\pdl\middleware\ble\lib\cy_ble_stack_gcc_controller_ipc_cm0p.a(lec_hci_le_dle.o)
 .constdata     0x1000621c       0x78 Generated_Source\PSoC6\pdl\middleware\ble\lib\cy_ble_stack_gcc_controller_ipc_cm0p.a(lec_hci_le_phy_update.o)
 .conststring   0x10006294       0x87 Generated_Source\PSoC6\pdl\middleware\ble\lib\cy_ble_stack_gcc_controller_ipc_cm0p.a(drbg.o)
 *fill*         0x1000631b        0x1 
 .constdata     0x1000631c       0x60 Generated_Source\PSoC6\pdl\middleware\ble\lib\cy_ble_stack_gcc_radio_max_cm0p.a(CyBlessVer3.o)
                0x1000631c                rssiMap
 .rodata        0x1000637c       0x40 c:/program files (x86)/cypress/psoc creator/4.3/psoc creator/import/gnu/arm/5.4.1/bin/../lib/gcc/arm-none-eabi/5.4.1/armv6-m\libgcc.a(divdf3.o)
 .rodata        0x100063bc       0x40 c:/program files (x86)/cypress/psoc creator/4.3/psoc creator/import/gnu/arm/5.4.1/bin/../lib/gcc/arm-none-eabi/5.4.1/armv6-m\libgcc.a(muldf3.o)
 *(.eh_frame*)
 .eh_frame      0x100063fc        0x0 c:/program files (x86)/cypress/psoc creator/4.3/psoc creator/import/gnu/arm/5.4.1/bin/../lib/gcc/arm-none-eabi/5.4.1/armv6-m/crtbegin.o
 .eh_frame      0x100063fc        0x4 c:/program files (x86)/cypress/psoc creator/4.3/psoc creator/import/gnu/arm/5.4.1/bin/../lib/gcc/arm-none-eabi/5.4.1/armv6-m/crtend.o

.glue_7         0x10006400        0x0
 .glue_7        0x10006400        0x0 linker stubs

.glue_7t        0x10006400        0x0
 .glue_7t       0x10006400        0x0 linker stubs

.vfp11_veneer   0x10006400        0x0
 .vfp11_veneer  0x10006400        0x0 linker stubs

.v4_bx          0x10006400        0x0
 .v4_bx         0x10006400        0x0 linker stubs

.iplt           0x10006400        0x0
 .iplt          0x10006400        0x0 c:/program files (x86)/cypress/psoc creator/4.3/psoc creator/import/gnu/arm/5.4.1/bin/../lib/gcc/arm-none-eabi/5.4.1/armv6-m/crtbegin.o

i.CyBleStackMgr_Init
                0x10006400       0xf8
 i.CyBleStackMgr_Init
                0x10006400       0xf8 Generated_Source\PSoC6\pdl\middleware\ble\lib\cy_ble_stack_gcc_controller_ipc_cm0p.a(CyBleStackMgrIP_Interface.o)
                0x10006400                CyBleStackMgr_Init

i.CyBleStackMgr_ProcessBleEvents
                0x100064f8       0x2c
 i.CyBleStackMgr_ProcessBleEvents
                0x100064f8       0x2c Generated_Source\PSoC6\pdl\middleware\ble\lib\cy_ble_stack_gcc_controller_ipc_cm0p.a(CyBleStackMgrIP_Interface.o)
                0x100064f8                CyBleStackMgr_ProcessBleEvents

i.CyBleStackMgr_Shutdown
                0x10006524       0x28
 i.CyBleStackMgr_Shutdown
                0x10006524       0x28 Generated_Source\PSoC6\pdl\middleware\ble\lib\cy_ble_stack_gcc_controller_ipc_cm0p.a(CyBleStackMgrIP_Interface.o)
                0x10006524                CyBleStackMgr_Shutdown

i.CyBle_GetHeapConfig
                0x1000654c        0x8
 i.CyBle_GetHeapConfig
                0x1000654c        0x8 Generated_Source\PSoC6\pdl\middleware\ble\lib\cy_ble_stack_gcc_controller_ipc_cm0p.a(CyBleStackMgrIP_Interface.o)
                0x1000654c                CyBle_GetHeapConfig

i.CyBle_GetHeapMemory
                0x10006554       0x3c
 i.CyBle_GetHeapMemory
                0x10006554       0x3c Generated_Source\PSoC6\pdl\middleware\ble\lib\cy_ble_stack_gcc_controller_ipc_cm0p.a(CyBleStackMgrIP_Interface.o)
                0x10006554                CyBle_GetHeapMemory

i.CyBle_StackGetConfigPtr
                0x10006590        0x8
 i.CyBle_StackGetConfigPtr
                0x10006590        0x8 Generated_Source\PSoC6\pdl\middleware\ble\lib\cy_ble_stack_gcc_controller_ipc_cm0p.a(CyBleStackMgrIP_Interface.o)
                0x10006590                CyBle_StackGetConfigPtr

i.Cy_BLE_EnablePrivacyFeature
                0x10006598        0x8
 i.Cy_BLE_EnablePrivacyFeature
                0x10006598        0x8 Generated_Source\PSoC6\pdl\middleware\ble\lib\cy_ble_stack_gcc_controller_ipc_cm0p.a(CyBleStackMgrIP_Interface.o)
                0x10006598                Cy_BLE_EnablePrivacyFeature

i.Cy_BLE_GetStackLibraryVersion
                0x100065a0       0x24
 i.Cy_BLE_GetStackLibraryVersion
                0x100065a0       0x24 Generated_Source\PSoC6\pdl\middleware\ble\lib\cy_ble_stack_gcc_controller_ipc_cm0p.a(CyBleStackMgrIP_Interface.o)
                0x100065a0                Cy_BLE_GetStackLibraryVersion

i.Cy_BLE_ProcessEvents
                0x100065c4        0x8
 i.Cy_BLE_ProcessEvents
                0x100065c4        0x8 Generated_Source\PSoC6\pdl\middleware\ble\lib\cy_ble_stack_gcc_controller_ipc_cm0p.a(CyBleStackMgrIP_Interface.o)
                0x100065c4                Cy_BLE_ProcessEvents

i.Cy_BLE_StackEnterLPM
                0x100065cc        0x8
 i.Cy_BLE_StackEnterLPM
                0x100065cc        0x8 Generated_Source\PSoC6\pdl\middleware\ble\lib\cy_ble_stack_gcc_controller_ipc_cm0p.a(CyBleStackMgrIP_Interface.o)
                0x100065cc                Cy_BLE_StackEnterLPM

i.Cy_BLE_StackGetBleSsState
                0x100065d4        0x8
 i.Cy_BLE_StackGetBleSsState
                0x100065d4        0x8 Generated_Source\PSoC6\pdl\middleware\ble\lib\cy_ble_stack_gcc_controller_ipc_cm0p.a(CyBleStackMgrIP_Interface.o)
                0x100065d4                Cy_BLE_StackGetBleSsState

i.Cy_BLE_StackInit
                0x100065dc       0x58
 i.Cy_BLE_StackInit
                0x100065dc       0x58 Generated_Source\PSoC6\pdl\middleware\ble\lib\cy_ble_stack_gcc_controller_ipc_cm0p.a(CyBleStackMgrIP_Interface.o)
                0x100065dc                Cy_BLE_StackInit

i.Cy_BLE_StackSetFeatureConfig
                0x10006634       0x54
 i.Cy_BLE_StackSetFeatureConfig
                0x10006634       0x54 Generated_Source\PSoC6\pdl\middleware\ble\lib\cy_ble_stack_gcc_controller_ipc_cm0p.a(CyBleStackMgrIP_Interface.o)
                0x10006634                Cy_BLE_StackSetFeatureConfig

i.ble_stack_idle_task_callback
                0x10006688        0x2
 i.ble_stack_idle_task_callback
                0x10006688        0x2 Generated_Source\PSoC6\pdl\middleware\ble\lib\cy_ble_stack_gcc_controller_ipc_cm0p.a(CyBleStackMgrIP_Interface.o)
                0x10006688                ble_stack_idle_task_callback

i.CyBleStackMgr_GetTime
                0x1000668c       0x28
 i.CyBleStackMgr_GetTime
                0x1000668c       0x28 Generated_Source\PSoC6\pdl\middleware\ble\lib\cy_ble_stack_gcc_controller_ipc_cm0p.a(CyBleStackMgr_PSoCHal.o)
                0x1000668c                CyBleStackMgr_GetTime

i.CyBleStackMgr_HalInit
                0x100066b4       0x1c
 i.CyBleStackMgr_HalInit
                0x100066b4       0x1c Generated_Source\PSoC6\pdl\middleware\ble\lib\cy_ble_stack_gcc_controller_ipc_cm0p.a(CyBleStackMgr_PSoCHal.o)
                0x100066b4                CyBleStackMgr_HalInit

i.CyBleStackMgr_HalIntrEnable
                0x100066d0        0xc
 i.CyBleStackMgr_HalIntrEnable
                0x100066d0        0xc Generated_Source\PSoC6\pdl\middleware\ble\lib\cy_ble_stack_gcc_controller_ipc_cm0p.a(CyBleStackMgr_PSoCHal.o)
                0x100066d0                CyBleStackMgr_HalIntrEnable

i.CyBleStackMgr_HciPortInit
                0x100066dc       0x18
 i.CyBleStackMgr_HciPortInit
                0x100066dc       0x18 Generated_Source\PSoC6\pdl\middleware\ble\lib\cy_ble_stack_gcc_controller_ipc_cm0p.a(CyBleStackMgr_PSoCHal.o)
                0x100066dc                CyBleStackMgr_HciPortInit

i.CyBleStackMgr_HciPortReset
                0x100066f4        0x8
 i.CyBleStackMgr_HciPortReset
                0x100066f4        0x8 Generated_Source\PSoC6\pdl\middleware\ble\lib\cy_ble_stack_gcc_controller_ipc_cm0p.a(CyBleStackMgr_PSoCHal.o)
                0x100066f4                CyBleStackMgr_HciPortReset

i.CyBleStackMgr_HciPortWrite
                0x100066fc        0x8
 i.CyBleStackMgr_HciPortWrite
                0x100066fc        0x8 Generated_Source\PSoC6\pdl\middleware\ble\lib\cy_ble_stack_gcc_controller_ipc_cm0p.a(CyBleStackMgr_PSoCHal.o)
                0x100066fc                CyBleStackMgr_HciPortWrite

i.CyBleStackMgr_TimerStart
                0x10006704       0x20
 i.CyBleStackMgr_TimerStart
                0x10006704       0x20 Generated_Source\PSoC6\pdl\middleware\ble\lib\cy_ble_stack_gcc_controller_ipc_cm0p.a(CyBleStackMgr_PSoCHal.o)
                0x10006704                CyBleStackMgr_TimerStart

i.CyBleStackMgr_TimerStop
                0x10006724       0x18
 i.CyBleStackMgr_TimerStop
                0x10006724       0x18 Generated_Source\PSoC6\pdl\middleware\ble\lib\cy_ble_stack_gcc_controller_ipc_cm0p.a(CyBleStackMgr_PSoCHal.o)
                0x10006724                CyBleStackMgr_TimerStop

i.CyBleStackMgr_isTimerRunning
                0x1000673c        0xc
 i.CyBleStackMgr_isTimerRunning
                0x1000673c        0xc Generated_Source\PSoC6\pdl\middleware\ble\lib\cy_ble_stack_gcc_controller_ipc_cm0p.a(CyBleStackMgr_PSoCHal.o)
                0x1000673c                CyBleStackMgr_isTimerRunning

i.CyBleStackMgr_BleSSFifoRead
                0x10006748       0x3c
 i.CyBleStackMgr_BleSSFifoRead
                0x10006748       0x3c Generated_Source\PSoC6\pdl\middleware\ble\lib\cy_ble_stack_gcc_controller_ipc_cm0p.a(CyBleStackMgr_BleSSDriver.o)
                0x10006748                CyBleStackMgr_BleSSFifoRead

i.CyBleStackMgr_BleSSFifoWrite
                0x10006784       0x30
 i.CyBleStackMgr_BleSSFifoWrite
                0x10006784       0x30 Generated_Source\PSoC6\pdl\middleware\ble\lib\cy_ble_stack_gcc_controller_ipc_cm0p.a(CyBleStackMgr_BleSSDriver.o)
                0x10006784                CyBleStackMgr_BleSSFifoWrite

i.CyBleStackMgr_BleSSInit
                0x100067b4       0xac
 i.CyBleStackMgr_BleSSInit
                0x100067b4       0xac Generated_Source\PSoC6\pdl\middleware\ble\lib\cy_ble_stack_gcc_controller_ipc_cm0p.a(CyBleStackMgr_BleSSDriver.o)
                0x100067b4                CyBleStackMgr_BleSSInit

i.CyBleStackMgr_BleSSMemRead
                0x10006860       0x30
 i.CyBleStackMgr_BleSSMemRead
                0x10006860       0x30 Generated_Source\PSoC6\pdl\middleware\ble\lib\cy_ble_stack_gcc_controller_ipc_cm0p.a(CyBleStackMgr_BleSSDriver.o)
                0x10006860                CyBleStackMgr_BleSSMemRead

i.CyBleStackMgr_BleSSMemWrite
                0x10006890       0x34
 i.CyBleStackMgr_BleSSMemWrite
                0x10006890       0x34 Generated_Source\PSoC6\pdl\middleware\ble\lib\cy_ble_stack_gcc_controller_ipc_cm0p.a(CyBleStackMgr_BleSSDriver.o)
                0x10006890                CyBleStackMgr_BleSSMemWrite

i.CyBleStackMgr_BleSSMemWriteFields
                0x100068c4       0x70
 i.CyBleStackMgr_BleSSMemWriteFields
                0x100068c4       0x70 Generated_Source\PSoC6\pdl\middleware\ble\lib\cy_ble_stack_gcc_controller_ipc_cm0p.a(CyBleStackMgr_BleSSDriver.o)
                0x100068c4                CyBleStackMgr_BleSSMemWriteFields

i.CyBleStackMgr_BleSSReset
                0x10006934       0x34
 i.CyBleStackMgr_BleSSReset
                0x10006934       0x34 Generated_Source\PSoC6\pdl\middleware\ble\lib\cy_ble_stack_gcc_controller_ipc_cm0p.a(CyBleStackMgr_BleSSDriver.o)
                0x10006934                CyBleStackMgr_BleSSReset

i.CyBleStackMgr_BleSSShutdown
                0x10006968       0x34
 i.CyBleStackMgr_BleSSShutdown
                0x10006968       0x34 Generated_Source\PSoC6\pdl\middleware\ble\lib\cy_ble_stack_gcc_controller_ipc_cm0p.a(CyBleStackMgr_BleSSDriver.o)
                0x10006968                CyBleStackMgr_BleSSShutdown

i.CyBleStackMgr_GenericIface
                0x1000699c       0x58
 i.CyBleStackMgr_GenericIface
                0x1000699c       0x58 Generated_Source\PSoC6\pdl\middleware\ble\lib\cy_ble_stack_gcc_controller_ipc_cm0p.a(CyBleStackMgr_BleSSDriver.o)
                0x1000699c                CyBleStackMgr_GenericIface

i.CyBleStackMgr_HandleBleSSIntr
                0x100069f4       0x70
 i.CyBleStackMgr_HandleBleSSIntr
                0x100069f4       0x70 Generated_Source\PSoC6\pdl\middleware\ble\lib\cy_ble_stack_gcc_controller_ipc_cm0p.a(CyBleStackMgr_BleSSDriver.o)
                0x100069f4                CyBleStackMgr_HandleBleSSIntr

i.CyBle_ControllerGetBleClockCfgParam
                0x10006a64       0x20
 i.CyBle_ControllerGetBleClockCfgParam
                0x10006a64       0x20 Generated_Source\PSoC6\pdl\middleware\ble\lib\cy_ble_stack_gcc_controller_ipc_cm0p.a(CyBleStackMgr_BleSSDriver.o)
                0x10006a64                CyBle_ControllerGetBleClockCfgParam

i.CyBle_ControllerGetTxPowerLevel
                0x10006a84       0x3c
 i.CyBle_ControllerGetTxPowerLevel
                0x10006a84       0x3c Generated_Source\PSoC6\pdl\middleware\ble\lib\cy_ble_stack_gcc_controller_ipc_cm0p.a(CyBleStackMgr_BleSSDriver.o)
                0x10006a84                CyBle_ControllerGetTxPowerLevel

i.CyBle_ControllerSetBleClockCfgParam
                0x10006ac0       0x30
 i.CyBle_ControllerSetBleClockCfgParam
                0x10006ac0       0x30 Generated_Source\PSoC6\pdl\middleware\ble\lib\cy_ble_stack_gcc_controller_ipc_cm0p.a(CyBleStackMgr_BleSSDriver.o)
                0x10006ac0                CyBle_ControllerSetBleClockCfgParam

i.CyBle_ControllerSetDcxoLdoTrim
                0x10006af0       0x1c
 i.CyBle_ControllerSetDcxoLdoTrim
                0x10006af0       0x1c Generated_Source\PSoC6\pdl\middleware\ble\lib\cy_ble_stack_gcc_controller_ipc_cm0p.a(CyBleStackMgr_BleSSDriver.o)
                0x10006af0                CyBle_ControllerSetDcxoLdoTrim

i.CyBle_ControllerSetTxPowerLevel
                0x10006b0c       0x2c
 i.CyBle_ControllerSetTxPowerLevel
                0x10006b0c       0x2c Generated_Source\PSoC6\pdl\middleware\ble\lib\cy_ble_stack_gcc_controller_ipc_cm0p.a(CyBleStackMgr_BleSSDriver.o)
                0x10006b0c                CyBle_ControllerSetTxPowerLevel

i.CyBle_EnterDsmMode
                0x10006b38       0x34
 i.CyBle_EnterDsmMode
                0x10006b38       0x34 Generated_Source\PSoC6\pdl\middleware\ble\lib\cy_ble_stack_gcc_controller_ipc_cm0p.a(CyBleStackMgr_BleSSDriver.o)
                0x10006b38                CyBle_EnterDsmMode

i.CyBle_ExitDsmMode
                0x10006b6c       0x34
 i.CyBle_ExitDsmMode
                0x10006b6c       0x34 Generated_Source\PSoC6\pdl\middleware\ble\lib\cy_ble_stack_gcc_controller_ipc_cm0p.a(CyBleStackMgr_BleSSDriver.o)
                0x10006b6c                CyBle_ExitDsmMode

i.CyBle_GetBleSsOperationalMode
                0x10006ba0        0xc
 i.CyBle_GetBleSsOperationalMode
                0x10006ba0        0xc Generated_Source\PSoC6\pdl\middleware\ble\lib\cy_ble_stack_gcc_controller_ipc_cm0p.a(CyBleStackMgr_BleSSDriver.o)
                0x10006ba0                CyBle_GetBleSsOperationalMode

i.CyBle_GetEventCloseState
                0x10006bac       0x10
 i.CyBle_GetEventCloseState
                0x10006bac       0x10 Generated_Source\PSoC6\pdl\middleware\ble\lib\cy_ble_stack_gcc_controller_ipc_cm0p.a(CyBleStackMgr_BleSSDriver.o)
                0x10006bac                CyBle_GetEventCloseState

i.CyBle_GetLpMode
                0x10006bbc       0x1c
 i.CyBle_GetLpMode
                0x10006bbc       0x1c Generated_Source\PSoC6\pdl\middleware\ble\lib\cy_ble_stack_gcc_controller_ipc_cm0p.a(CyBleStackMgr_BleSSDriver.o)
                0x10006bbc                CyBle_GetLpMode

i.CyBle_GetTxGainMode
                0x10006bd8        0xe
 i.CyBle_GetTxGainMode
                0x10006bd8        0xe Generated_Source\PSoC6\pdl\middleware\ble\lib\cy_ble_stack_gcc_controller_ipc_cm0p.a(CyBleStackMgr_BleSSDriver.o)
                0x10006bd8                CyBle_GetTxGainMode

i.CyBle_SetAutoWakeUp
                0x10006be8        0xc
 i.CyBle_SetAutoWakeUp
                0x10006be8        0xc Generated_Source\PSoC6\pdl\middleware\ble\lib\cy_ble_stack_gcc_controller_ipc_cm0p.a(CyBleStackMgr_BleSSDriver.o)
                0x10006be8                CyBle_SetAutoWakeUp

i.CyBle_SetBleSsOperationalMode
                0x10006bf4       0x34
 i.CyBle_SetBleSsOperationalMode
                0x10006bf4       0x34 Generated_Source\PSoC6\pdl\middleware\ble\lib\cy_ble_stack_gcc_controller_ipc_cm0p.a(CyBleStackMgr_BleSSDriver.o)
                0x10006bf4                CyBle_SetBleSsOperationalMode

i.CyBle_SetEventCloseState
                0x10006c28        0xc
 i.CyBle_SetEventCloseState
                0x10006c28        0xc Generated_Source\PSoC6\pdl\middleware\ble\lib\cy_ble_stack_gcc_controller_ipc_cm0p.a(CyBleStackMgr_BleSSDriver.o)
                0x10006c28                CyBle_SetEventCloseState

i.CyBle_CheckBleStackTaskStatus
                0x10006c34        0x4
 i.CyBle_CheckBleStackTaskStatus
                0x10006c34        0x4 Generated_Source\PSoC6\pdl\middleware\ble\lib\cy_ble_stack_gcc_controller_ipc_cm0p.a(CyBleStackMgr_StackTaskHandler.o)
                0x10006c34                CyBle_CheckBleStackTaskStatus

i.CyBle_CreateBleStackTask
                0x10006c38       0x30
 i.CyBle_CreateBleStackTask
                0x10006c38       0x30 Generated_Source\PSoC6\pdl\middleware\ble\lib\cy_ble_stack_gcc_controller_ipc_cm0p.a(CyBleStackMgr_StackTaskHandler.o)
                0x10006c38                CyBle_CreateBleStackTask

i.CyBle_SignalBleStackTask
                0x10006c68       0x44
 i.CyBle_SignalBleStackTask
                0x10006c68       0x44 Generated_Source\PSoC6\pdl\middleware\ble\lib\cy_ble_stack_gcc_controller_ipc_cm0p.a(CyBleStackMgr_StackTaskHandler.o)
                0x10006c68                CyBle_SignalBleStackTask

i.CyBle_StackTaskHandler
                0x10006cac       0x26
 i.CyBle_StackTaskHandler
                0x10006cac       0x26 Generated_Source\PSoC6\pdl\middleware\ble\lib\cy_ble_stack_gcc_controller_ipc_cm0p.a(CyBleStackMgr_StackTaskHandler.o)
                0x10006cac                CyBle_StackTaskHandler

i.IsStackTaskFree
                0x10006cd4       0x10
 i.IsStackTaskFree
                0x10006cd4       0x10 Generated_Source\PSoC6\pdl\middleware\ble\lib\cy_ble_stack_gcc_controller_ipc_cm0p.a(CyBleStackMgr_StackTaskHandler.o)
                0x10006cd4                IsStackTaskFree

i.BT_start_timer
                0x10006ce4      0x110
 i.BT_start_timer
                0x10006ce4      0x110 Generated_Source\PSoC6\pdl\middleware\ble\lib\cy_ble_stack_gcc_controller_ipc_cm0p.a(BT_timer.o)
                0x10006ce4                BT_start_timer

i.BT_start_timer_controller
                0x10006df4       0x28
 i.BT_start_timer_controller
                0x10006df4       0x28 Generated_Source\PSoC6\pdl\middleware\ble\lib\cy_ble_stack_gcc_controller_ipc_cm0p.a(BT_timer.o)
                0x10006df4                BT_start_timer_controller

i.BT_start_timer_pilo
                0x10006e1c       0x28
 i.BT_start_timer_pilo
                0x10006e1c       0x28 Generated_Source\PSoC6\pdl\middleware\ble\lib\cy_ble_stack_gcc_controller_ipc_cm0p.a(BT_timer.o)
                0x10006e1c                BT_start_timer_pilo

i.BT_stop_timer
                0x10006e44       0xc8
 i.BT_stop_timer
                0x10006e44       0xc8 Generated_Source\PSoC6\pdl\middleware\ble\lib\cy_ble_stack_gcc_controller_ipc_cm0p.a(BT_timer.o)
                0x10006e44                BT_stop_timer

i.BT_stop_timer_controller
                0x10006f0c       0x28
 i.BT_stop_timer_controller
                0x10006f0c       0x28 Generated_Source\PSoC6\pdl\middleware\ble\lib\cy_ble_stack_gcc_controller_ipc_cm0p.a(BT_timer.o)
                0x10006f0c                BT_stop_timer_controller

i.BT_stop_timer_pilo
                0x10006f34       0x28
 i.BT_stop_timer_pilo
                0x10006f34       0x28 Generated_Source\PSoC6\pdl\middleware\ble\lib\cy_ble_stack_gcc_controller_ipc_cm0p.a(BT_timer.o)
                0x10006f34                BT_stop_timer_pilo

i.BT_timer_process_signals
                0x10006f5c       0xf8
 i.BT_timer_process_signals
                0x10006f5c       0xf8 Generated_Source\PSoC6\pdl\middleware\ble\lib\cy_ble_stack_gcc_controller_ipc_cm0p.a(BT_timer.o)
                0x10006f5c                BT_timer_process_signals

i.timer_allocated_entity
                0x10007054       0x34
 i.timer_allocated_entity
                0x10007054       0x34 Generated_Source\PSoC6\pdl\middleware\ble\lib\cy_ble_stack_gcc_controller_ipc_cm0p.a(BT_timer.o)
                0x10007054                timer_allocated_entity

i.timer_init    0x10007088       0x30
 i.timer_init   0x10007088       0x30 Generated_Source\PSoC6\pdl\middleware\ble\lib\cy_ble_stack_gcc_controller_ipc_cm0p.a(BT_timer.o)
                0x10007088                timer_init

i.timer_update_offsets
                0x100070b8       0x34
 i.timer_update_offsets
                0x100070b8       0x34 Generated_Source\PSoC6\pdl\middleware\ble\lib\cy_ble_stack_gcc_controller_ipc_cm0p.a(BT_timer.o)

i.BT_ISROSQPost
                0x100070ec        0xa
 i.BT_ISROSQPost
                0x100070ec        0xa Generated_Source\PSoC6\pdl\middleware\ble\lib\cy_ble_stack_gcc_controller_ipc_cm0p.a(bt_os_common.o)
                0x100070ec                BT_ISROSQPost

i.BT_OSQPost    0x100070f6        0xa
 i.BT_OSQPost   0x100070f6        0xa Generated_Source\PSoC6\pdl\middleware\ble\lib\cy_ble_stack_gcc_controller_ipc_cm0p.a(bt_os_common.o)
                0x100070f6                BT_OSQPost

i.BT_thread_create
                0x10007100       0x30
 i.BT_thread_create
                0x10007100       0x30 Generated_Source\PSoC6\pdl\middleware\ble\lib\cy_ble_stack_gcc_controller_ipc_cm0p.a(bt_os_common.o)
                0x10007100                BT_thread_create

i.pf_timer_handle_tick
                0x10007130       0x20
 i.pf_timer_handle_tick
                0x10007130       0x20 Generated_Source\PSoC6\pdl\middleware\ble\lib\cy_ble_stack_gcc_controller_ipc_cm0p.a(bt_os_common.o)
                0x10007130                pf_timer_handle_tick

i.CyPilo_ApplyTrim
                0x10007150       0x88
 i.CyPilo_ApplyTrim
                0x10007150       0x88 Generated_Source\PSoC6\pdl\middleware\ble\lib\cy_ble_stack_gcc_controller_ipc_cm0p.a(CyBleStackMgrIP_Pilo.o)

i.CyPilo_DSMExitCalibration
                0x100071d8       0x14
 i.CyPilo_DSMExitCalibration
                0x100071d8       0x14 Generated_Source\PSoC6\pdl\middleware\ble\lib\cy_ble_stack_gcc_controller_ipc_cm0p.a(CyBleStackMgrIP_Pilo.o)
                0x100071d8                CyPilo_DSMExitCalibration

i.CyPilo_GetState
                0x100071ec        0xc
 i.CyPilo_GetState
                0x100071ec        0xc Generated_Source\PSoC6\pdl\middleware\ble\lib\cy_ble_stack_gcc_controller_ipc_cm0p.a(CyBleStackMgrIP_Pilo.o)
                0x100071ec                CyPilo_GetState

i.CyPilo_InitCalibration
                0x100071f8       0x18
 i.CyPilo_InitCalibration
                0x100071f8       0x18 Generated_Source\PSoC6\pdl\middleware\ble\lib\cy_ble_stack_gcc_controller_ipc_cm0p.a(CyBleStackMgrIP_Pilo.o)
                0x100071f8                CyPilo_InitCalibration

i.CyPilo_PeriodicCalibTimeout
                0x10007210       0x24
 i.CyPilo_PeriodicCalibTimeout
                0x10007210       0x24 Generated_Source\PSoC6\pdl\middleware\ble\lib\cy_ble_stack_gcc_controller_ipc_cm0p.a(CyBleStackMgrIP_Pilo.o)

i.CyPilo_RetryCalibration
                0x10007234       0x20
 i.CyPilo_RetryCalibration
                0x10007234       0x20 Generated_Source\PSoC6\pdl\middleware\ble\lib\cy_ble_stack_gcc_controller_ipc_cm0p.a(CyBleStackMgrIP_Pilo.o)

i.CyPilo_SetCalibInterval
                0x10007254        0xc
 i.CyPilo_SetCalibInterval
                0x10007254        0xc Generated_Source\PSoC6\pdl\middleware\ble\lib\cy_ble_stack_gcc_controller_ipc_cm0p.a(CyBleStackMgrIP_Pilo.o)
                0x10007254                CyPilo_SetCalibInterval

i.CyPilo_SetState
                0x10007260        0xc
 i.CyPilo_SetState
                0x10007260        0xc Generated_Source\PSoC6\pdl\middleware\ble\lib\cy_ble_stack_gcc_controller_ipc_cm0p.a(CyBleStackMgrIP_Pilo.o)
                0x10007260                CyPilo_SetState

i.CyPilo_ShutdownCalibration
                0x1000726c       0x1c
 i.CyPilo_ShutdownCalibration
                0x1000726c       0x1c Generated_Source\PSoC6\pdl\middleware\ble\lib\cy_ble_stack_gcc_controller_ipc_cm0p.a(CyBleStackMgrIP_Pilo.o)
                0x1000726c                CyPilo_ShutdownCalibration

i.CyPilo_StopPeriodicTimer
                0x10007288       0x10
 i.CyPilo_StopPeriodicTimer
                0x10007288       0x10 Generated_Source\PSoC6\pdl\middleware\ble\lib\cy_ble_stack_gcc_controller_ipc_cm0p.a(CyBleStackMgrIP_Pilo.o)
                0x10007288                CyPilo_StopPeriodicTimer

i.CyPilo_TriggerCalibration
                0x10007298       0x54
 i.CyPilo_TriggerCalibration
                0x10007298       0x54 Generated_Source\PSoC6\pdl\middleware\ble\lib\cy_ble_stack_gcc_controller_ipc_cm0p.a(CyBleStackMgrIP_Pilo.o)
                0x10007298                CyPilo_TriggerCalibration

i.CyPilo_UpdateCalibInterval
                0x100072ec       0x34
 i.CyPilo_UpdateCalibInterval
                0x100072ec       0x34 Generated_Source\PSoC6\pdl\middleware\ble\lib\cy_ble_stack_gcc_controller_ipc_cm0p.a(CyBleStackMgrIP_Pilo.o)
                0x100072ec                CyPilo_UpdateCalibInterval

i.OS_init       0x10007320       0x64
 i.OS_init      0x10007320       0x64 Generated_Source\PSoC6\pdl\middleware\ble\lib\cy_ble_stack_gcc_controller_ipc_cm0p.a(mint_os.o)
                0x10007320                OS_init

i.OS_shutdown   0x10007384        0x4
 i.OS_shutdown  0x10007384        0x4 Generated_Source\PSoC6\pdl\middleware\ble\lib\cy_ble_stack_gcc_controller_ipc_cm0p.a(mint_os.o)
                0x10007384                OS_shutdown

i.mintos_malloc
                0x10007388       0x34
 i.mintos_malloc
                0x10007388       0x34 Generated_Source\PSoC6\pdl\middleware\ble\lib\cy_ble_stack_gcc_controller_ipc_cm0p.a(mint_os.o)
                0x10007388                mintos_malloc

i.OS_create_queue
                0x100073bc       0x64
 i.OS_create_queue
                0x100073bc       0x64 Generated_Source\PSoC6\pdl\middleware\ble\lib\cy_ble_stack_gcc_controller_ipc_cm0p.a(mint_os_queue.o)
                0x100073bc                OS_create_queue

i.OS_enqueue_item
                0x10007420       0xa4
 i.OS_enqueue_item
                0x10007420       0xa4 Generated_Source\PSoC6\pdl\middleware\ble\lib\cy_ble_stack_gcc_controller_ipc_cm0p.a(mint_os_queue.o)
                0x10007420                OS_enqueue_item

i.OS_queue_get_num_of_items
                0x100074c4       0x28
 i.OS_queue_get_num_of_items
                0x100074c4       0x28 Generated_Source\PSoC6\pdl\middleware\ble\lib\cy_ble_stack_gcc_controller_ipc_cm0p.a(mint_os_queue.o)
                0x100074c4                OS_queue_get_num_of_items

i.OS_queue_mgmt_init
                0x100074ec       0x40
 i.OS_queue_mgmt_init
                0x100074ec       0x40 Generated_Source\PSoC6\pdl\middleware\ble\lib\cy_ble_stack_gcc_controller_ipc_cm0p.a(mint_os_queue.o)
                0x100074ec                OS_queue_mgmt_init

i.OS_remove_item
                0x1000752c       0xb8
 i.OS_remove_item
                0x1000752c       0xb8 Generated_Source\PSoC6\pdl\middleware\ble\lib\cy_ble_stack_gcc_controller_ipc_cm0p.a(mint_os_queue.o)
                0x1000752c                OS_remove_item

i.OS_create_task
                0x100075e4       0x88
 i.OS_create_task
                0x100075e4       0x88 Generated_Source\PSoC6\pdl\middleware\ble\lib\cy_ble_stack_gcc_controller_ipc_cm0p.a(mint_os_task.o)
                0x100075e4                OS_create_task

i.OS_is_task_free
                0x1000766c       0x30
 i.OS_is_task_free
                0x1000766c       0x30 Generated_Source\PSoC6\pdl\middleware\ble\lib\cy_ble_stack_gcc_controller_ipc_cm0p.a(mint_os_task.o)
                0x1000766c                OS_is_task_free

i.OS_isr_send_signal_to_task
                0x1000769c        0xc
 i.OS_isr_send_signal_to_task
                0x1000769c        0xc Generated_Source\PSoC6\pdl\middleware\ble\lib\cy_ble_stack_gcc_controller_ipc_cm0p.a(mint_os_task.o)
                0x1000769c                OS_isr_send_signal_to_task

i.OS_scheduler  0x100076a8       0x78
 i.OS_scheduler
                0x100076a8       0x78 Generated_Source\PSoC6\pdl\middleware\ble\lib\cy_ble_stack_gcc_controller_ipc_cm0p.a(mint_os_task.o)
                0x100076a8                OS_scheduler

i.OS_send_signal_to_task
                0x10007720        0xc
 i.OS_send_signal_to_task
                0x10007720        0xc Generated_Source\PSoC6\pdl\middleware\ble\lib\cy_ble_stack_gcc_controller_ipc_cm0p.a(mint_os_task.o)
                0x10007720                OS_send_signal_to_task

i.OS_send_signal_to_task_context
                0x1000772c       0x3c
 i.OS_send_signal_to_task_context
                0x1000772c       0x3c Generated_Source\PSoC6\pdl\middleware\ble\lib\cy_ble_stack_gcc_controller_ipc_cm0p.a(mint_os_task.o)

i.OS_task_mgmt_init
                0x10007768       0x50
 i.OS_task_mgmt_init
                0x10007768       0x50 Generated_Source\PSoC6\pdl\middleware\ble\lib\cy_ble_stack_gcc_controller_ipc_cm0p.a(mint_os_task.o)
                0x10007768                OS_task_mgmt_init

i.mint_buf_mgmt_allocate_buffer
                0x100077b8       0x60
 i.mint_buf_mgmt_allocate_buffer
                0x100077b8       0x60 Generated_Source\PSoC6\pdl\middleware\ble\lib\cy_ble_stack_gcc_controller_ipc_cm0p.a(mint_buf_mgmt.o)
                0x100077b8                mint_buf_mgmt_allocate_buffer

i.mint_buf_mgmt_create_pool
                0x10007818       0xd4
 i.mint_buf_mgmt_create_pool
                0x10007818       0xd4 Generated_Source\PSoC6\pdl\middleware\ble\lib\cy_ble_stack_gcc_controller_ipc_cm0p.a(mint_buf_mgmt.o)
                0x10007818                mint_buf_mgmt_create_pool

i.mint_buf_mgmt_free_buffer
                0x100078ec       0xb8
 i.mint_buf_mgmt_free_buffer
                0x100078ec       0xb8 Generated_Source\PSoC6\pdl\middleware\ble\lib\cy_ble_stack_gcc_controller_ipc_cm0p.a(mint_buf_mgmt.o)
                0x100078ec                mint_buf_mgmt_free_buffer

i.mint_buf_mgmt_init
                0x100079a4       0x44
 i.mint_buf_mgmt_init
                0x100079a4       0x44 Generated_Source\PSoC6\pdl\middleware\ble\lib\cy_ble_stack_gcc_controller_ipc_cm0p.a(mint_buf_mgmt.o)
                0x100079a4                mint_buf_mgmt_init

i.mint_buf_mgmt_malloc
                0x100079e8       0x28
 i.mint_buf_mgmt_malloc
                0x100079e8       0x28 Generated_Source\PSoC6\pdl\middleware\ble\lib\cy_ble_stack_gcc_controller_ipc_cm0p.a(mint_buf_mgmt.o)
                0x100079e8                mint_buf_mgmt_malloc

i.mint_buf_mgmt_pl_init
                0x10007a10       0x4c
 i.mint_buf_mgmt_pl_init
                0x10007a10       0x4c Generated_Source\PSoC6\pdl\middleware\ble\lib\cy_ble_stack_gcc_controller_ipc_cm0p.a(mint_buf_mgmt.o)
                0x10007a10                mint_buf_mgmt_pl_init

i.mint_buf_mgmt_reset_pool
                0x10007a5c       0x70
 i.mint_buf_mgmt_reset_pool
                0x10007a5c       0x70 Generated_Source\PSoC6\pdl\middleware\ble\lib\cy_ble_stack_gcc_controller_ipc_cm0p.a(mint_buf_mgmt.o)
                0x10007a5c                mint_buf_mgmt_reset_pool

i.mint_buf_mgmt_stack_init
                0x10007acc       0x24
 i.mint_buf_mgmt_stack_init
                0x10007acc       0x24 Generated_Source\PSoC6\pdl\middleware\ble\lib\cy_ble_stack_gcc_controller_ipc_cm0p.a(mint_buf_mgmt.o)
                0x10007acc                mint_buf_mgmt_stack_init

i.mint_buf_mgmt_stack_pop
                0x10007af0       0x4a
 i.mint_buf_mgmt_stack_pop
                0x10007af0       0x4a Generated_Source\PSoC6\pdl\middleware\ble\lib\cy_ble_stack_gcc_controller_ipc_cm0p.a(mint_buf_mgmt.o)
                0x10007af0                mint_buf_mgmt_stack_pop

i.mint_buf_mgmt_stack_push
                0x10007b3a       0x4a
 i.mint_buf_mgmt_stack_push
                0x10007b3a       0x4a Generated_Source\PSoC6\pdl\middleware\ble\lib\cy_ble_stack_gcc_controller_ipc_cm0p.a(mint_buf_mgmt.o)
                0x10007b3a                mint_buf_mgmt_stack_push

i.mint_buf_mgmt_stack_reset
                0x10007b84       0x1e
 i.mint_buf_mgmt_stack_reset
                0x10007b84       0x1e Generated_Source\PSoC6\pdl\middleware\ble\lib\cy_ble_stack_gcc_controller_ipc_cm0p.a(mint_buf_mgmt.o)
                0x10007b84                mint_buf_mgmt_stack_reset

i.mint_buf_mgmt_stack_search_item
                0x10007ba2       0x30
 i.mint_buf_mgmt_stack_search_item
                0x10007ba2       0x30 Generated_Source\PSoC6\pdl\middleware\ble\lib\cy_ble_stack_gcc_controller_ipc_cm0p.a(mint_buf_mgmt.o)
                0x10007ba2                mint_buf_mgmt_stack_search_item

i.CyBleController_HciIpcExtractPacket
                0x10007bd4       0xe8
 i.CyBleController_HciIpcExtractPacket
                0x10007bd4       0xe8 Generated_Source\PSoC6\pdl\middleware\ble\lib\cy_ble_stack_gcc_controller_ipc_cm0p.a(transport_ipc.o)
                0x10007bd4                CyBleController_HciIpcExtractPacket

i.CyBleController_HciIpcInit
                0x10007cbc       0x10
 i.CyBleController_HciIpcInit
                0x10007cbc       0x10 Generated_Source\PSoC6\pdl\middleware\ble\lib\cy_ble_stack_gcc_controller_ipc_cm0p.a(transport_ipc.o)
                0x10007cbc                CyBleController_HciIpcInit

i.CyBleController_HciIpcMsgCompleteReceive
                0x10007ccc       0x20
 i.CyBleController_HciIpcMsgCompleteReceive
                0x10007ccc       0x20 Generated_Source\PSoC6\pdl\middleware\ble\lib\cy_ble_stack_gcc_controller_ipc_cm0p.a(transport_ipc.o)
                0x10007ccc                CyBleController_HciIpcMsgCompleteReceive

i.CyBleController_HciIpcMsgReceive
                0x10007cec       0x34
 i.CyBleController_HciIpcMsgReceive
                0x10007cec       0x34 Generated_Source\PSoC6\pdl\middleware\ble\lib\cy_ble_stack_gcc_controller_ipc_cm0p.a(transport_ipc.o)
                0x10007cec                CyBleController_HciIpcMsgReceive

i.CyBleController_HciIpcSend
                0x10007d20       0x16
 i.CyBleController_HciIpcSend
                0x10007d20       0x16 Generated_Source\PSoC6\pdl\middleware\ble\lib\cy_ble_stack_gcc_controller_ipc_cm0p.a(transport_ipc.o)
                0x10007d20                CyBleController_HciIpcSend

i.CyBleController_IpcSendStackInitHWError
                0x10007d36        0x8
 i.CyBleController_IpcSendStackInitHWError
                0x10007d36        0x8 Generated_Source\PSoC6\pdl\middleware\ble\lib\cy_ble_stack_gcc_controller_ipc_cm0p.a(transport_ipc.o)
                0x10007d36                CyBleController_IpcSendStackInitHWError

i.CyBleController_IPC_HAL_Init
                0x10007d40       0x40
 i.CyBleController_IPC_HAL_Init
                0x10007d40       0x40 Generated_Source\PSoC6\pdl\middleware\ble\lib\cy_ble_stack_gcc_controller_ipc_cm0p.a(CyBleStackMgr_PSoCIPCHal.o)
                0x10007d40                CyBleController_IPC_HAL_Init

i.CyBleController_IPC_HAL_InitWithStaticMem
                0x10007d80       0x10
 i.CyBleController_IPC_HAL_InitWithStaticMem
                0x10007d80       0x10 Generated_Source\PSoC6\pdl\middleware\ble\lib\cy_ble_stack_gcc_controller_ipc_cm0p.a(CyBleStackMgr_PSoCIPCHal.o)
                0x10007d80                CyBleController_IPC_HAL_InitWithStaticMem

i.CyBleController_IPC_HAL_IsQueueEmpty
                0x10007d90       0x24
 i.CyBleController_IPC_HAL_IsQueueEmpty
                0x10007d90       0x24 Generated_Source\PSoC6\pdl\middleware\ble\lib\cy_ble_stack_gcc_controller_ipc_cm0p.a(CyBleStackMgr_PSoCIPCHal.o)
                0x10007d90                CyBleController_IPC_HAL_IsQueueEmpty

i.CyBleController_IPC_HAL_PipeReleaseCallback
                0x10007db4       0x1c
 i.CyBleController_IPC_HAL_PipeReleaseCallback
                0x10007db4       0x1c Generated_Source\PSoC6\pdl\middleware\ble\lib\cy_ble_stack_gcc_controller_ipc_cm0p.a(CyBleStackMgr_PSoCIPCHal.o)

i.CyBleController_IPC_HAL_ProcessMsgQ
                0x10007dd0       0x40
 i.CyBleController_IPC_HAL_ProcessMsgQ
                0x10007dd0       0x40 Generated_Source\PSoC6\pdl\middleware\ble\lib\cy_ble_stack_gcc_controller_ipc_cm0p.a(CyBleStackMgr_PSoCIPCHal.o)
                0x10007dd0                CyBleController_IPC_HAL_ProcessMsgQ

i.CyBleController_IPC_HAL_PushMessage
                0x10007e10       0x4c
 i.CyBleController_IPC_HAL_PushMessage
                0x10007e10       0x4c Generated_Source\PSoC6\pdl\middleware\ble\lib\cy_ble_stack_gcc_controller_ipc_cm0p.a(CyBleStackMgr_PSoCIPCHal.o)

i.CyBleController_IPC_HAL_Reset
                0x10007e5c       0x2c
 i.CyBleController_IPC_HAL_Reset
                0x10007e5c       0x2c Generated_Source\PSoC6\pdl\middleware\ble\lib\cy_ble_stack_gcc_controller_ipc_cm0p.a(CyBleStackMgr_PSoCIPCHal.o)
                0x10007e5c                CyBleController_IPC_HAL_Reset

i.CyBleController_IPC_HAL_SendEnqueue
                0x10007e88       0x10
 i.CyBleController_IPC_HAL_SendEnqueue
                0x10007e88       0x10 Generated_Source\PSoC6\pdl\middleware\ble\lib\cy_ble_stack_gcc_controller_ipc_cm0p.a(CyBleStackMgr_PSoCIPCHal.o)
                0x10007e88                CyBleController_IPC_HAL_SendEnqueue

i.CyBle_ControllerAesCcmDecrypt
                0x10007e98       0x50
 i.CyBle_ControllerAesCcmDecrypt
                0x10007e98       0x50 Generated_Source\PSoC6\pdl\middleware\ble\lib\cy_ble_stack_gcc_controller_ipc_cm0p.a(CyBleControllerIP_Interface.o)
                0x10007e98                CyBle_ControllerAesCcmDecrypt

i.CyBle_ControllerAesCcmEncrypt
                0x10007ee8       0x44
 i.CyBle_ControllerAesCcmEncrypt
                0x10007ee8       0x44 Generated_Source\PSoC6\pdl\middleware\ble\lib\cy_ble_stack_gcc_controller_ipc_cm0p.a(CyBleControllerIP_Interface.o)
                0x10007ee8                CyBle_ControllerAesCcmEncrypt

i.CyBle_ControllerAesEncrypt
                0x10007f2c       0x60
 i.CyBle_ControllerAesEncrypt
                0x10007f2c       0x60 Generated_Source\PSoC6\pdl\middleware\ble\lib\cy_ble_stack_gcc_controller_ipc_cm0p.a(CyBleControllerIP_Interface.o)
                0x10007f2c                CyBle_ControllerAesEncrypt

i.CyBle_ControllerDisableDleFeature
                0x10007f8c       0x10
 i.CyBle_ControllerDisableDleFeature
                0x10007f8c       0x10 Generated_Source\PSoC6\pdl\middleware\ble\lib\cy_ble_stack_gcc_controller_ipc_cm0p.a(CyBleControllerIP_Interface.o)
                0x10007f8c                CyBle_ControllerDisableDleFeature

i.CyBle_ControllerDisablePhyUpdateFeature
                0x10007f9c        0xc
 i.CyBle_ControllerDisablePhyUpdateFeature
                0x10007f9c        0xc Generated_Source\PSoC6\pdl\middleware\ble\lib\cy_ble_stack_gcc_controller_ipc_cm0p.a(CyBleControllerIP_Interface.o)
                0x10007f9c                CyBle_ControllerDisablePhyUpdateFeature

i.CyBle_ControllerDisablePrivacyFeature
                0x10007fa8        0xc
 i.CyBle_ControllerDisablePrivacyFeature
                0x10007fa8        0xc Generated_Source\PSoC6\pdl\middleware\ble\lib\cy_ble_stack_gcc_controller_ipc_cm0p.a(CyBleControllerIP_Interface.o)
                0x10007fa8                CyBle_ControllerDisablePrivacyFeature

i.CyBle_ControllerEnablePrivacyFeature
                0x10007fb4       0x10
 i.CyBle_ControllerEnablePrivacyFeature
                0x10007fb4       0x10 Generated_Source\PSoC6\pdl\middleware\ble\lib\cy_ble_stack_gcc_controller_ipc_cm0p.a(CyBleControllerIP_Interface.o)
                0x10007fb4                CyBle_ControllerEnablePrivacyFeature

i.CyBle_ControllerExitLPM
                0x10007fc4       0x10
 i.CyBle_ControllerExitLPM
                0x10007fc4       0x10 Generated_Source\PSoC6\pdl\middleware\ble\lib\cy_ble_stack_gcc_controller_ipc_cm0p.a(CyBleControllerIP_Interface.o)
                0x10007fc4                CyBle_ControllerExitLPM

i.CyBle_ControllerGetBleSsState
                0x10007fd4       0x10
 i.CyBle_ControllerGetBleSsState
                0x10007fd4       0x10 Generated_Source\PSoC6\pdl\middleware\ble\lib\cy_ble_stack_gcc_controller_ipc_cm0p.a(CyBleControllerIP_Interface.o)
                0x10007fd4                CyBle_ControllerGetBleSsState

i.CyBle_ControllerGetFeatureHeapReq
                0x10007fe4       0x58
 i.CyBle_ControllerGetFeatureHeapReq
                0x10007fe4       0x58 Generated_Source\PSoC6\pdl\middleware\ble\lib\cy_ble_stack_gcc_controller_ipc_cm0p.a(CyBleControllerIP_Interface.o)
                0x10007fe4                CyBle_ControllerGetFeatureHeapReq

i.CyBle_ControllerGetFirmwareProgrammedDSM
                0x1000803c        0xc
 i.CyBle_ControllerGetFirmwareProgrammedDSM
                0x1000803c        0xc Generated_Source\PSoC6\pdl\middleware\ble\lib\cy_ble_stack_gcc_controller_ipc_cm0p.a(CyBleControllerIP_Interface.o)
                0x1000803c                CyBle_ControllerGetFirmwareProgrammedDSM

i.CyBle_ControllerGetHeapMemory
                0x10008048       0x18
 i.CyBle_ControllerGetHeapMemory
                0x10008048       0x18 Generated_Source\PSoC6\pdl\middleware\ble\lib\cy_ble_stack_gcc_controller_ipc_cm0p.a(CyBleControllerIP_Interface.o)
                0x10008048                CyBle_ControllerGetHeapMemory

i.CyBle_ControllerGetInternalHeapReq
                0x10008060       0x40
 i.CyBle_ControllerGetInternalHeapReq
                0x10008060       0x40 Generated_Source\PSoC6\pdl\middleware\ble\lib\cy_ble_stack_gcc_controller_ipc_cm0p.a(CyBleControllerIP_Interface.o)
                0x10008060                CyBle_ControllerGetInternalHeapReq

i.CyBle_ControllerHCIReInit
                0x100080a0       0x60
 i.CyBle_ControllerHCIReInit
                0x100080a0       0x60 Generated_Source\PSoC6\pdl\middleware\ble\lib\cy_ble_stack_gcc_controller_ipc_cm0p.a(CyBleControllerIP_Interface.o)
                0x100080a0                CyBle_ControllerHCIReInit

i.CyBle_ControllerInit
                0x10008100       0x68
 i.CyBle_ControllerInit
                0x10008100       0x68 Generated_Source\PSoC6\pdl\middleware\ble\lib\cy_ble_stack_gcc_controller_ipc_cm0p.a(CyBleControllerIP_Interface.o)
                0x10008100                CyBle_ControllerInit

i.CyBle_ControllerReset
                0x10008168       0x20
 i.CyBle_ControllerReset
                0x10008168       0x20 Generated_Source\PSoC6\pdl\middleware\ble\lib\cy_ble_stack_gcc_controller_ipc_cm0p.a(CyBleControllerIP_Interface.o)
                0x10008168                CyBle_ControllerReset

i.CyBle_ControllerSaveLastConnTxPower
                0x10008188       0x10
 i.CyBle_ControllerSaveLastConnTxPower
                0x10008188       0x10 Generated_Source\PSoC6\pdl\middleware\ble\lib\cy_ble_stack_gcc_controller_ipc_cm0p.a(CyBleControllerIP_Interface.o)
                0x10008188                CyBle_ControllerSaveLastConnTxPower

i.CyBle_ControllerSetFeatureConfig
                0x10008198       0x68
 i.CyBle_ControllerSetFeatureConfig
                0x10008198       0x68 Generated_Source\PSoC6\pdl\middleware\ble\lib\cy_ble_stack_gcc_controller_ipc_cm0p.a(CyBleControllerIP_Interface.o)
                0x10008198                CyBle_ControllerSetFeatureConfig

i.CyBle_ControllerSetFirmwareProgrammedDSM
                0x10008200        0xc
 i.CyBle_ControllerSetFirmwareProgrammedDSM
                0x10008200        0xc Generated_Source\PSoC6\pdl\middleware\ble\lib\cy_ble_stack_gcc_controller_ipc_cm0p.a(CyBleControllerIP_Interface.o)
                0x10008200                CyBle_ControllerSetFirmwareProgrammedDSM

i.CyBle_ControllerValidateInputParams
                0x1000820c       0x24
 i.CyBle_ControllerValidateInputParams
                0x1000820c       0x24 Generated_Source\PSoC6\pdl\middleware\ble\lib\cy_ble_stack_gcc_controller_ipc_cm0p.a(CyBleControllerIP_Interface.o)
                0x1000820c                CyBle_ControllerValidateInputParams

i.Cy_BLE_ControllerEnterLPM
                0x10008230       0x2c
 i.Cy_BLE_ControllerEnterLPM
                0x10008230       0x2c Generated_Source\PSoC6\pdl\middleware\ble\lib\cy_ble_stack_gcc_controller_ipc_cm0p.a(CyBleControllerIP_Interface.o)
                0x10008230                Cy_BLE_ControllerEnterLPM

i.Cy_BLE_IsControllerActive
                0x1000825c       0x30
 i.Cy_BLE_IsControllerActive
                0x1000825c       0x30 Generated_Source\PSoC6\pdl\middleware\ble\lib\cy_ble_stack_gcc_controller_ipc_cm0p.a(ll.o)
                0x1000825c                Cy_BLE_IsControllerActive

i.ll_check_and_mark_packet_ready_for_transmission
                0x1000828c       0x5c
 i.ll_check_and_mark_packet_ready_for_transmission
                0x1000828c       0x5c Generated_Source\PSoC6\pdl\middleware\ble\lib\cy_ble_stack_gcc_controller_ipc_cm0p.a(ll.o)
                0x1000828c                ll_check_and_mark_packet_ready_for_transmission

i.ll_cleanup_pending_data_pdu
                0x100082e8       0x3c
 i.ll_cleanup_pending_data_pdu
                0x100082e8       0x3c Generated_Source\PSoC6\pdl\middleware\ble\lib\cy_ble_stack_gcc_controller_ipc_cm0p.a(ll.o)
                0x100082e8                ll_cleanup_pending_data_pdu

i.ll_dequeue_data_in_pdu_q_mgr
                0x10008324      0x144
 i.ll_dequeue_data_in_pdu_q_mgr
                0x10008324      0x144 Generated_Source\PSoC6\pdl\middleware\ble\lib\cy_ble_stack_gcc_controller_ipc_cm0p.a(ll.o)
                0x10008324                ll_dequeue_data_in_pdu_q_mgr

i.ll_derive_window_offset
                0x10008468       0x20
 i.ll_derive_window_offset
                0x10008468       0x20 Generated_Source\PSoC6\pdl\middleware\ble\lib\cy_ble_stack_gcc_controller_ipc_cm0p.a(ll.o)
                0x10008468                ll_derive_window_offset

i.ll_derive_window_size
                0x10008488        0xc
 i.ll_derive_window_size
                0x10008488        0xc Generated_Source\PSoC6\pdl\middleware\ble\lib\cy_ble_stack_gcc_controller_ipc_cm0p.a(ll.o)
                0x10008488                ll_derive_window_size

i.ll_enqueue_data_in_pdu_q_mgr
                0x10008494       0x9c
 i.ll_enqueue_data_in_pdu_q_mgr
                0x10008494       0x9c Generated_Source\PSoC6\pdl\middleware\ble\lib\cy_ble_stack_gcc_controller_ipc_cm0p.a(ll.o)
                0x10008494                ll_enqueue_data_in_pdu_q_mgr

i.ll_enter_dsm_mode
                0x10008530      0x210
 i.ll_enter_dsm_mode
                0x10008530      0x210 Generated_Source\PSoC6\pdl\middleware\ble\lib\cy_ble_stack_gcc_controller_ipc_cm0p.a(ll.o)
                0x10008530                ll_enter_dsm_mode

i.ll_exit_low_power_mode
                0x10008740       0x6c
 i.ll_exit_low_power_mode
                0x10008740       0x6c Generated_Source\PSoC6\pdl\middleware\ble\lib\cy_ble_stack_gcc_controller_ipc_cm0p.a(ll.o)
                0x10008740                ll_exit_low_power_mode

i.ll_get_ack_status
                0x100087ac       0x44
 i.ll_get_ack_status
                0x100087ac       0x44 Generated_Source\PSoC6\pdl\middleware\ble\lib\cy_ble_stack_gcc_controller_ipc_cm0p.a(ll.o)
                0x100087ac                ll_get_ack_status

i.ll_get_ack_status_for_all_connections
                0x100087f0       0x38
 i.ll_get_ack_status_for_all_connections
                0x100087f0       0x38 Generated_Source\PSoC6\pdl\middleware\ble\lib\cy_ble_stack_gcc_controller_ipc_cm0p.a(ll.o)
                0x100087f0                ll_get_ack_status_for_all_connections

i.ll_get_adv_ch_tx_power
                0x10008828       0x16
 i.ll_get_adv_ch_tx_power
                0x10008828       0x16 Generated_Source\PSoC6\pdl\middleware\ble\lib\cy_ble_stack_gcc_controller_ipc_cm0p.a(ll.o)
                0x10008828                ll_get_adv_ch_tx_power

i.ll_get_data_channel_map
                0x1000883e       0x28
 i.ll_get_data_channel_map
                0x1000883e       0x28 Generated_Source\PSoC6\pdl\middleware\ble\lib\cy_ble_stack_gcc_controller_ipc_cm0p.a(ll.o)
                0x1000883e                ll_get_data_channel_map

i.ll_get_max_white_list_size
                0x10008868        0xc
 i.ll_get_max_white_list_size
                0x10008868        0xc Generated_Source\PSoC6\pdl\middleware\ble\lib\cy_ble_stack_gcc_controller_ipc_cm0p.a(ll.o)
                0x10008868                ll_get_max_white_list_size

i.ll_get_my_role
                0x10008874        0xc
 i.ll_get_my_role
                0x10008874        0xc Generated_Source\PSoC6\pdl\middleware\ble\lib\cy_ble_stack_gcc_controller_ipc_cm0p.a(ll.o)
                0x10008874                ll_get_my_role

i.ll_get_next_available_fifo_for_data_pdu
                0x10008880        0x8
 i.ll_get_next_available_fifo_for_data_pdu
                0x10008880        0x8 Generated_Source\PSoC6\pdl\middleware\ble\lib\cy_ble_stack_gcc_controller_ipc_cm0p.a(ll.o)
                0x10008880                ll_get_next_available_fifo_for_data_pdu

i.ll_get_next_available_fifo_for_ll_pdu
                0x10008888       0x30
 i.ll_get_next_available_fifo_for_ll_pdu
                0x10008888       0x30 Generated_Source\PSoC6\pdl\middleware\ble\lib\cy_ble_stack_gcc_controller_ipc_cm0p.a(ll.o)
                0x10008888                ll_get_next_available_fifo_for_ll_pdu

i.ll_get_rssi_value
                0x100088b8       0x28
 i.ll_get_rssi_value
                0x100088b8       0x28 Generated_Source\PSoC6\pdl\middleware\ble\lib\cy_ble_stack_gcc_controller_ipc_cm0p.a(ll.o)
                0x100088b8                ll_get_rssi_value

i.ll_get_transmit_power_level
                0x100088e0       0x20
 i.ll_get_transmit_power_level
                0x100088e0       0x20 Generated_Source\PSoC6\pdl\middleware\ble\lib\cy_ble_stack_gcc_controller_ipc_cm0p.a(ll.o)
                0x100088e0                ll_get_transmit_power_level

i.ll_handle_ack_received
                0x10008900       0x6c
 i.ll_handle_ack_received
                0x10008900       0x6c Generated_Source\PSoC6\pdl\middleware\ble\lib\cy_ble_stack_gcc_controller_ipc_cm0p.a(ll.o)
                0x10008900                ll_handle_ack_received
