ARM GAS  C:\Users\Austina\AppData\Local\Temp\cc4AgRFe.s 			page 1


   1              		.syntax unified
   2              		.cpu cortex-m0plus
   3              		.fpu softvfp
   4              		.eabi_attribute 20, 1
   5              		.eabi_attribute 21, 1
   6              		.eabi_attribute 23, 3
   7              		.eabi_attribute 24, 1
   8              		.eabi_attribute 25, 1
   9              		.eabi_attribute 26, 1
  10              		.eabi_attribute 30, 1
  11              		.eabi_attribute 34, 0
  12              		.eabi_attribute 18, 4
  13              		.thumb
  14              		.syntax unified
  15              		.file	"CapSense_TMG.c"
  16              		.text
  17              	.Ltext0:
  18              		.cfi_sections	.debug_frame
  19              		.section	.text.CapSense_TMG_DecodeAllGestures,"ax",%progbits
  20              		.align	2
  21              		.global	CapSense_TMG_DecodeAllGestures
  22              		.code	16
  23              		.thumb_func
  24              		.type	CapSense_TMG_DecodeAllGestures, %function
  25              	CapSense_TMG_DecodeAllGestures:
  26              	.LFB0:
  27              		.file 1 "Generated_Source\\PSoC6\\CapSense_TMG.c"
   1:Generated_Source\PSoC6/CapSense_TMG.c **** /*******************************************************************************
   2:Generated_Source\PSoC6/CapSense_TMG.c **** * File Name: CapSense_TMG.c
   3:Generated_Source\PSoC6/CapSense_TMG.c **** * Version 2.0
   4:Generated_Source\PSoC6/CapSense_TMG.c **** *
   5:Generated_Source\PSoC6/CapSense_TMG.c **** * Description:
   6:Generated_Source\PSoC6/CapSense_TMG.c **** *  This file provides the source code of the API for the CapSense TMG component.
   7:Generated_Source\PSoC6/CapSense_TMG.c **** *
   8:Generated_Source\PSoC6/CapSense_TMG.c **** ********************************************************************************
   9:Generated_Source\PSoC6/CapSense_TMG.c **** * Copyright 2014, Cypress Semiconductor Corporation.  All rights reserved.
  10:Generated_Source\PSoC6/CapSense_TMG.c **** * You may use this file only in accordance with the license, terms, conditions,
  11:Generated_Source\PSoC6/CapSense_TMG.c **** * disclaimers, and limitations in the end user license agreement accompanying
  12:Generated_Source\PSoC6/CapSense_TMG.c **** * the software package with which this file was provided.
  13:Generated_Source\PSoC6/CapSense_TMG.c **** *******************************************************************************/
  14:Generated_Source\PSoC6/CapSense_TMG.c **** 
  15:Generated_Source\PSoC6/CapSense_TMG.c **** #include "CapSense_TMG.h"
  16:Generated_Source\PSoC6/CapSense_TMG.c **** 
  17:Generated_Source\PSoC6/CapSense_TMG.c **** 
  18:Generated_Source\PSoC6/CapSense_TMG.c **** /*******************************************************************************
  19:Generated_Source\PSoC6/CapSense_TMG.c **** * Function Name: CapSense_TMG_DecodeAllGestures
  20:Generated_Source\PSoC6/CapSense_TMG.c **** ********************************************************************************
  21:Generated_Source\PSoC6/CapSense_TMG.c **** *
  22:Generated_Source\PSoC6/CapSense_TMG.c **** * Summary:
  23:Generated_Source\PSoC6/CapSense_TMG.c **** *  Decodes all enabled gestures in the customizer and returns the detected
  24:Generated_Source\PSoC6/CapSense_TMG.c **** *  gesture code.
  25:Generated_Source\PSoC6/CapSense_TMG.c **** *  CapSense_TMG_InitGestures and CapSense_TMG_TimerEnableInt has to be
  26:Generated_Source\PSoC6/CapSense_TMG.c **** *  called once prior calling this or any other API for gesture decoding.
  27:Generated_Source\PSoC6/CapSense_TMG.c **** *
  28:Generated_Source\PSoC6/CapSense_TMG.c **** * Parameters:
  29:Generated_Source\PSoC6/CapSense_TMG.c **** *  touchNumber: Number of fingers on the trackpad. Valid range 0-2.
  30:Generated_Source\PSoC6/CapSense_TMG.c **** *  currentTimestamp : Current timestamp value.
ARM GAS  C:\Users\Austina\AppData\Local\Temp\cc4AgRFe.s 			page 2


  31:Generated_Source\PSoC6/CapSense_TMG.c **** *  pos: Pointer to structure with coordinates of touches.
  32:Generated_Source\PSoC6/CapSense_TMG.c **** *
  33:Generated_Source\PSoC6/CapSense_TMG.c **** * Return:
  34:Generated_Source\PSoC6/CapSense_TMG.c **** *  Detected gesture code.
  35:Generated_Source\PSoC6/CapSense_TMG.c **** *
  36:Generated_Source\PSoC6/CapSense_TMG.c **** *******************************************************************************/
  37:Generated_Source\PSoC6/CapSense_TMG.c **** uint32_t CapSense_TMG_DecodeAllGestures(uint32_t touchNumber, uint32_t currentTimestamp, const CapS
  38:Generated_Source\PSoC6/CapSense_TMG.c **** {
  28              		.loc 1 38 0
  29              		.cfi_startproc
  30              		@ args = 0, pretend = 0, frame = 0
  31              		@ frame_needed = 0, uses_anonymous_args = 0
  32              	.LVL0:
  33 0000 F8B5     		push	{r3, r4, r5, r6, r7, lr}
  34              		.cfi_def_cfa_offset 24
  35              		.cfi_offset 3, -24
  36              		.cfi_offset 4, -20
  37              		.cfi_offset 5, -16
  38              		.cfi_offset 6, -12
  39              		.cfi_offset 7, -8
  40              		.cfi_offset 14, -4
  41 0002 0E00     		movs	r6, r1
  42 0004 1700     		movs	r7, r2
  43              	.LVL1:
  39:Generated_Source\PSoC6/CapSense_TMG.c ****     uint32_t gestureID = CapSense_TMG_NO_GESTURE;
  40:Generated_Source\PSoC6/CapSense_TMG.c ****     #if(0u != CapSense_TMG_GESTURES_ENABLED)
  41:Generated_Source\PSoC6/CapSense_TMG.c ****         /* Variable for detected click gestures */
  42:Generated_Source\PSoC6/CapSense_TMG.c ****         uint32_t clickGesture = CapSense_TMG_NO_GESTURE;
  43:Generated_Source\PSoC6/CapSense_TMG.c **** 
  44:Generated_Source\PSoC6/CapSense_TMG.c ****         /* Variable for detected single touch gestures */
  45:Generated_Source\PSoC6/CapSense_TMG.c ****         uint32_t stGesture = CapSense_TMG_NO_GESTURE;
  46:Generated_Source\PSoC6/CapSense_TMG.c **** 
  47:Generated_Source\PSoC6/CapSense_TMG.c ****         /* Variable for detected double touch gestures */
  48:Generated_Source\PSoC6/CapSense_TMG.c ****         uint32_t dtGesture = CapSense_TMG_NO_GESTURE;
  49:Generated_Source\PSoC6/CapSense_TMG.c **** 
  50:Generated_Source\PSoC6/CapSense_TMG.c ****         #if (CapSense_TMG_ROTATE_ENABLED != 0u)
  51:Generated_Source\PSoC6/CapSense_TMG.c ****             static uint32_t rotationActive = 0u;
  52:Generated_Source\PSoC6/CapSense_TMG.c ****         #endif /* (CapSense_TMG_ROTATE_ENABLED != 0u) */
  53:Generated_Source\PSoC6/CapSense_TMG.c **** 
  54:Generated_Source\PSoC6/CapSense_TMG.c ****         #if (CapSense_TMG_EDGE_SWIPE_ENABLED != 0u)
  55:Generated_Source\PSoC6/CapSense_TMG.c ****             static uint32_t edgeTimeoutStamp = 0u;
  56:Generated_Source\PSoC6/CapSense_TMG.c ****             uint32_t deltaTimeoutStamp = 0u;
  57:Generated_Source\PSoC6/CapSense_TMG.c ****         #endif /* (CapSense_TMG_EDGE_SWIPE_ENABLED != 0u) */
  58:Generated_Source\PSoC6/CapSense_TMG.c **** 
  59:Generated_Source\PSoC6/CapSense_TMG.c ****         #if ((CapSense_TMG_EDGE_SWIPE_ENABLED == 1u) && ((CapSense_TMG_CLICKS_ENABLED == 1u) ||\
  60:Generated_Source\PSoC6/CapSense_TMG.c ****                                                              (CapSense_TMG_ST_SCROLLS_ENABLED == 1u
  61:Generated_Source\PSoC6/CapSense_TMG.c ****                                                              (CapSense_TMG_ROTATE_ENABLED == 1u)))
  62:Generated_Source\PSoC6/CapSense_TMG.c ****             static uint32_t edgeSwipeActive = 0u;
  63:Generated_Source\PSoC6/CapSense_TMG.c ****         #endif /* ((CapSense_TMG_EDGE_SWIPE_ENABLED == 1u) && ((CapSense_TMG_CLICKS_ENABLED == 1u) 
  64:Generated_Source\PSoC6/CapSense_TMG.c ****                                                                    (CapSense_TMG_ST_SCROLLS_ENABLED
  65:Generated_Source\PSoC6/CapSense_TMG.c ****                                                                    (CapSense_TMG_ROTATE_ENABLED == 
  66:Generated_Source\PSoC6/CapSense_TMG.c **** 
  67:Generated_Source\PSoC6/CapSense_TMG.c ****         #if ((CapSense_TMG_CLICKS_ENABLED == 1u) && ((CapSense_TMG_EDGE_SWIPE_ENABLED == 1u) ||\
  68:Generated_Source\PSoC6/CapSense_TMG.c ****                                                          (CapSense_TMG_ST_SCROLLS_ENABLED == 1u) ||
  69:Generated_Source\PSoC6/CapSense_TMG.c ****                                                          (CapSense_TMG_ROTATE_ENABLED == 1u)))
  70:Generated_Source\PSoC6/CapSense_TMG.c ****             static uint32_t clickAndDragActive = 0u;
  71:Generated_Source\PSoC6/CapSense_TMG.c ****         #endif /* ((CapSense_TMG_CLICKS_ENABLED == 1u) && ((CapSense_TMG_EDGE_SWIPE_ENABLED == 1u) 
ARM GAS  C:\Users\Austina\AppData\Local\Temp\cc4AgRFe.s 			page 3


  72:Generated_Source\PSoC6/CapSense_TMG.c ****                                                                (CapSense_TMG_ST_SCROLLS_ENABLED == 
  73:Generated_Source\PSoC6/CapSense_TMG.c ****                                                                (CapSense_TMG_ROTATE_ENABLED == 1u))
  74:Generated_Source\PSoC6/CapSense_TMG.c **** 
  75:Generated_Source\PSoC6/CapSense_TMG.c ****         #if (CapSense_TMG_EDGE_SWIPE_ENABLED == 1u)
  76:Generated_Source\PSoC6/CapSense_TMG.c ****             uint32_t edgeSwipeGesture = CapSense_TMG_NO_GESTURE;
  77:Generated_Source\PSoC6/CapSense_TMG.c ****         #endif /* (CapSense_TMG_EDGE_SWIPE_ENABLED == 1u) */
  78:Generated_Source\PSoC6/CapSense_TMG.c **** 
  79:Generated_Source\PSoC6/CapSense_TMG.c ****         #if ((CapSense_TMG_CLICKS_ENABLED != 0u) || (CapSense_TMG_EDGE_SWIPE_ENABLED != 0u))
  80:Generated_Source\PSoC6/CapSense_TMG.c ****             clickGesture = Gesture_DecodeAllClickGestures((uint8_t)touchNumber, currentTimestamp, p
  44              		.loc 1 80 0
  45 0006 C4B2     		uxtb	r4, r0
  46 0008 2000     		movs	r0, r4
  47              	.LVL2:
  48 000a FFF7FEFF 		bl	Gesture_DecodeAllClickGestures
  49              	.LVL3:
  50 000e 0500     		movs	r5, r0
  51              	.LVL4:
  81:Generated_Source\PSoC6/CapSense_TMG.c ****         #endif /* ((CapSense_TMG_CLICKS_ENABLED != 0u) || (CapSense_TMG_EDGE_SWIPE_ENABLED != 0u)) 
  82:Generated_Source\PSoC6/CapSense_TMG.c **** 
  83:Generated_Source\PSoC6/CapSense_TMG.c ****         #if (CapSense_TMG_CLICKS_ENABLED != 0u)
  84:Generated_Source\PSoC6/CapSense_TMG.c ****             gestureID = clickGesture;
  85:Generated_Source\PSoC6/CapSense_TMG.c ****             #if ((CapSense_TMG_EDGE_SWIPE_ENABLED == 1u) || (CapSense_TMG_ST_SCROLLS_ENABLED == 1u)
  86:Generated_Source\PSoC6/CapSense_TMG.c ****             if (clickGesture == CapSense_TMG_CLICK_AND_DRAG)
  87:Generated_Source\PSoC6/CapSense_TMG.c ****             {
  88:Generated_Source\PSoC6/CapSense_TMG.c ****                 clickAndDragActive = 1u;
  89:Generated_Source\PSoC6/CapSense_TMG.c ****             }
  90:Generated_Source\PSoC6/CapSense_TMG.c ****             #endif /* ((CapSense_TMG_CLICKS_ENABLED == 1u) || (CapSense_TMG_ST_SCROLLS_ENABLED == 1
  91:Generated_Source\PSoC6/CapSense_TMG.c ****         #endif /* (CapSense_TMG_CLICKS_ENABLED != 0u) */
  92:Generated_Source\PSoC6/CapSense_TMG.c **** 
  93:Generated_Source\PSoC6/CapSense_TMG.c ****         #if (CapSense_TMG_ROTATE_ENABLED == 1u)
  94:Generated_Source\PSoC6/CapSense_TMG.c ****             stGesture = Gesture_DecodeSTRotateGestures((uint8_t)touchNumber, currentTimestamp, pos)
  95:Generated_Source\PSoC6/CapSense_TMG.c **** 
  96:Generated_Source\PSoC6/CapSense_TMG.c ****             #if ((CapSense_TMG_EDGE_SWIPE_ENABLED == 1u) || (CapSense_TMG_CLICKS_ENABLED == 1u))
  97:Generated_Source\PSoC6/CapSense_TMG.c ****                 #if ((CapSense_TMG_EDGE_SWIPE_ENABLED == 1u) && (CapSense_TMG_CLICKS_ENABLED == 1u)
  98:Generated_Source\PSoC6/CapSense_TMG.c ****                     if ((clickAndDragActive == 1u) || (edgeSwipeActive == 1u))
  99:Generated_Source\PSoC6/CapSense_TMG.c ****                 #elif (CapSense_TMG_CLICKS_ENABLED == 1u)
 100:Generated_Source\PSoC6/CapSense_TMG.c ****                     if (clickAndDragActive == 1u)
 101:Generated_Source\PSoC6/CapSense_TMG.c ****                 #elif (CapSense_TMG_EDGE_SWIPE_ENABLED == 1u)
 102:Generated_Source\PSoC6/CapSense_TMG.c ****                     if (edgeSwipeActive == 1u)
 103:Generated_Source\PSoC6/CapSense_TMG.c ****                 #endif /* ((CapSense_TMG_EDGE_SWIPE_ENABLED == 1u) && (CapSense_TMG_CLICKS_ENABLED 
 104:Generated_Source\PSoC6/CapSense_TMG.c ****                 {
 105:Generated_Source\PSoC6/CapSense_TMG.c ****                     stGesture = CapSense_TMG_NO_GESTURE;
 106:Generated_Source\PSoC6/CapSense_TMG.c ****                 }
 107:Generated_Source\PSoC6/CapSense_TMG.c ****             #endif /* ((CapSense_TMG_EDGE_SWIPE_ENABLED == 1u) || (CapSense_TMG_CLICKS_ENABLED == 1
 108:Generated_Source\PSoC6/CapSense_TMG.c ****             if ((stGesture == CapSense_TMG_ROTATE_CW) || (stGesture == CapSense_TMG_ROTATE_CCW))
 109:Generated_Source\PSoC6/CapSense_TMG.c ****             {
 110:Generated_Source\PSoC6/CapSense_TMG.c ****                 rotationActive = CapSense_TMG_ROTATE_TO_OTHER_DEBOUNCE;
 111:Generated_Source\PSoC6/CapSense_TMG.c ****             }
 112:Generated_Source\PSoC6/CapSense_TMG.c ****             else
 113:Generated_Source\PSoC6/CapSense_TMG.c ****             {
 114:Generated_Source\PSoC6/CapSense_TMG.c ****                 if (rotationActive > 0u)
 115:Generated_Source\PSoC6/CapSense_TMG.c ****                 {
 116:Generated_Source\PSoC6/CapSense_TMG.c ****                     rotationActive--;
 117:Generated_Source\PSoC6/CapSense_TMG.c ****                 }
 118:Generated_Source\PSoC6/CapSense_TMG.c ****             }
 119:Generated_Source\PSoC6/CapSense_TMG.c **** 
 120:Generated_Source\PSoC6/CapSense_TMG.c ****             if (((stGesture == CapSense_TMG_NO_GESTURE)||(stGesture == CapSense_TMG_TOUCHDOWN) \
ARM GAS  C:\Users\Austina\AppData\Local\Temp\cc4AgRFe.s 			page 4


 121:Generated_Source\PSoC6/CapSense_TMG.c ****                                             ||(stGesture == CapSense_TMG_LIFT_OFF))&&(rotationActiv
 122:Generated_Source\PSoC6/CapSense_TMG.c ****         #else
 123:Generated_Source\PSoC6/CapSense_TMG.c ****             if ((stGesture == CapSense_TMG_NO_GESTURE)||(stGesture == CapSense_TMG_TOUCHDOWN) \
 124:Generated_Source\PSoC6/CapSense_TMG.c ****                                             ||(stGesture == CapSense_TMG_LIFT_OFF))
 125:Generated_Source\PSoC6/CapSense_TMG.c ****         #endif /* (CapSense_TMG_ROTATE_ENABLED == 1u) */
 126:Generated_Source\PSoC6/CapSense_TMG.c ****         {
 127:Generated_Source\PSoC6/CapSense_TMG.c ****             #if (CapSense_TMG_ST_SCROLLS_ENABLED == 1u)
 128:Generated_Source\PSoC6/CapSense_TMG.c ****                 #if ((CapSense_TMG_EDGE_SWIPE_ENABLED == 1u) && (CapSense_TMG_CLICKS_ENABLED == 1u)
 129:Generated_Source\PSoC6/CapSense_TMG.c ****                     if ((clickAndDragActive == 0u)&&(edgeSwipeActive == 0u))
 130:Generated_Source\PSoC6/CapSense_TMG.c ****                 #elif (CapSense_TMG_CLICKS_ENABLED == 1u)
 131:Generated_Source\PSoC6/CapSense_TMG.c ****                     if (clickAndDragActive == 0u)
 132:Generated_Source\PSoC6/CapSense_TMG.c ****                 #elif (CapSense_TMG_EDGE_SWIPE_ENABLED == 1u)
 133:Generated_Source\PSoC6/CapSense_TMG.c ****                     if (edgeSwipeActive == 0u)
 134:Generated_Source\PSoC6/CapSense_TMG.c ****                 #else
 135:Generated_Source\PSoC6/CapSense_TMG.c ****                     if (1u == 1u)
 136:Generated_Source\PSoC6/CapSense_TMG.c ****                 #endif /* ((CapSense_TMG_EDGE_SWIPE_ENABLED == 1u) && (CapSense_TMG_CLICKS_ENABLED 
 137:Generated_Source\PSoC6/CapSense_TMG.c ****                 {
 138:Generated_Source\PSoC6/CapSense_TMG.c ****                     stGesture = Gesture_DecodeSTScrollGestures((uint8_t)touchNumber, currentTimesta
 139:Generated_Source\PSoC6/CapSense_TMG.c ****                 }
 140:Generated_Source\PSoC6/CapSense_TMG.c ****             #elif (CapSense_TMG_FLICKS_ENABLED == 1u)
 141:Generated_Source\PSoC6/CapSense_TMG.c ****                 stGesture = Gesture_DecodeFlickGestures((uint8_t)touchNumber, currentTimestamp, pos
  52              		.loc 1 141 0
  53 0010 3A00     		movs	r2, r7
  54 0012 3100     		movs	r1, r6
  55 0014 2000     		movs	r0, r4
  56              	.LVL5:
  57 0016 FFF7FEFF 		bl	Gesture_DecodeFlickGestures
  58              	.LVL6:
 142:Generated_Source\PSoC6/CapSense_TMG.c ****             #endif /* (CapSense_TMG_ST_SCROLLS_ENABLED == 1u) */
 143:Generated_Source\PSoC6/CapSense_TMG.c ****         }
 144:Generated_Source\PSoC6/CapSense_TMG.c **** 
 145:Generated_Source\PSoC6/CapSense_TMG.c ****         #if (CapSense_TMG_EDGE_SWIPE_ENABLED == 1u)
 146:Generated_Source\PSoC6/CapSense_TMG.c ****             edgeSwipeGesture = Gesture_DecodeEdgeSwipeGestures((uint8_t)touchNumber, currentTimesta
 147:Generated_Source\PSoC6/CapSense_TMG.c **** 
 148:Generated_Source\PSoC6/CapSense_TMG.c ****             #if (CapSense_TMG_ROTATE_ENABLED == 1u)
 149:Generated_Source\PSoC6/CapSense_TMG.c ****                 if (((edgeSwipeGesture != CapSense_TMG_NO_GESTURE) && \
 150:Generated_Source\PSoC6/CapSense_TMG.c ****                     (edgeSwipeGesture != CapSense_TMG_TOUCHDOWN) && (edgeSwipeGesture != CapSense_T
 151:Generated_Source\PSoC6/CapSense_TMG.c ****                                                                                             && (rot
 152:Generated_Source\PSoC6/CapSense_TMG.c ****             #else
 153:Generated_Source\PSoC6/CapSense_TMG.c ****                 if ((edgeSwipeGesture != CapSense_TMG_NO_GESTURE) && \
 154:Generated_Source\PSoC6/CapSense_TMG.c ****                     (edgeSwipeGesture != CapSense_TMG_TOUCHDOWN) && (edgeSwipeGesture != CapSense_T
 155:Generated_Source\PSoC6/CapSense_TMG.c ****             #endif /* (CapSense_TMG_ROTATE_ENABLED == 1u) */
 156:Generated_Source\PSoC6/CapSense_TMG.c ****             {
 157:Generated_Source\PSoC6/CapSense_TMG.c ****                 stGesture = edgeSwipeGesture;
 158:Generated_Source\PSoC6/CapSense_TMG.c ****                 #if ((CapSense_TMG_EDGE_SWIPE_ENABLED == 1u) && ((CapSense_TMG_CLICKS_ENABLED == 1u
 159:Generated_Source\PSoC6/CapSense_TMG.c ****                                                                      (CapSense_TMG_ST_SCROLLS_ENABL
 160:Generated_Source\PSoC6/CapSense_TMG.c ****                                                                      (CapSense_TMG_ROTATE_ENABLED =
 161:Generated_Source\PSoC6/CapSense_TMG.c ****                     edgeSwipeActive = 1u;
 162:Generated_Source\PSoC6/CapSense_TMG.c ****                 #endif /* ((CapSense_TMG_EDGE_SWIPE_ENABLED == 1u) && ((CapSense_TMG_CLICKS_ENABLED
 163:Generated_Source\PSoC6/CapSense_TMG.c ****                                                                            (CapSense_TMG_ST_SCROLLS
 164:Generated_Source\PSoC6/CapSense_TMG.c ****                                                                            (CapSense_TMG_ROTATE_ENA
 165:Generated_Source\PSoC6/CapSense_TMG.c ****             }
 166:Generated_Source\PSoC6/CapSense_TMG.c ****         #endif /* (CapSense_TMG_EDGE_SWIPE_ENABLED == 1u) */
 167:Generated_Source\PSoC6/CapSense_TMG.c **** 
 168:Generated_Source\PSoC6/CapSense_TMG.c ****         if ((stGesture != CapSense_TMG_NO_GESTURE)&&(stGesture != CapSense_TMG_TOUCHDOWN) \
  59              		.loc 1 168 0
  60 001a 0028     		cmp	r0, #0
ARM GAS  C:\Users\Austina\AppData\Local\Temp\cc4AgRFe.s 			page 5


  61 001c 04D0     		beq	.L2
  62              		.loc 1 168 0 is_stmt 0 discriminator 1
  63 001e 2F28     		cmp	r0, #47
  64 0020 02D0     		beq	.L2
 169:Generated_Source\PSoC6/CapSense_TMG.c ****                                             &&(stGesture != CapSense_TMG_LIFT_OFF))
  65              		.loc 1 169 0 is_stmt 1
  66 0022 4F28     		cmp	r0, #79
  67 0024 00D0     		beq	.L2
 170:Generated_Source\PSoC6/CapSense_TMG.c ****         {
 171:Generated_Source\PSoC6/CapSense_TMG.c ****             gestureID = stGesture;
  68              		.loc 1 171 0
  69 0026 0500     		movs	r5, r0
  70              	.LVL7:
  71              	.L2:
 172:Generated_Source\PSoC6/CapSense_TMG.c ****         }
 173:Generated_Source\PSoC6/CapSense_TMG.c ****         else if ((clickGesture == CapSense_TMG_TOUCHDOWN) || (clickGesture == CapSense_TMG_LIFT_OFF
 174:Generated_Source\PSoC6/CapSense_TMG.c ****         {
 175:Generated_Source\PSoC6/CapSense_TMG.c ****             #if(CapSense_TMG_CLICKS_ENABLED != 0u)
 176:Generated_Source\PSoC6/CapSense_TMG.c ****                 gestureID = clickGesture;
 177:Generated_Source\PSoC6/CapSense_TMG.c ****             #else
 178:Generated_Source\PSoC6/CapSense_TMG.c ****                 gestureID = CapSense_TMG_NO_GESTURE;
 179:Generated_Source\PSoC6/CapSense_TMG.c ****             #endif /* (CapSense_TMG_CLICKS_ENABLED != 0u) */
 180:Generated_Source\PSoC6/CapSense_TMG.c ****         }
 181:Generated_Source\PSoC6/CapSense_TMG.c ****         else
 182:Generated_Source\PSoC6/CapSense_TMG.c ****         {
 183:Generated_Source\PSoC6/CapSense_TMG.c ****             /* Do not change gestureID */
 184:Generated_Source\PSoC6/CapSense_TMG.c ****         }
 185:Generated_Source\PSoC6/CapSense_TMG.c **** 
 186:Generated_Source\PSoC6/CapSense_TMG.c ****         dtGesture = CapSense_TMG_DecodeZoomGestures(touchNumber, currentTimestamp, pos);
 187:Generated_Source\PSoC6/CapSense_TMG.c ****         if ((dtGesture == CapSense_TMG_NO_GESTURE) || (dtGesture == CapSense_TMG_TOUCHDOWN) \
 188:Generated_Source\PSoC6/CapSense_TMG.c ****                                             || (dtGesture == CapSense_TMG_LIFT_OFF))
 189:Generated_Source\PSoC6/CapSense_TMG.c ****         {
 190:Generated_Source\PSoC6/CapSense_TMG.c ****             dtGesture = CapSense_TMG_DecodeDTScrollGestures(touchNumber, currentTimestamp, pos);
 191:Generated_Source\PSoC6/CapSense_TMG.c ****         }
 192:Generated_Source\PSoC6/CapSense_TMG.c ****         else
 193:Generated_Source\PSoC6/CapSense_TMG.c ****         {
 194:Generated_Source\PSoC6/CapSense_TMG.c ****             (void)CapSense_TMG_DecodeDTScrollGestures(touchNumber, currentTimestamp, pos);
 195:Generated_Source\PSoC6/CapSense_TMG.c ****         }
 196:Generated_Source\PSoC6/CapSense_TMG.c **** 
 197:Generated_Source\PSoC6/CapSense_TMG.c ****         if ((dtGesture != CapSense_TMG_NO_GESTURE) && (dtGesture != CapSense_TMG_TOUCHDOWN) \
 198:Generated_Source\PSoC6/CapSense_TMG.c ****                                             && (dtGesture != CapSense_TMG_LIFT_OFF))
 199:Generated_Source\PSoC6/CapSense_TMG.c ****         {
 200:Generated_Source\PSoC6/CapSense_TMG.c ****             gestureID = dtGesture;
 201:Generated_Source\PSoC6/CapSense_TMG.c ****         }
 202:Generated_Source\PSoC6/CapSense_TMG.c **** 
 203:Generated_Source\PSoC6/CapSense_TMG.c ****         #if (CapSense_TMG_EDGE_SWIPE_ENABLED != 0u)
 204:Generated_Source\PSoC6/CapSense_TMG.c ****             if((gestureID >= CapSense_TMG_EDGE_SWIPE_LEFT)&&(gestureID <= CapSense_TMG_EDGE_SWIPE_B
 205:Generated_Source\PSoC6/CapSense_TMG.c ****             {
 206:Generated_Source\PSoC6/CapSense_TMG.c ****                 edgeTimeoutStamp = currentTimestamp;
 207:Generated_Source\PSoC6/CapSense_TMG.c ****             }
 208:Generated_Source\PSoC6/CapSense_TMG.c ****         #endif /* (CapSense_TMG_EDGE_SWIPE_ENABLED != 0u) */
 209:Generated_Source\PSoC6/CapSense_TMG.c **** 
 210:Generated_Source\PSoC6/CapSense_TMG.c ****         if ((clickGesture == CapSense_TMG_LIFT_OFF) || (clickGesture == CapSense_TMG_TOUCHDOWN) || 
 211:Generated_Source\PSoC6/CapSense_TMG.c ****                 (gestureID == CapSense_TMG_NO_GESTURE))
 212:Generated_Source\PSoC6/CapSense_TMG.c ****         {
 213:Generated_Source\PSoC6/CapSense_TMG.c ****             #if ((CapSense_TMG_CLICKS_ENABLED == 1u) && ((CapSense_TMG_EDGE_SWIPE_ENABLED == 1u) ||
 214:Generated_Source\PSoC6/CapSense_TMG.c ****                                                              (CapSense_TMG_ST_SCROLLS_ENABLED == 1u
ARM GAS  C:\Users\Austina\AppData\Local\Temp\cc4AgRFe.s 			page 6


 215:Generated_Source\PSoC6/CapSense_TMG.c ****                                                              (CapSense_TMG_ROTATE_ENABLED == 1u)))
 216:Generated_Source\PSoC6/CapSense_TMG.c ****                 if(0u != clickAndDragActive)
 217:Generated_Source\PSoC6/CapSense_TMG.c ****                 {
 218:Generated_Source\PSoC6/CapSense_TMG.c ****                     clickAndDragActive = 0u;
 219:Generated_Source\PSoC6/CapSense_TMG.c ****                 }
 220:Generated_Source\PSoC6/CapSense_TMG.c ****             #endif /* ((CapSense_TMG_CLICKS_ENABLED == 1u) && ((CapSense_TMG_EDGE_SWIPE_ENABLED == 
 221:Generated_Source\PSoC6/CapSense_TMG.c ****                                                                    (CapSense_TMG_ST_SCROLLS_ENABLED
 222:Generated_Source\PSoC6/CapSense_TMG.c ****                                                                    (CapSense_TMG_ROTATE_ENABLED == 
 223:Generated_Source\PSoC6/CapSense_TMG.c **** 
 224:Generated_Source\PSoC6/CapSense_TMG.c ****             #if (CapSense_TMG_EDGE_SWIPE_ENABLED != 0u)
 225:Generated_Source\PSoC6/CapSense_TMG.c ****             deltaTimeoutStamp = currentTimestamp - edgeTimeoutStamp;
 226:Generated_Source\PSoC6/CapSense_TMG.c ****             if ((clickGesture == CapSense_TMG_LIFT_OFF) || (deltaTimeoutStamp >= CapSense_TMG_EDGE_
 227:Generated_Source\PSoC6/CapSense_TMG.c ****             {
 228:Generated_Source\PSoC6/CapSense_TMG.c ****                 edgeTimeoutStamp = 0u;
 229:Generated_Source\PSoC6/CapSense_TMG.c ****                 #if ((CapSense_TMG_EDGE_SWIPE_ENABLED == 1u) && ((CapSense_TMG_CLICKS_ENABLED == 1u
 230:Generated_Source\PSoC6/CapSense_TMG.c ****                                                                             (CapSense_TMG_ST_SCROLL
 231:Generated_Source\PSoC6/CapSense_TMG.c ****                     if(0u != edgeSwipeActive)
 232:Generated_Source\PSoC6/CapSense_TMG.c ****                     {
 233:Generated_Source\PSoC6/CapSense_TMG.c ****                         edgeSwipeActive = 0u;
 234:Generated_Source\PSoC6/CapSense_TMG.c ****                     }
 235:Generated_Source\PSoC6/CapSense_TMG.c **** 
 236:Generated_Source\PSoC6/CapSense_TMG.c ****                 #endif /* ((CapSense_TMG_EDGE_SWIPE_ENABLED == 1u) && ((CapSense_TMG_CLICKS_ENABLED
 237:Generated_Source\PSoC6/CapSense_TMG.c ****                                                                             (CapSense_TMG_ST_SCROLL
 238:Generated_Source\PSoC6/CapSense_TMG.c ****             }
 239:Generated_Source\PSoC6/CapSense_TMG.c ****             #endif /* (CapSense_TMG_EDGE_SWIPE_ENABLED != 0u) */
 240:Generated_Source\PSoC6/CapSense_TMG.c ****         }
 241:Generated_Source\PSoC6/CapSense_TMG.c ****     #endif /* (0u != CapSense_TMG_GESTURES_ENABLED) */
 242:Generated_Source\PSoC6/CapSense_TMG.c **** 
 243:Generated_Source\PSoC6/CapSense_TMG.c ****     return (gestureID);
 244:Generated_Source\PSoC6/CapSense_TMG.c **** }
  72              		.loc 1 244 0
  73 0028 2800     		movs	r0, r5
  74              	.LVL8:
  75              		@ sp needed
  76              	.LVL9:
  77              	.LVL10:
  78              	.LVL11:
  79 002a F8BD     		pop	{r3, r4, r5, r6, r7, pc}
  80              		.cfi_endproc
  81              	.LFE0:
  82              		.size	CapSense_TMG_DecodeAllGestures, .-CapSense_TMG_DecodeAllGestures
  83              		.section	.text.CapSense_TMG_BallisticsMultiplier,"ax",%progbits
  84              		.align	2
  85              		.global	CapSense_TMG_BallisticsMultiplier
  86              		.code	16
  87              		.thumb_func
  88              		.type	CapSense_TMG_BallisticsMultiplier, %function
  89              	CapSense_TMG_BallisticsMultiplier:
  90              	.LFB1:
 245:Generated_Source\PSoC6/CapSense_TMG.c **** 
 246:Generated_Source\PSoC6/CapSense_TMG.c **** 
 247:Generated_Source\PSoC6/CapSense_TMG.c **** /*******************************************************************************
 248:Generated_Source\PSoC6/CapSense_TMG.c **** * Function Name: CapSense_TMG_ballisticsMultiplier
 249:Generated_Source\PSoC6/CapSense_TMG.c **** ********************************************************************************
 250:Generated_Source\PSoC6/CapSense_TMG.c **** *
 251:Generated_Source\PSoC6/CapSense_TMG.c **** * Summary:
 252:Generated_Source\PSoC6/CapSense_TMG.c **** *  This API is to run the ballistic Multiplier.
ARM GAS  C:\Users\Austina\AppData\Local\Temp\cc4AgRFe.s 			page 7


 253:Generated_Source\PSoC6/CapSense_TMG.c **** *  CapSense_TMG_TimerEnableInt has to be called once prior calling this API.
 254:Generated_Source\PSoC6/CapSense_TMG.c **** *
 255:Generated_Source\PSoC6/CapSense_TMG.c **** * Parameters:
 256:Generated_Source\PSoC6/CapSense_TMG.c **** *   ballisticMultiplier: Pointer to the structure which contains API parameters.
 257:Generated_Source\PSoC6/CapSense_TMG.c **** *   currentTimestamp : Current timestamp value.
 258:Generated_Source\PSoC6/CapSense_TMG.c **** *   pos: Pointer to dX and dY coordinates.
 259:Generated_Source\PSoC6/CapSense_TMG.c **** *
 260:Generated_Source\PSoC6/CapSense_TMG.c **** * Return:
 261:Generated_Source\PSoC6/CapSense_TMG.c **** *  None
 262:Generated_Source\PSoC6/CapSense_TMG.c **** *
 263:Generated_Source\PSoC6/CapSense_TMG.c **** * Global Variables:
 264:Generated_Source\PSoC6/CapSense_TMG.c **** *  None
 265:Generated_Source\PSoC6/CapSense_TMG.c **** *
 266:Generated_Source\PSoC6/CapSense_TMG.c **** *******************************************************************************/
 267:Generated_Source\PSoC6/CapSense_TMG.c **** void CapSense_TMG_BallisticsMultiplier(const CapSense_TMG_BALLISTIC_MULT * ballisticMultiplier, uin
 268:Generated_Source\PSoC6/CapSense_TMG.c **** {
  91              		.loc 1 268 0
  92              		.cfi_startproc
  93              		@ args = 0, pretend = 0, frame = 0
  94              		@ frame_needed = 0, uses_anonymous_args = 0
  95              		@ link register save eliminated.
  96              	.LVL12:
 269:Generated_Source\PSoC6/CapSense_TMG.c ****     #if (CapSense_TMG_BALLISTICS_ENABLED == 1u)
 270:Generated_Source\PSoC6/CapSense_TMG.c ****         CapSense_TMG_BALLISTIC_MULT_INT ballisticsStrct;
 271:Generated_Source\PSoC6/CapSense_TMG.c ****         ballisticsStrct.paramStr = *ballisticMultiplier;
 272:Generated_Source\PSoC6/CapSense_TMG.c ****         ballisticsStrct.currentTimestamp = currentTimestamp;
 273:Generated_Source\PSoC6/CapSense_TMG.c ****         BallisticMultiplier(&ballisticsStrct, pos);
 274:Generated_Source\PSoC6/CapSense_TMG.c ****     #endif /* (CapSense_TMG_BALLISTICS_ENABLED == 1u) */
 275:Generated_Source\PSoC6/CapSense_TMG.c **** }
  97              		.loc 1 275 0
  98              		@ sp needed
  99 0000 7047     		bx	lr
 100              		.cfi_endproc
 101              	.LFE1:
 102              		.size	CapSense_TMG_BallisticsMultiplier, .-CapSense_TMG_BallisticsMultiplier
 103 0002 C046     		.text
 104              	.Letext0:
 105              		.file 2 "c:\\program files (x86)\\cypress\\psoc creator\\4.4\\psoc creator\\import\\gnu\\arm\\5.4.
 106              		.file 3 "c:\\program files (x86)\\cypress\\psoc creator\\4.4\\psoc creator\\import\\gnu\\arm\\5.4.
 107              		.file 4 "Generated_Source\\PSoC6\\CapSense_TMG.h"
 108              		.section	.debug_info,"",%progbits
 109              	.Ldebug_info0:
 110 0000 81020000 		.4byte	0x281
 111 0004 0400     		.2byte	0x4
 112 0006 00000000 		.4byte	.Ldebug_abbrev0
 113 000a 04       		.byte	0x4
 114 000b 01       		.uleb128 0x1
 115 000c 14000000 		.4byte	.LASF33
 116 0010 0C       		.byte	0xc
 117 0011 D1000000 		.4byte	.LASF34
 118 0015 7E020000 		.4byte	.LASF35
 119 0019 00000000 		.4byte	.Ldebug_ranges0+0
 120 001d 00000000 		.4byte	0
 121 0021 00000000 		.4byte	.Ldebug_line0
 122 0025 02       		.uleb128 0x2
 123 0026 01       		.byte	0x1
 124 0027 06       		.byte	0x6
ARM GAS  C:\Users\Austina\AppData\Local\Temp\cc4AgRFe.s 			page 8


 125 0028 61010000 		.4byte	.LASF0
 126 002c 03       		.uleb128 0x3
 127 002d 2D010000 		.4byte	.LASF2
 128 0031 02       		.byte	0x2
 129 0032 1D       		.byte	0x1d
 130 0033 37000000 		.4byte	0x37
 131 0037 02       		.uleb128 0x2
 132 0038 01       		.byte	0x1
 133 0039 08       		.byte	0x8
 134 003a 53010000 		.4byte	.LASF1
 135 003e 03       		.uleb128 0x3
 136 003f 74020000 		.4byte	.LASF3
 137 0043 02       		.byte	0x2
 138 0044 29       		.byte	0x29
 139 0045 49000000 		.4byte	0x49
 140 0049 02       		.uleb128 0x2
 141 004a 02       		.byte	0x2
 142 004b 05       		.byte	0x5
 143 004c 00000000 		.4byte	.LASF4
 144 0050 03       		.uleb128 0x3
 145 0051 BE000000 		.4byte	.LASF5
 146 0055 02       		.byte	0x2
 147 0056 2B       		.byte	0x2b
 148 0057 5B000000 		.4byte	0x5b
 149 005b 02       		.uleb128 0x2
 150 005c 02       		.byte	0x2
 151 005d 07       		.byte	0x7
 152 005e EC010000 		.4byte	.LASF6
 153 0062 02       		.uleb128 0x2
 154 0063 04       		.byte	0x4
 155 0064 05       		.byte	0x5
 156 0065 05010000 		.4byte	.LASF7
 157 0069 03       		.uleb128 0x3
 158 006a B3000000 		.4byte	.LASF8
 159 006e 02       		.byte	0x2
 160 006f 41       		.byte	0x41
 161 0070 74000000 		.4byte	0x74
 162 0074 02       		.uleb128 0x2
 163 0075 04       		.byte	0x4
 164 0076 07       		.byte	0x7
 165 0077 2E020000 		.4byte	.LASF9
 166 007b 02       		.uleb128 0x2
 167 007c 08       		.byte	0x8
 168 007d 05       		.byte	0x5
 169 007e F7000000 		.4byte	.LASF10
 170 0082 02       		.uleb128 0x2
 171 0083 08       		.byte	0x8
 172 0084 07       		.byte	0x7
 173 0085 6D010000 		.4byte	.LASF11
 174 0089 04       		.uleb128 0x4
 175 008a 04       		.byte	0x4
 176 008b 05       		.byte	0x5
 177 008c 696E7400 		.ascii	"int\000"
 178 0090 02       		.uleb128 0x2
 179 0091 04       		.byte	0x4
 180 0092 07       		.byte	0x7
 181 0093 98010000 		.4byte	.LASF12
ARM GAS  C:\Users\Austina\AppData\Local\Temp\cc4AgRFe.s 			page 9


 182 0097 03       		.uleb128 0x3
 183 0098 C9000000 		.4byte	.LASF13
 184 009c 03       		.byte	0x3
 185 009d 18       		.byte	0x18
 186 009e 2C000000 		.4byte	0x2c
 187 00a2 03       		.uleb128 0x3
 188 00a3 09020000 		.4byte	.LASF14
 189 00a7 03       		.byte	0x3
 190 00a8 20       		.byte	0x20
 191 00a9 3E000000 		.4byte	0x3e
 192 00ad 03       		.uleb128 0x3
 193 00ae A5010000 		.4byte	.LASF15
 194 00b2 03       		.byte	0x3
 195 00b3 24       		.byte	0x24
 196 00b4 50000000 		.4byte	0x50
 197 00b8 03       		.uleb128 0x3
 198 00b9 84010000 		.4byte	.LASF16
 199 00bd 03       		.byte	0x3
 200 00be 30       		.byte	0x30
 201 00bf 69000000 		.4byte	0x69
 202 00c3 05       		.uleb128 0x5
 203 00c4 06       		.byte	0x6
 204 00c5 04       		.byte	0x4
 205 00c6 F801     		.2byte	0x1f8
 206 00c8 1B010000 		.4byte	0x11b
 207 00cc 06       		.uleb128 0x6
 208 00cd 57020000 		.4byte	.LASF17
 209 00d1 04       		.byte	0x4
 210 00d2 FB01     		.2byte	0x1fb
 211 00d4 97000000 		.4byte	0x97
 212 00d8 00       		.byte	0
 213 00d9 06       		.uleb128 0x6
 214 00da 8D010000 		.4byte	.LASF18
 215 00de 04       		.byte	0x4
 216 00df FD01     		.2byte	0x1fd
 217 00e1 97000000 		.4byte	0x97
 218 00e5 01       		.byte	0x1
 219 00e6 06       		.uleb128 0x6
 220 00e7 03030000 		.4byte	.LASF19
 221 00eb 04       		.byte	0x4
 222 00ec FF01     		.2byte	0x1ff
 223 00ee 97000000 		.4byte	0x97
 224 00f2 02       		.byte	0x2
 225 00f3 06       		.uleb128 0x6
 226 00f4 A6000000 		.4byte	.LASF20
 227 00f8 04       		.byte	0x4
 228 00f9 0102     		.2byte	0x201
 229 00fb 97000000 		.4byte	0x97
 230 00ff 03       		.byte	0x3
 231 0100 06       		.uleb128 0x6
 232 0101 0E030000 		.4byte	.LASF21
 233 0105 04       		.byte	0x4
 234 0106 0302     		.2byte	0x203
 235 0108 97000000 		.4byte	0x97
 236 010c 04       		.byte	0x4
 237 010d 06       		.uleb128 0x6
 238 010e 1E030000 		.4byte	.LASF22
ARM GAS  C:\Users\Austina\AppData\Local\Temp\cc4AgRFe.s 			page 10


 239 0112 04       		.byte	0x4
 240 0113 0502     		.2byte	0x205
 241 0115 97000000 		.4byte	0x97
 242 0119 05       		.byte	0x5
 243 011a 00       		.byte	0
 244 011b 07       		.uleb128 0x7
 245 011c 37010000 		.4byte	.LASF23
 246 0120 04       		.byte	0x4
 247 0121 0602     		.2byte	0x206
 248 0123 C3000000 		.4byte	0xc3
 249 0127 05       		.uleb128 0x5
 250 0128 04       		.byte	0x4
 251 0129 04       		.byte	0x4
 252 012a 0C02     		.2byte	0x20c
 253 012c 47010000 		.4byte	0x147
 254 0130 08       		.uleb128 0x8
 255 0131 7800     		.ascii	"x\000"
 256 0133 04       		.byte	0x4
 257 0134 0D02     		.2byte	0x20d
 258 0136 AD000000 		.4byte	0xad
 259 013a 00       		.byte	0
 260 013b 08       		.uleb128 0x8
 261 013c 7900     		.ascii	"y\000"
 262 013e 04       		.byte	0x4
 263 013f 0E02     		.2byte	0x20e
 264 0141 AD000000 		.4byte	0xad
 265 0145 02       		.byte	0x2
 266 0146 00       		.byte	0
 267 0147 07       		.uleb128 0x7
 268 0148 11020000 		.4byte	.LASF24
 269 014c 04       		.byte	0x4
 270 014d 0F02     		.2byte	0x20f
 271 014f 27010000 		.4byte	0x127
 272 0153 09       		.uleb128 0x9
 273 0154 0E010000 		.4byte	.LASF36
 274 0158 01       		.byte	0x1
 275 0159 25       		.byte	0x25
 276 015a B8000000 		.4byte	0xb8
 277 015e 00000000 		.4byte	.LFB0
 278 0162 2C000000 		.4byte	.LFE0-.LFB0
 279 0166 01       		.uleb128 0x1
 280 0167 9C       		.byte	0x9c
 281 0168 0F020000 		.4byte	0x20f
 282 016c 0A       		.uleb128 0xa
 283 016d 57020000 		.4byte	.LASF17
 284 0171 01       		.byte	0x1
 285 0172 25       		.byte	0x25
 286 0173 B8000000 		.4byte	0xb8
 287 0177 00000000 		.4byte	.LLST0
 288 017b 0A       		.uleb128 0xa
 289 017c 63020000 		.4byte	.LASF25
 290 0180 01       		.byte	0x1
 291 0181 25       		.byte	0x25
 292 0182 B8000000 		.4byte	0xb8
 293 0186 21000000 		.4byte	.LLST1
 294 018a 0B       		.uleb128 0xb
 295 018b 706F7300 		.ascii	"pos\000"
ARM GAS  C:\Users\Austina\AppData\Local\Temp\cc4AgRFe.s 			page 11


 296 018f 01       		.byte	0x1
 297 0190 25       		.byte	0x25
 298 0191 0F020000 		.4byte	0x20f
 299 0195 4D000000 		.4byte	.LLST2
 300 0199 0C       		.uleb128 0xc
 301 019a 4D020000 		.4byte	.LASF26
 302 019e 01       		.byte	0x1
 303 019f 27       		.byte	0x27
 304 01a0 B8000000 		.4byte	0xb8
 305 01a4 79000000 		.4byte	.LLST3
 306 01a8 0C       		.uleb128 0xc
 307 01a9 40020000 		.4byte	.LASF27
 308 01ad 01       		.byte	0x1
 309 01ae 2A       		.byte	0x2a
 310 01af B8000000 		.4byte	0xb8
 311 01b3 AE000000 		.4byte	.LLST4
 312 01b7 0C       		.uleb128 0xc
 313 01b8 FF010000 		.4byte	.LASF28
 314 01bc 01       		.byte	0x1
 315 01bd 2D       		.byte	0x2d
 316 01be B8000000 		.4byte	0xb8
 317 01c2 D8000000 		.4byte	.LLST5
 318 01c6 0D       		.uleb128 0xd
 319 01c7 0A000000 		.4byte	.LASF29
 320 01cb 01       		.byte	0x1
 321 01cc 30       		.byte	0x30
 322 01cd B8000000 		.4byte	0xb8
 323 01d1 00       		.byte	0
 324 01d2 0E       		.uleb128 0xe
 325 01d3 0E000000 		.4byte	.LVL3
 326 01d7 6C020000 		.4byte	0x26c
 327 01db F2010000 		.4byte	0x1f2
 328 01df 0F       		.uleb128 0xf
 329 01e0 01       		.uleb128 0x1
 330 01e1 50       		.byte	0x50
 331 01e2 02       		.uleb128 0x2
 332 01e3 74       		.byte	0x74
 333 01e4 00       		.sleb128 0
 334 01e5 0F       		.uleb128 0xf
 335 01e6 01       		.uleb128 0x1
 336 01e7 51       		.byte	0x51
 337 01e8 02       		.uleb128 0x2
 338 01e9 76       		.byte	0x76
 339 01ea 00       		.sleb128 0
 340 01eb 0F       		.uleb128 0xf
 341 01ec 01       		.uleb128 0x1
 342 01ed 52       		.byte	0x52
 343 01ee 02       		.uleb128 0x2
 344 01ef 77       		.byte	0x77
 345 01f0 00       		.sleb128 0
 346 01f1 00       		.byte	0
 347 01f2 10       		.uleb128 0x10
 348 01f3 1A000000 		.4byte	.LVL6
 349 01f7 78020000 		.4byte	0x278
 350 01fb 0F       		.uleb128 0xf
 351 01fc 01       		.uleb128 0x1
 352 01fd 50       		.byte	0x50
ARM GAS  C:\Users\Austina\AppData\Local\Temp\cc4AgRFe.s 			page 12


 353 01fe 02       		.uleb128 0x2
 354 01ff 74       		.byte	0x74
 355 0200 00       		.sleb128 0
 356 0201 0F       		.uleb128 0xf
 357 0202 01       		.uleb128 0x1
 358 0203 51       		.byte	0x51
 359 0204 02       		.uleb128 0x2
 360 0205 76       		.byte	0x76
 361 0206 00       		.sleb128 0
 362 0207 0F       		.uleb128 0xf
 363 0208 01       		.uleb128 0x1
 364 0209 52       		.byte	0x52
 365 020a 02       		.uleb128 0x2
 366 020b 77       		.byte	0x77
 367 020c 00       		.sleb128 0
 368 020d 00       		.byte	0
 369 020e 00       		.byte	0
 370 020f 11       		.uleb128 0x11
 371 0210 04       		.byte	0x4
 372 0211 15020000 		.4byte	0x215
 373 0215 12       		.uleb128 0x12
 374 0216 47010000 		.4byte	0x147
 375 021a 13       		.uleb128 0x13
 376 021b CA010000 		.4byte	.LASF37
 377 021f 01       		.byte	0x1
 378 0220 0B01     		.2byte	0x10b
 379 0222 00000000 		.4byte	.LFB1
 380 0226 02000000 		.4byte	.LFE1-.LFB1
 381 022a 01       		.uleb128 0x1
 382 022b 9C       		.byte	0x9c
 383 022c 5B020000 		.4byte	0x25b
 384 0230 14       		.uleb128 0x14
 385 0231 D0020000 		.4byte	.LASF30
 386 0235 01       		.byte	0x1
 387 0236 0B01     		.2byte	0x10b
 388 0238 5B020000 		.4byte	0x25b
 389 023c 01       		.uleb128 0x1
 390 023d 50       		.byte	0x50
 391 023e 14       		.uleb128 0x14
 392 023f 63020000 		.4byte	.LASF25
 393 0243 01       		.byte	0x1
 394 0244 0B01     		.2byte	0x10b
 395 0246 B8000000 		.4byte	0xb8
 396 024a 01       		.uleb128 0x1
 397 024b 51       		.byte	0x51
 398 024c 15       		.uleb128 0x15
 399 024d 706F7300 		.ascii	"pos\000"
 400 0251 01       		.byte	0x1
 401 0252 0B01     		.2byte	0x10b
 402 0254 66020000 		.4byte	0x266
 403 0258 01       		.uleb128 0x1
 404 0259 52       		.byte	0x52
 405 025a 00       		.byte	0
 406 025b 11       		.uleb128 0x11
 407 025c 04       		.byte	0x4
 408 025d 61020000 		.4byte	0x261
 409 0261 12       		.uleb128 0x12
ARM GAS  C:\Users\Austina\AppData\Local\Temp\cc4AgRFe.s 			page 13


 410 0262 1B010000 		.4byte	0x11b
 411 0266 11       		.uleb128 0x11
 412 0267 04       		.byte	0x4
 413 0268 A2000000 		.4byte	0xa2
 414 026c 16       		.uleb128 0x16
 415 026d E4020000 		.4byte	.LASF31
 416 0271 E4020000 		.4byte	.LASF31
 417 0275 04       		.byte	0x4
 418 0276 9002     		.2byte	0x290
 419 0278 16       		.uleb128 0x16
 420 0279 AE010000 		.4byte	.LASF32
 421 027d AE010000 		.4byte	.LASF32
 422 0281 04       		.byte	0x4
 423 0282 A502     		.2byte	0x2a5
 424 0284 00       		.byte	0
 425              		.section	.debug_abbrev,"",%progbits
 426              	.Ldebug_abbrev0:
 427 0000 01       		.uleb128 0x1
 428 0001 11       		.uleb128 0x11
 429 0002 01       		.byte	0x1
 430 0003 25       		.uleb128 0x25
 431 0004 0E       		.uleb128 0xe
 432 0005 13       		.uleb128 0x13
 433 0006 0B       		.uleb128 0xb
 434 0007 03       		.uleb128 0x3
 435 0008 0E       		.uleb128 0xe
 436 0009 1B       		.uleb128 0x1b
 437 000a 0E       		.uleb128 0xe
 438 000b 55       		.uleb128 0x55
 439 000c 17       		.uleb128 0x17
 440 000d 11       		.uleb128 0x11
 441 000e 01       		.uleb128 0x1
 442 000f 10       		.uleb128 0x10
 443 0010 17       		.uleb128 0x17
 444 0011 00       		.byte	0
 445 0012 00       		.byte	0
 446 0013 02       		.uleb128 0x2
 447 0014 24       		.uleb128 0x24
 448 0015 00       		.byte	0
 449 0016 0B       		.uleb128 0xb
 450 0017 0B       		.uleb128 0xb
 451 0018 3E       		.uleb128 0x3e
 452 0019 0B       		.uleb128 0xb
 453 001a 03       		.uleb128 0x3
 454 001b 0E       		.uleb128 0xe
 455 001c 00       		.byte	0
 456 001d 00       		.byte	0
 457 001e 03       		.uleb128 0x3
 458 001f 16       		.uleb128 0x16
 459 0020 00       		.byte	0
 460 0021 03       		.uleb128 0x3
 461 0022 0E       		.uleb128 0xe
 462 0023 3A       		.uleb128 0x3a
 463 0024 0B       		.uleb128 0xb
 464 0025 3B       		.uleb128 0x3b
 465 0026 0B       		.uleb128 0xb
 466 0027 49       		.uleb128 0x49
ARM GAS  C:\Users\Austina\AppData\Local\Temp\cc4AgRFe.s 			page 14


 467 0028 13       		.uleb128 0x13
 468 0029 00       		.byte	0
 469 002a 00       		.byte	0
 470 002b 04       		.uleb128 0x4
 471 002c 24       		.uleb128 0x24
 472 002d 00       		.byte	0
 473 002e 0B       		.uleb128 0xb
 474 002f 0B       		.uleb128 0xb
 475 0030 3E       		.uleb128 0x3e
 476 0031 0B       		.uleb128 0xb
 477 0032 03       		.uleb128 0x3
 478 0033 08       		.uleb128 0x8
 479 0034 00       		.byte	0
 480 0035 00       		.byte	0
 481 0036 05       		.uleb128 0x5
 482 0037 13       		.uleb128 0x13
 483 0038 01       		.byte	0x1
 484 0039 0B       		.uleb128 0xb
 485 003a 0B       		.uleb128 0xb
 486 003b 3A       		.uleb128 0x3a
 487 003c 0B       		.uleb128 0xb
 488 003d 3B       		.uleb128 0x3b
 489 003e 05       		.uleb128 0x5
 490 003f 01       		.uleb128 0x1
 491 0040 13       		.uleb128 0x13
 492 0041 00       		.byte	0
 493 0042 00       		.byte	0
 494 0043 06       		.uleb128 0x6
 495 0044 0D       		.uleb128 0xd
 496 0045 00       		.byte	0
 497 0046 03       		.uleb128 0x3
 498 0047 0E       		.uleb128 0xe
 499 0048 3A       		.uleb128 0x3a
 500 0049 0B       		.uleb128 0xb
 501 004a 3B       		.uleb128 0x3b
 502 004b 05       		.uleb128 0x5
 503 004c 49       		.uleb128 0x49
 504 004d 13       		.uleb128 0x13
 505 004e 38       		.uleb128 0x38
 506 004f 0B       		.uleb128 0xb
 507 0050 00       		.byte	0
 508 0051 00       		.byte	0
 509 0052 07       		.uleb128 0x7
 510 0053 16       		.uleb128 0x16
 511 0054 00       		.byte	0
 512 0055 03       		.uleb128 0x3
 513 0056 0E       		.uleb128 0xe
 514 0057 3A       		.uleb128 0x3a
 515 0058 0B       		.uleb128 0xb
 516 0059 3B       		.uleb128 0x3b
 517 005a 05       		.uleb128 0x5
 518 005b 49       		.uleb128 0x49
 519 005c 13       		.uleb128 0x13
 520 005d 00       		.byte	0
 521 005e 00       		.byte	0
 522 005f 08       		.uleb128 0x8
 523 0060 0D       		.uleb128 0xd
ARM GAS  C:\Users\Austina\AppData\Local\Temp\cc4AgRFe.s 			page 15


 524 0061 00       		.byte	0
 525 0062 03       		.uleb128 0x3
 526 0063 08       		.uleb128 0x8
 527 0064 3A       		.uleb128 0x3a
 528 0065 0B       		.uleb128 0xb
 529 0066 3B       		.uleb128 0x3b
 530 0067 05       		.uleb128 0x5
 531 0068 49       		.uleb128 0x49
 532 0069 13       		.uleb128 0x13
 533 006a 38       		.uleb128 0x38
 534 006b 0B       		.uleb128 0xb
 535 006c 00       		.byte	0
 536 006d 00       		.byte	0
 537 006e 09       		.uleb128 0x9
 538 006f 2E       		.uleb128 0x2e
 539 0070 01       		.byte	0x1
 540 0071 3F       		.uleb128 0x3f
 541 0072 19       		.uleb128 0x19
 542 0073 03       		.uleb128 0x3
 543 0074 0E       		.uleb128 0xe
 544 0075 3A       		.uleb128 0x3a
 545 0076 0B       		.uleb128 0xb
 546 0077 3B       		.uleb128 0x3b
 547 0078 0B       		.uleb128 0xb
 548 0079 27       		.uleb128 0x27
 549 007a 19       		.uleb128 0x19
 550 007b 49       		.uleb128 0x49
 551 007c 13       		.uleb128 0x13
 552 007d 11       		.uleb128 0x11
 553 007e 01       		.uleb128 0x1
 554 007f 12       		.uleb128 0x12
 555 0080 06       		.uleb128 0x6
 556 0081 40       		.uleb128 0x40
 557 0082 18       		.uleb128 0x18
 558 0083 9742     		.uleb128 0x2117
 559 0085 19       		.uleb128 0x19
 560 0086 01       		.uleb128 0x1
 561 0087 13       		.uleb128 0x13
 562 0088 00       		.byte	0
 563 0089 00       		.byte	0
 564 008a 0A       		.uleb128 0xa
 565 008b 05       		.uleb128 0x5
 566 008c 00       		.byte	0
 567 008d 03       		.uleb128 0x3
 568 008e 0E       		.uleb128 0xe
 569 008f 3A       		.uleb128 0x3a
 570 0090 0B       		.uleb128 0xb
 571 0091 3B       		.uleb128 0x3b
 572 0092 0B       		.uleb128 0xb
 573 0093 49       		.uleb128 0x49
 574 0094 13       		.uleb128 0x13
 575 0095 02       		.uleb128 0x2
 576 0096 17       		.uleb128 0x17
 577 0097 00       		.byte	0
 578 0098 00       		.byte	0
 579 0099 0B       		.uleb128 0xb
 580 009a 05       		.uleb128 0x5
ARM GAS  C:\Users\Austina\AppData\Local\Temp\cc4AgRFe.s 			page 16


 581 009b 00       		.byte	0
 582 009c 03       		.uleb128 0x3
 583 009d 08       		.uleb128 0x8
 584 009e 3A       		.uleb128 0x3a
 585 009f 0B       		.uleb128 0xb
 586 00a0 3B       		.uleb128 0x3b
 587 00a1 0B       		.uleb128 0xb
 588 00a2 49       		.uleb128 0x49
 589 00a3 13       		.uleb128 0x13
 590 00a4 02       		.uleb128 0x2
 591 00a5 17       		.uleb128 0x17
 592 00a6 00       		.byte	0
 593 00a7 00       		.byte	0
 594 00a8 0C       		.uleb128 0xc
 595 00a9 34       		.uleb128 0x34
 596 00aa 00       		.byte	0
 597 00ab 03       		.uleb128 0x3
 598 00ac 0E       		.uleb128 0xe
 599 00ad 3A       		.uleb128 0x3a
 600 00ae 0B       		.uleb128 0xb
 601 00af 3B       		.uleb128 0x3b
 602 00b0 0B       		.uleb128 0xb
 603 00b1 49       		.uleb128 0x49
 604 00b2 13       		.uleb128 0x13
 605 00b3 02       		.uleb128 0x2
 606 00b4 17       		.uleb128 0x17
 607 00b5 00       		.byte	0
 608 00b6 00       		.byte	0
 609 00b7 0D       		.uleb128 0xd
 610 00b8 34       		.uleb128 0x34
 611 00b9 00       		.byte	0
 612 00ba 03       		.uleb128 0x3
 613 00bb 0E       		.uleb128 0xe
 614 00bc 3A       		.uleb128 0x3a
 615 00bd 0B       		.uleb128 0xb
 616 00be 3B       		.uleb128 0x3b
 617 00bf 0B       		.uleb128 0xb
 618 00c0 49       		.uleb128 0x49
 619 00c1 13       		.uleb128 0x13
 620 00c2 1C       		.uleb128 0x1c
 621 00c3 0B       		.uleb128 0xb
 622 00c4 00       		.byte	0
 623 00c5 00       		.byte	0
 624 00c6 0E       		.uleb128 0xe
 625 00c7 898201   		.uleb128 0x4109
 626 00ca 01       		.byte	0x1
 627 00cb 11       		.uleb128 0x11
 628 00cc 01       		.uleb128 0x1
 629 00cd 31       		.uleb128 0x31
 630 00ce 13       		.uleb128 0x13
 631 00cf 01       		.uleb128 0x1
 632 00d0 13       		.uleb128 0x13
 633 00d1 00       		.byte	0
 634 00d2 00       		.byte	0
 635 00d3 0F       		.uleb128 0xf
 636 00d4 8A8201   		.uleb128 0x410a
 637 00d7 00       		.byte	0
ARM GAS  C:\Users\Austina\AppData\Local\Temp\cc4AgRFe.s 			page 17


 638 00d8 02       		.uleb128 0x2
 639 00d9 18       		.uleb128 0x18
 640 00da 9142     		.uleb128 0x2111
 641 00dc 18       		.uleb128 0x18
 642 00dd 00       		.byte	0
 643 00de 00       		.byte	0
 644 00df 10       		.uleb128 0x10
 645 00e0 898201   		.uleb128 0x4109
 646 00e3 01       		.byte	0x1
 647 00e4 11       		.uleb128 0x11
 648 00e5 01       		.uleb128 0x1
 649 00e6 31       		.uleb128 0x31
 650 00e7 13       		.uleb128 0x13
 651 00e8 00       		.byte	0
 652 00e9 00       		.byte	0
 653 00ea 11       		.uleb128 0x11
 654 00eb 0F       		.uleb128 0xf
 655 00ec 00       		.byte	0
 656 00ed 0B       		.uleb128 0xb
 657 00ee 0B       		.uleb128 0xb
 658 00ef 49       		.uleb128 0x49
 659 00f0 13       		.uleb128 0x13
 660 00f1 00       		.byte	0
 661 00f2 00       		.byte	0
 662 00f3 12       		.uleb128 0x12
 663 00f4 26       		.uleb128 0x26
 664 00f5 00       		.byte	0
 665 00f6 49       		.uleb128 0x49
 666 00f7 13       		.uleb128 0x13
 667 00f8 00       		.byte	0
 668 00f9 00       		.byte	0
 669 00fa 13       		.uleb128 0x13
 670 00fb 2E       		.uleb128 0x2e
 671 00fc 01       		.byte	0x1
 672 00fd 3F       		.uleb128 0x3f
 673 00fe 19       		.uleb128 0x19
 674 00ff 03       		.uleb128 0x3
 675 0100 0E       		.uleb128 0xe
 676 0101 3A       		.uleb128 0x3a
 677 0102 0B       		.uleb128 0xb
 678 0103 3B       		.uleb128 0x3b
 679 0104 05       		.uleb128 0x5
 680 0105 27       		.uleb128 0x27
 681 0106 19       		.uleb128 0x19
 682 0107 11       		.uleb128 0x11
 683 0108 01       		.uleb128 0x1
 684 0109 12       		.uleb128 0x12
 685 010a 06       		.uleb128 0x6
 686 010b 40       		.uleb128 0x40
 687 010c 18       		.uleb128 0x18
 688 010d 9742     		.uleb128 0x2117
 689 010f 19       		.uleb128 0x19
 690 0110 01       		.uleb128 0x1
 691 0111 13       		.uleb128 0x13
 692 0112 00       		.byte	0
 693 0113 00       		.byte	0
 694 0114 14       		.uleb128 0x14
ARM GAS  C:\Users\Austina\AppData\Local\Temp\cc4AgRFe.s 			page 18


 695 0115 05       		.uleb128 0x5
 696 0116 00       		.byte	0
 697 0117 03       		.uleb128 0x3
 698 0118 0E       		.uleb128 0xe
 699 0119 3A       		.uleb128 0x3a
 700 011a 0B       		.uleb128 0xb
 701 011b 3B       		.uleb128 0x3b
 702 011c 05       		.uleb128 0x5
 703 011d 49       		.uleb128 0x49
 704 011e 13       		.uleb128 0x13
 705 011f 02       		.uleb128 0x2
 706 0120 18       		.uleb128 0x18
 707 0121 00       		.byte	0
 708 0122 00       		.byte	0
 709 0123 15       		.uleb128 0x15
 710 0124 05       		.uleb128 0x5
 711 0125 00       		.byte	0
 712 0126 03       		.uleb128 0x3
 713 0127 08       		.uleb128 0x8
 714 0128 3A       		.uleb128 0x3a
 715 0129 0B       		.uleb128 0xb
 716 012a 3B       		.uleb128 0x3b
 717 012b 05       		.uleb128 0x5
 718 012c 49       		.uleb128 0x49
 719 012d 13       		.uleb128 0x13
 720 012e 02       		.uleb128 0x2
 721 012f 18       		.uleb128 0x18
 722 0130 00       		.byte	0
 723 0131 00       		.byte	0
 724 0132 16       		.uleb128 0x16
 725 0133 2E       		.uleb128 0x2e
 726 0134 00       		.byte	0
 727 0135 3F       		.uleb128 0x3f
 728 0136 19       		.uleb128 0x19
 729 0137 3C       		.uleb128 0x3c
 730 0138 19       		.uleb128 0x19
 731 0139 6E       		.uleb128 0x6e
 732 013a 0E       		.uleb128 0xe
 733 013b 03       		.uleb128 0x3
 734 013c 0E       		.uleb128 0xe
 735 013d 3A       		.uleb128 0x3a
 736 013e 0B       		.uleb128 0xb
 737 013f 3B       		.uleb128 0x3b
 738 0140 05       		.uleb128 0x5
 739 0141 00       		.byte	0
 740 0142 00       		.byte	0
 741 0143 00       		.byte	0
 742              		.section	.debug_loc,"",%progbits
 743              	.Ldebug_loc0:
 744              	.LLST0:
 745 0000 00000000 		.4byte	.LVL0
 746 0004 0A000000 		.4byte	.LVL2
 747 0008 0100     		.2byte	0x1
 748 000a 50       		.byte	0x50
 749 000b 0A000000 		.4byte	.LVL2
 750 000f 2C000000 		.4byte	.LFE0
 751 0013 0400     		.2byte	0x4
ARM GAS  C:\Users\Austina\AppData\Local\Temp\cc4AgRFe.s 			page 19


 752 0015 F3       		.byte	0xf3
 753 0016 01       		.uleb128 0x1
 754 0017 50       		.byte	0x50
 755 0018 9F       		.byte	0x9f
 756 0019 00000000 		.4byte	0
 757 001d 00000000 		.4byte	0
 758              	.LLST1:
 759 0021 00000000 		.4byte	.LVL0
 760 0025 0D000000 		.4byte	.LVL3-1
 761 0029 0100     		.2byte	0x1
 762 002b 51       		.byte	0x51
 763 002c 0D000000 		.4byte	.LVL3-1
 764 0030 2A000000 		.4byte	.LVL10
 765 0034 0100     		.2byte	0x1
 766 0036 56       		.byte	0x56
 767 0037 2A000000 		.4byte	.LVL10
 768 003b 2C000000 		.4byte	.LFE0
 769 003f 0400     		.2byte	0x4
 770 0041 F3       		.byte	0xf3
 771 0042 01       		.uleb128 0x1
 772 0043 51       		.byte	0x51
 773 0044 9F       		.byte	0x9f
 774 0045 00000000 		.4byte	0
 775 0049 00000000 		.4byte	0
 776              	.LLST2:
 777 004d 00000000 		.4byte	.LVL0
 778 0051 0D000000 		.4byte	.LVL3-1
 779 0055 0100     		.2byte	0x1
 780 0057 52       		.byte	0x52
 781 0058 0D000000 		.4byte	.LVL3-1
 782 005c 2A000000 		.4byte	.LVL11
 783 0060 0100     		.2byte	0x1
 784 0062 57       		.byte	0x57
 785 0063 2A000000 		.4byte	.LVL11
 786 0067 2C000000 		.4byte	.LFE0
 787 006b 0400     		.2byte	0x4
 788 006d F3       		.byte	0xf3
 789 006e 01       		.uleb128 0x1
 790 006f 52       		.byte	0x52
 791 0070 9F       		.byte	0x9f
 792 0071 00000000 		.4byte	0
 793 0075 00000000 		.4byte	0
 794              	.LLST3:
 795 0079 06000000 		.4byte	.LVL1
 796 007d 10000000 		.4byte	.LVL4
 797 0081 0200     		.2byte	0x2
 798 0083 30       		.byte	0x30
 799 0084 9F       		.byte	0x9f
 800 0085 10000000 		.4byte	.LVL4
 801 0089 16000000 		.4byte	.LVL5
 802 008d 0100     		.2byte	0x1
 803 008f 50       		.byte	0x50
 804 0090 16000000 		.4byte	.LVL5
 805 0094 2A000000 		.4byte	.LVL9
 806 0098 0100     		.2byte	0x1
 807 009a 55       		.byte	0x55
 808 009b 2A000000 		.4byte	.LVL9
ARM GAS  C:\Users\Austina\AppData\Local\Temp\cc4AgRFe.s 			page 20


 809 009f 2C000000 		.4byte	.LFE0
 810 00a3 0100     		.2byte	0x1
 811 00a5 50       		.byte	0x50
 812 00a6 00000000 		.4byte	0
 813 00aa 00000000 		.4byte	0
 814              	.LLST4:
 815 00ae 06000000 		.4byte	.LVL1
 816 00b2 10000000 		.4byte	.LVL4
 817 00b6 0200     		.2byte	0x2
 818 00b8 30       		.byte	0x30
 819 00b9 9F       		.byte	0x9f
 820 00ba 10000000 		.4byte	.LVL4
 821 00be 16000000 		.4byte	.LVL5
 822 00c2 0100     		.2byte	0x1
 823 00c4 50       		.byte	0x50
 824 00c5 16000000 		.4byte	.LVL5
 825 00c9 28000000 		.4byte	.LVL7
 826 00cd 0100     		.2byte	0x1
 827 00cf 55       		.byte	0x55
 828 00d0 00000000 		.4byte	0
 829 00d4 00000000 		.4byte	0
 830              	.LLST5:
 831 00d8 06000000 		.4byte	.LVL1
 832 00dc 1A000000 		.4byte	.LVL6
 833 00e0 0200     		.2byte	0x2
 834 00e2 30       		.byte	0x30
 835 00e3 9F       		.byte	0x9f
 836 00e4 1A000000 		.4byte	.LVL6
 837 00e8 2A000000 		.4byte	.LVL8
 838 00ec 0100     		.2byte	0x1
 839 00ee 50       		.byte	0x50
 840 00ef 00000000 		.4byte	0
 841 00f3 00000000 		.4byte	0
 842              		.section	.debug_aranges,"",%progbits
 843 0000 24000000 		.4byte	0x24
 844 0004 0200     		.2byte	0x2
 845 0006 00000000 		.4byte	.Ldebug_info0
 846 000a 04       		.byte	0x4
 847 000b 00       		.byte	0
 848 000c 0000     		.2byte	0
 849 000e 0000     		.2byte	0
 850 0010 00000000 		.4byte	.LFB0
 851 0014 2C000000 		.4byte	.LFE0-.LFB0
 852 0018 00000000 		.4byte	.LFB1
 853 001c 02000000 		.4byte	.LFE1-.LFB1
 854 0020 00000000 		.4byte	0
 855 0024 00000000 		.4byte	0
 856              		.section	.debug_ranges,"",%progbits
 857              	.Ldebug_ranges0:
 858 0000 00000000 		.4byte	.LFB0
 859 0004 2C000000 		.4byte	.LFE0
 860 0008 00000000 		.4byte	.LFB1
 861 000c 02000000 		.4byte	.LFE1
 862 0010 00000000 		.4byte	0
 863 0014 00000000 		.4byte	0
 864              		.section	.debug_line,"",%progbits
 865              	.Ldebug_line0:
ARM GAS  C:\Users\Austina\AppData\Local\Temp\cc4AgRFe.s 			page 21


 866 0000 87010000 		.section	.debug_str,"MS",%progbits,1
 866      02004B01 
 866      00000201 
 866      FB0E0D00 
 866      01010101 
 867              	.LASF4:
 868 0000 73686F72 		.ascii	"short int\000"
 868      7420696E 
 868      7400
 869              	.LASF29:
 870 000a 64744765 		.ascii	"dtGesture\000"
 870      73747572 
 870      6500
 871              	.LASF33:
 872 0014 474E5520 		.ascii	"GNU C11 5.4.1 20160609 (release) [ARM/embedded-5-br"
 872      43313120 
 872      352E342E 
 872      31203230 
 872      31363036 
 873 0047 616E6368 		.ascii	"anch revision 237715] -mcpu=cortex-m0plus -mthumb -"
 873      20726576 
 873      6973696F 
 873      6E203233 
 873      37373135 
 874 007a 67202D4F 		.ascii	"g -Og -ffunction-sections -ffat-lto-objects\000"
 874      67202D66 
 874      66756E63 
 874      74696F6E 
 874      2D736563 
 875              	.LASF20:
 876 00a6 64697669 		.ascii	"divisorValue\000"
 876      736F7256 
 876      616C7565 
 876      00
 877              	.LASF8:
 878 00b3 5F5F7569 		.ascii	"__uint32_t\000"
 878      6E743332 
 878      5F7400
 879              	.LASF5:
 880 00be 5F5F7569 		.ascii	"__uint16_t\000"
 880      6E743136 
 880      5F7400
 881              	.LASF13:
 882 00c9 75696E74 		.ascii	"uint8_t\000"
 882      385F7400 
 883              	.LASF34:
 884 00d1 47656E65 		.ascii	"Generated_Source\\PSoC6\\CapSense_TMG.c\000"
 884      72617465 
 884      645F536F 
 884      75726365 
 884      5C50536F 
 885              	.LASF10:
 886 00f7 6C6F6E67 		.ascii	"long long int\000"
 886      206C6F6E 
 886      6720696E 
 886      7400
 887              	.LASF7:
ARM GAS  C:\Users\Austina\AppData\Local\Temp\cc4AgRFe.s 			page 22


 888 0105 6C6F6E67 		.ascii	"long int\000"
 888      20696E74 
 888      00
 889              	.LASF36:
 890 010e 43617053 		.ascii	"CapSense_TMG_DecodeAllGestures\000"
 890      656E7365 
 890      5F544D47 
 890      5F446563 
 890      6F646541 
 891              	.LASF2:
 892 012d 5F5F7569 		.ascii	"__uint8_t\000"
 892      6E74385F 
 892      7400
 893              	.LASF23:
 894 0137 43617053 		.ascii	"CapSense_TMG_BALLISTIC_MULT\000"
 894      656E7365 
 894      5F544D47 
 894      5F42414C 
 894      4C495354 
 895              	.LASF1:
 896 0153 756E7369 		.ascii	"unsigned char\000"
 896      676E6564 
 896      20636861 
 896      7200
 897              	.LASF0:
 898 0161 7369676E 		.ascii	"signed char\000"
 898      65642063 
 898      68617200 
 899              	.LASF11:
 900 016d 6C6F6E67 		.ascii	"long long unsigned int\000"
 900      206C6F6E 
 900      6720756E 
 900      7369676E 
 900      65642069 
 901              	.LASF16:
 902 0184 75696E74 		.ascii	"uint32_t\000"
 902      33325F74 
 902      00
 903              	.LASF18:
 904 018d 61636365 		.ascii	"accelCoeff\000"
 904      6C436F65 
 904      666600
 905              	.LASF12:
 906 0198 756E7369 		.ascii	"unsigned int\000"
 906      676E6564 
 906      20696E74 
 906      00
 907              	.LASF15:
 908 01a5 75696E74 		.ascii	"uint16_t\000"
 908      31365F74 
 908      00
 909              	.LASF32:
 910 01ae 47657374 		.ascii	"Gesture_DecodeFlickGestures\000"
 910      7572655F 
 910      4465636F 
 910      6465466C 
 910      69636B47 
ARM GAS  C:\Users\Austina\AppData\Local\Temp\cc4AgRFe.s 			page 23


 911              	.LASF37:
 912 01ca 43617053 		.ascii	"CapSense_TMG_BallisticsMultiplier\000"
 912      656E7365 
 912      5F544D47 
 912      5F42616C 
 912      6C697374 
 913              	.LASF6:
 914 01ec 73686F72 		.ascii	"short unsigned int\000"
 914      7420756E 
 914      7369676E 
 914      65642069 
 914      6E7400
 915              	.LASF28:
 916 01ff 73744765 		.ascii	"stGesture\000"
 916      73747572 
 916      6500
 917              	.LASF14:
 918 0209 696E7431 		.ascii	"int16_t\000"
 918      365F7400 
 919              	.LASF24:
 920 0211 43617053 		.ascii	"CapSense_TMG_POSITION_STRUCT\000"
 920      656E7365 
 920      5F544D47 
 920      5F504F53 
 920      4954494F 
 921              	.LASF9:
 922 022e 6C6F6E67 		.ascii	"long unsigned int\000"
 922      20756E73 
 922      69676E65 
 922      6420696E 
 922      7400
 923              	.LASF27:
 924 0240 636C6963 		.ascii	"clickGesture\000"
 924      6B476573 
 924      74757265 
 924      00
 925              	.LASF26:
 926 024d 67657374 		.ascii	"gestureID\000"
 926      75726549 
 926      4400
 927              	.LASF17:
 928 0257 746F7563 		.ascii	"touchNumber\000"
 928      684E756D 
 928      62657200 
 929              	.LASF25:
 930 0263 63757272 		.ascii	"currentTimestamp\000"
 930      656E7454 
 930      696D6573 
 930      74616D70 
 930      00
 931              	.LASF3:
 932 0274 5F5F696E 		.ascii	"__int16_t\000"
 932      7431365F 
 932      7400
 933              	.LASF35:
 934 027e 433A5C41 		.ascii	"C:\\Alen\\GitHub_Denzerek\\PSoC-6-BLE-ARM\\MainProj"
 934      6C656E5C 
ARM GAS  C:\Users\Austina\AppData\Local\Temp\cc4AgRFe.s 			page 24


 934      47697448 
 934      75625F44 
 934      656E7A65 
 935 02ad 6563745C 		.ascii	"ect\\BT_Peripheral_Controller.cydsn\000"
 935      42545F50 
 935      65726970 
 935      68657261 
 935      6C5F436F 
 936              	.LASF30:
 937 02d0 62616C6C 		.ascii	"ballisticMultiplier\000"
 937      69737469 
 937      634D756C 
 937      7469706C 
 937      69657200 
 938              	.LASF31:
 939 02e4 47657374 		.ascii	"Gesture_DecodeAllClickGestures\000"
 939      7572655F 
 939      4465636F 
 939      6465416C 
 939      6C436C69 
 940              	.LASF19:
 941 0303 73706565 		.ascii	"speedCoeff\000"
 941      64436F65 
 941      666600
 942              	.LASF21:
 943 030e 73706565 		.ascii	"speedThresholdX\000"
 943      64546872 
 943      6573686F 
 943      6C645800 
 944              	.LASF22:
 945 031e 73706565 		.ascii	"speedThresholdY\000"
 945      64546872 
 945      6573686F 
 945      6C645900 
 946              		.ident	"GCC: (GNU Tools for ARM Embedded Processors) 5.4.1 20160609 (release) [ARM/embedded-5-bran
